09-29 00:17:00.332      193-193/? E/Sensors﹕ sns_acm_mr.c(625):Error allocating response message
09-29 00:17:00.332      193-193/? E/Sensors﹕ sns_main.c(1257):Error writing request. sns_err 2 error 0 qmi_err 0
09-29 00:17:00.332    749-20778/? E/qcom_sensors_hal﹕ hal_process_sam_sensor_thresh_resp: Msg 0; Result: 1, Error: 2
09-29 00:17:00.332    749-20778/? E/qcom_sensors_hal﹕ hal_process_sam_sensor_thresh_resp: Msg 2; Result: 1, Error: 2
09-29 00:17:00.332      749-762/? E/qcom_sensors_hal﹕ hal_sam_thresh_activate: Unable to enable thresh
09-29 00:17:00.332      749-762/? E/qcom_sensors_hal﹕ hal_acquire_resources: Failed for handle 31 @ samp 20 Hz rpt 0 Hz WuFF 0 batched 0
09-29 00:17:00.342      193-193/? E/Sensors﹕ sns_acm_mr.c(625):Error allocating response message
09-29 00:17:00.342      193-193/? E/Sensors﹕ sns_main.c(1257):Error writing request. sns_err 2 error 0 qmi_err 0
09-29 00:17:00.342      749-780/? E/sensor_reg﹕ sensor_reg_process_resp: Error in RESP; result: 2
09-29 00:17:00.342      749-762/? E/sensor_reg﹕ sensor_reg_read: error processing message
09-29 00:17:00.342      749-762/? E/qcom_sensors_hal﹕ hal_get_raw_data_mode: Error in sensor_reg_read(): -3
09-29 00:17:00.342      193-193/? E/Sensors﹕ sns_acm_mr.c(625):Error allocating response message
09-29 00:17:00.342      193-193/? E/Sensors﹕ sns_main.c(1257):Error writing request. sns_err 2 error 0 qmi_err 0
09-29 00:17:00.342    749-20778/? E/qcom_sensors_hal﹕ hal_process_buffering_resp: Result: 1, Error: 2
09-29 00:17:00.342      749-762/? E/qcom_sensors_hal﹕ hal_acquire_resources: Failed for handle 0 @ samp 200 Hz rpt 0 Hz WuFF 0 batched 0
09-29 00:17:00.342      193-193/? E/Sensors﹕ sns_acm_mr.c(625):Error allocating response message
09-29 00:17:00.342      193-193/? E/Sensors﹕ sns_main.c(1257):Error writing request. sns_err 2 error 0 qmi_err 0
09-29 00:17:00.342      749-780/? E/sensor_reg﹕ sensor_reg_process_resp: Error in RESP; result: 2
09-29 00:17:00.342      749-762/? E/sensor_reg﹕ sensor_reg_read: error processing message
09-29 00:17:00.342      749-762/? E/qcom_sensors_hal﹕ hal_get_raw_data_mode: Error in sensor_reg_read(): -3
09-29 00:17:00.352      193-193/? E/Sensors﹕ sns_acm_mr.c(625):Error allocating response message
09-29 00:17:00.352      193-193/? E/Sensors﹕ sns_main.c(1257):Error writing request. sns_err 2 error 0 qmi_err 0
09-29 00:17:00.352    749-20778/? E/qcom_sensors_hal﹕ hal_process_buffering_resp: Result: 1, Error: 2
09-29 00:17:00.352      749-762/? E/qcom_sensors_hal﹕ hal_acquire_resources: Failed for handle 2 @ samp 200 Hz rpt 0 Hz WuFF 0 batched 0
09-29 00:17:00.352      193-193/? E/Sensors﹕ sns_acm_mr.c(625):Error allocating response message
09-29 00:17:00.352      193-193/? E/Sensors﹕ sns_main.c(1257):Error writing request. sns_err 2 error 0 qmi_err 0
09-29 00:17:00.352      749-780/? E/sensor_reg﹕ sensor_reg_process_resp: Error in RESP; result: 2
09-29 00:17:00.352      749-762/? E/sensor_reg﹕ sensor_reg_read: error processing message
09-29 00:17:00.352      749-762/? E/qcom_sensors_hal﹕ hal_get_raw_data_mode: Error in sensor_reg_read(): -3
09-29 00:17:00.352      193-193/? E/Sensors﹕ sns_acm_mr.c(625):Error allocating response message
09-29 00:17:00.352      193-193/? E/Sensors﹕ sns_main.c(1257):Error writing request. sns_err 2 error 0 qmi_err 0
09-29 00:17:00.352    749-20778/? E/qcom_sensors_hal﹕ hal_process_buffering_resp: Result: 1, Error: 2
09-29 00:17:00.352      749-762/? E/qcom_sensors_hal﹕ hal_acquire_resources: Failed for handle 3 @ samp 30 Hz rpt 0 Hz WuFF 0 batched 0
09-29 00:17:00.352      193-193/? E/Sensors﹕ sns_acm_mr.c(625):Error allocating response message
09-29 00:17:00.352      193-193/? E/Sensors﹕ sns_main.c(1257):Error writing request. sns_err 2 error 0 qmi_err 0
09-29 00:17:00.352      749-780/? E/sensor_reg﹕ sensor_reg_process_resp: Error in RESP; result: 2
09-29 00:17:00.352      749-762/? E/sensor_reg﹕ sensor_reg_read: error processing message
09-29 00:17:00.352      749-762/? E/qcom_sensors_hal﹕ hal_get_raw_data_mode: Error in sensor_reg_read(): -3
09-29 00:17:00.352      193-193/? E/Sensors﹕ sns_acm_mr.c(625):Error allocating response message
09-29 00:17:00.352      193-193/? E/Sensors﹕ sns_main.c(1257):Error writing request. sns_err 2 error 0 qmi_err 0
09-29 00:17:00.352    749-20778/? E/qcom_sensors_hal﹕ hal_process_buffering_resp: Result: 1, Error: 2
09-29 00:17:00.352      749-762/? E/qcom_sensors_hal﹕ hal_acquire_resources: Failed for handle 10 @ samp 60 Hz rpt 0 Hz WuFF 0 batched 0
09-29 00:17:00.352      193-193/? E/Sensors﹕ sns_acm_mr.c(625):Error allocating response message
09-29 00:17:00.352      193-193/? E/Sensors﹕ sns_main.c(1257):Error writing request. sns_err 2 error 0 qmi_err 0
09-29 00:17:00.352      193-193/? E/Sensors﹕ sns_acm_mr.c(625):Error allocating response message
09-29 00:17:00.352      193-193/? E/Sensors﹕ sns_main.c(1257):Error writing request. sns_err 2 error 0 qmi_err 0
09-29 00:17:00.352    749-20778/? E/qcom_sensors_hal﹕ hal_process_sam_gravity_resp: Msg 0; Result: 1, Error: 2
09-29 00:17:00.352    749-20778/? E/qcom_sensors_hal﹕ hal_process_sam_gravity_resp: Msg 2; Result: 1, Error: 2
09-29 00:17:00.352      749-762/? E/qcom_sensors_hal﹕ hal_sam_grav_activate: Unable to enable gravity vector
09-29 00:17:00.352      749-762/? E/qcom_sensors_hal﹕ hal_acquire_resources: Failed for handle 12 @ samp 200 Hz rpt 0 Hz WuFF 0 batched 0
09-29 00:17:00.352      193-193/? E/Sensors﹕ sns_acm_mr.c(625):Error allocating response message
09-29 00:17:00.352      193-193/? E/Sensors﹕ sns_main.c(1257):Error writing request. sns_err 2 error 0 qmi_err 0
09-29 00:17:00.352      193-193/? E/Sensors﹕ sns_acm_mr.c(625):Error allocating response message
09-29 00:17:00.352      193-193/? E/Sensors﹕ sns_main.c(1257):Error writing request. sns_err 2 error 0 qmi_err 0
09-29 00:17:00.352    749-20778/? E/qcom_sensors_hal﹕ hal_process_sam_gravity_resp: Msg 0; Result: 1, Error: 2
09-29 00:17:00.352    749-20778/? E/qcom_sensors_hal﹕ hal_process_sam_gravity_resp: Msg 2; Result: 1, Error: 2
09-29 00:17:00.352      749-762/? E/qcom_sensors_hal﹕ hal_sam_grav_activate: Unable to enable gravity vector
09-29 00:17:00.352      749-762/? E/qcom_sensors_hal﹕ hal_acquire_resources: Failed for handle 13 @ samp 200 Hz rpt 0 Hz WuFF 0 batched 0
09-29 00:17:00.352      193-193/? E/Sensors﹕ sns_acm_mr.c(625):Error allocating response message
09-29 00:17:00.352      193-193/? E/Sensors﹕ sns_main.c(1257):Error writing request. sns_err 2 error 0 qmi_err 0
09-29 00:17:00.352      193-193/? E/Sensors﹕ sns_acm_mr.c(625):Error allocating response message
09-29 00:17:00.352      193-193/? E/Sensors﹕ sns_main.c(1257):Error writing request. sns_err 2 error 0 qmi_err 0
09-29 00:17:00.352    749-20778/? E/qcom_sensors_hal﹕ hal_process_sam_rotation_vector_resp: Msg 0; Result: 1, Error: 2
09-29 00:17:00.352    749-20778/? E/qcom_sensors_hal﹕ hal_process_sam_rotation_vector_resp: Msg 2; Result: 1, Error: 2
09-29 00:17:00.352      749-762/? E/qcom_sensors_hal﹕ hal_sam_rotv_activate: Unable to enable rotv
09-29 00:17:00.352      749-762/? E/qcom_sensors_hal﹕ hal_acquire_resources: Failed for handle 19 @ samp 200 Hz rpt 0 Hz WuFF 0 batched 0
09-29 00:17:00.352      193-193/? E/Sensors﹕ sns_acm_mr.c(625):Error allocating response message
09-29 00:17:00.352      193-193/? E/Sensors﹕ sns_main.c(1257):Error writing request. sns_err 2 error 0 qmi_err 0
09-29 00:17:00.352      193-193/? E/Sensors﹕ sns_acm_mr.c(625):Error allocating response message
09-29 00:17:00.352      193-193/? E/Sensors﹕ sns_main.c(1257):Error writing request. sns_err 2 error 0 qmi_err 0
09-29 00:17:00.352    749-20778/? E/qcom_sensors_hal﹕ hal_process_sam_ped_resp: Msg 0; Result: 1, Error: 2
09-29 00:17:00.352    749-20778/? E/qcom_sensors_hal﹕ hal_process_sam_ped_resp: Msg 2; Result: 1, Error: 2
09-29 00:17:00.352      749-762/? E/qcom_sensors_hal﹕ hal_sam_ped_activate: Unable to enable ped
09-29 00:17:00.352      749-762/? E/qcom_sensors_hal﹕ hal_acquire_resources: Failed for handle 27 @ samp 1 Hz rpt 0 Hz WuFF 0 batched 0
09-29 00:17:00.352      193-193/? E/Sensors﹕ sns_acm_mr.c(625):Error allocating response message
09-29 00:17:00.352      193-193/? E/Sensors﹕ sns_main.c(1257):Error writing request. sns_err 2 error 0 qmi_err 0
09-29 00:17:00.352      193-193/? E/Sensors﹕ sns_acm_mr.c(625):Error allocating response message
09-29 00:17:00.352      193-193/? E/Sensors﹕ sns_main.c(1257):Error writing request. sns_err 2 error 0 qmi_err 0
09-29 00:17:00.352    749-20778/? E/qcom_sensors_hal﹕ hal_process_sam_sensor_thresh_resp: Msg 0; Result: 1, Error: 2
09-29 00:17:00.352    749-20778/? E/qcom_sensors_hal﹕ hal_process_sam_sensor_thresh_resp: Msg 2; Result: 1, Error: 2
09-29 00:17:00.352      749-762/? E/qcom_sensors_hal﹕ hal_sam_thresh_activate: Unable to enable thresh
09-29 00:17:00.352      749-762/? E/qcom_sensors_hal﹕ hal_acquire_resources: Failed for handle 31 @ samp 20 Hz rpt 0 Hz WuFF 0 batched 0
09-29 00:17:00.362      193-193/? E/Sensors﹕ sns_acm_mr.c(625):Error allocating response message
09-29 00:17:00.362      193-193/? E/Sensors﹕ sns_main.c(1257):Error writing request. sns_err 2 error 0 qmi_err 0
09-29 00:17:00.362      749-780/? E/sensor_reg﹕ sensor_reg_process_resp: Error in RESP; result: 2
09-29 00:17:00.362      749-762/? E/sensor_reg﹕ sensor_reg_read: error processing message
09-29 00:17:00.362      749-762/? E/qcom_sensors_hal﹕ hal_get_raw_data_mode: Error in sensor_reg_read(): -3
09-29 00:17:00.362      193-193/? E/Sensors﹕ sns_acm_mr.c(625):Error allocating response message
09-29 00:17:00.362      193-193/? E/Sensors﹕ sns_main.c(1257):Error writing request. sns_err 2 error 0 qmi_err 0
09-29 00:17:00.362    749-20778/? E/qcom_sensors_hal﹕ hal_process_buffering_resp: Result: 1, Error: 2
09-29 00:17:00.362      749-762/? E/qcom_sensors_hal﹕ hal_acquire_resources: Failed for handle 0 @ samp 200 Hz rpt 0 Hz WuFF 0 batched 0
09-29 00:17:00.362      193-193/? E/Sensors﹕ sns_acm_mr.c(625):Error allocating response message
09-29 00:17:00.362      193-193/? E/Sensors﹕ sns_main.c(1257):Error writing request. sns_err 2 error 0 qmi_err 0
09-29 00:17:00.362      749-780/? E/sensor_reg﹕ sensor_reg_process_resp: Error in RESP; result: 2
09-29 00:17:00.362      749-762/? E/sensor_reg﹕ sensor_reg_read: error processing message
09-29 00:17:00.362      749-762/? E/qcom_sensors_hal﹕ hal_get_raw_data_mode: Error in sensor_reg_read(): -3
09-29 00:17:00.362      193-193/? E/Sensors﹕ sns_acm_mr.c(625):Error allocating response message
09-29 00:17:00.362      193-193/? E/Sensors﹕ sns_main.c(1257):Error writing request. sns_err 2 error 0 qmi_err 0
09-29 00:17:00.362    749-20778/? E/qcom_sensors_hal﹕ hal_process_buffering_resp: Result: 1, Error: 2
09-29 00:17:00.362      749-762/? E/qcom_sensors_hal﹕ hal_acquire_resources: Failed for handle 2 @ samp 200 Hz rpt 0 Hz WuFF 0 batched 0
09-29 00:17:00.362      193-193/? E/Sensors﹕ sns_acm_mr.c(625):Error allocating response message
09-29 00:17:00.362      193-193/? E/Sensors﹕ sns_main.c(1257):Error writing request. sns_err 2 error 0 qmi_err 0
09-29 00:17:00.362      749-780/? E/sensor_reg﹕ sensor_reg_process_resp: Error in RESP; result: 2
09-29 00:17:00.362      749-762/? E/sensor_reg﹕ sensor_reg_read: error processing message
09-29 00:17:00.362      749-762/? E/qcom_sensors_hal﹕ hal_get_raw_data_mode: Error in sensor_reg_read(): -3
09-29 00:17:00.362      193-193/? E/Sensors﹕ sns_acm_mr.c(625):Error allocating response message
09-29 00:17:00.362      193-193/? E/Sensors﹕ sns_main.c(1257):Error writing request. sns_err 2 error 0 qmi_err 0
09-29 00:17:00.362    749-20778/? E/qcom_sensors_hal﹕ hal_process_buffering_resp: Result: 1, Error: 2
09-29 00:17:00.362      749-762/? E/qcom_sensors_hal﹕ hal_acquire_resources: Failed for handle 3 @ samp 30 Hz rpt 0 Hz WuFF 0 batched 0
09-29 00:17:00.362      193-193/? E/Sensors﹕ sns_acm_mr.c(625):Error allocating response message
09-29 00:17:00.362      193-193/? E/Sensors﹕ sns_main.c(1257):Error writing request. sns_err 2 error 0 qmi_err 0
09-29 00:17:00.362      749-780/? E/sensor_reg﹕ sensor_reg_process_resp: Error in RESP; result: 2
09-29 00:17:00.362      749-762/? E/sensor_reg﹕ sensor_reg_read: error processing message
09-29 00:17:00.362      749-762/? E/qcom_sensors_hal﹕ hal_get_raw_data_mode: Error in sensor_reg_read(): -3
09-29 00:17:00.362      193-193/? E/Sensors﹕ sns_acm_mr.c(625):Error allocating response message
09-29 00:17:00.362      193-193/? E/Sensors﹕ sns_main.c(1257):Error writing request. sns_err 2 error 0 qmi_err 0
09-29 00:17:00.362    749-20778/? E/qcom_sensors_hal﹕ hal_process_buffering_resp: Result: 1, Error: 2
09-29 00:17:00.362      749-762/? E/qcom_sensors_hal﹕ hal_acquire_resources: Failed for handle 10 @ samp 60 Hz rpt 0 Hz WuFF 0 batched 0
09-29 00:17:00.362      193-193/? E/Sensors﹕ sns_acm_mr.c(625):Error allocating response message
09-29 00:17:00.362      193-193/? E/Sensors﹕ sns_main.c(1257):Error writing request. sns_err 2 error 0 qmi_err 0
09-29 00:17:00.362      193-193/? E/Sensors﹕ sns_acm_mr.c(625):Error allocating response message
09-29 00:17:00.362      193-193/? E/Sensors﹕ sns_main.c(1257):Error writing request. sns_err 2 error 0 qmi_err 0
09-29 00:17:00.362    749-20778/? E/qcom_sensors_hal﹕ hal_process_sam_gravity_resp: Msg 0; Result: 1, Error: 2
09-29 00:17:00.362    749-20778/? E/qcom_sensors_hal﹕ hal_process_sam_gravity_resp: Msg 2; Result: 1, Error: 2
09-29 00:17:00.362      749-762/? E/qcom_sensors_hal﹕ hal_sam_grav_activate: Unable to enable gravity vector
09-29 00:17:00.362      749-762/? E/qcom_sensors_hal﹕ hal_acquire_resources: Failed for handle 12 @ samp 200 Hz rpt 0 Hz WuFF 0 batched 0
09-29 00:17:00.362      193-193/? E/Sensors﹕ sns_acm_mr.c(625):Error allocating response message
09-29 00:17:00.362      193-193/? E/Sensors﹕ sns_main.c(1257):Error writing request. sns_err 2 error 0 qmi_err 0
09-29 00:17:00.362      193-193/? E/Sensors﹕ sns_acm_mr.c(625):Error allocating response message
09-29 00:17:00.362      193-193/? E/Sensors﹕ sns_main.c(1257):Error writing request. sns_err 2 error 0 qmi_err 0
09-29 00:17:00.362    749-20778/? E/qcom_sensors_hal﹕ hal_process_sam_gravity_resp: Msg 0; Result: 1, Error: 2
09-29 00:17:00.362    749-20778/? E/qcom_sensors_hal﹕ hal_process_sam_gravity_resp: Msg 2; Result: 1, Error: 2
09-29 00:17:00.362      749-762/? E/qcom_sensors_hal﹕ hal_sam_grav_activate: Unable to enable gravity vector
09-29 00:17:00.362      749-762/? E/qcom_sensors_hal﹕ hal_acquire_resources: Failed for handle 13 @ samp 200 Hz rpt 0 Hz WuFF 0 batched 0
09-29 00:17:00.362      193-193/? E/Sensors﹕ sns_acm_mr.c(625):Error allocating response message
09-29 00:17:00.362      193-193/? E/Sensors﹕ sns_main.c(1257):Error writing request. sns_err 2 error 0 qmi_err 0
09-29 00:17:00.362      193-193/? E/Sensors﹕ sns_acm_mr.c(625):Error allocating response message
09-29 00:17:00.362      193-193/? E/Sensors﹕ sns_main.c(1257):Error writing request. sns_err 2 error 0 qmi_err 0
09-29 00:17:00.362    749-20778/? E/qcom_sensors_hal﹕ hal_process_sam_rotation_vector_resp: Msg 0; Result: 1, Error: 2
09-29 00:17:00.362    749-20778/? E/qcom_sensors_hal﹕ hal_process_sam_rotation_vector_resp: Msg 2; Result: 1, Error: 2
09-29 00:17:00.362      749-762/? E/qcom_sensors_hal﹕ hal_sam_rotv_activate: Unable to enable rotv
09-29 00:17:00.362      749-762/? E/qcom_sensors_hal﹕ hal_acquire_resources: Failed for handle 19 @ samp 200 Hz rpt 0 Hz WuFF 0 batched 0
09-29 00:17:00.362      193-193/? E/Sensors﹕ sns_acm_mr.c(625):Error allocating response message
09-29 00:17:00.362      193-193/? E/Sensors﹕ sns_main.c(1257):Error writing request. sns_err 2 error 0 qmi_err 0
09-29 00:17:00.362      193-193/? E/Sensors﹕ sns_acm_mr.c(625):Error allocating response message
09-29 00:17:00.362      193-193/? E/Sensors﹕ sns_main.c(1257):Error writing request. sns_err 2 error 0 qmi_err 0
09-29 00:17:00.362    749-20778/? E/qcom_sensors_hal﹕ hal_process_sam_ped_resp: Msg 0; Result: 1, Error: 2
09-29 00:17:00.362    749-20778/? E/qcom_sensors_hal﹕ hal_process_sam_ped_resp: Msg 2; Result: 1, Error: 2
09-29 00:17:00.362      749-762/? E/qcom_sensors_hal﹕ hal_sam_ped_activate: Unable to enable ped
09-29 00:17:00.362      749-762/? E/qcom_sensors_hal﹕ hal_acquire_resources: Failed for handle 27 @ samp 1 Hz rpt 0 Hz WuFF 0 batched 0
09-29 00:17:00.362      193-193/? E/Sensors﹕ sns_acm_mr.c(625):Error allocating response message
09-29 00:17:00.362      193-193/? E/Sensors﹕ sns_main.c(1257):Error writing request. sns_err 2 error 0 qmi_err 0
09-29 00:17:00.362      193-193/? E/Sensors﹕ sns_acm_mr.c(625):Error allocating response message
09-29 00:17:00.362      193-193/? E/Sensors﹕ sns_main.c(1257):Error writing request. sns_err 2 error 0 qmi_err 0
09-29 00:17:00.362    749-20778/? E/qcom_sensors_hal﹕ hal_process_sam_sensor_thresh_resp: Msg 0; Result: 1, Error: 2
09-29 00:17:00.362    749-20778/? E/qcom_sensors_hal﹕ hal_process_sam_sensor_thresh_resp: Msg 2; Result: 1, Error: 2
09-29 00:17:00.362      749-762/? E/qcom_sensors_hal﹕ hal_sam_thresh_activate: Unable to enable thresh
09-29 00:17:00.362      749-762/? E/qcom_sensors_hal﹕ hal_acquire_resources: Failed for handle 31 @ samp 20 Hz rpt 0 Hz WuFF 0 batched 0
09-29 00:17:00.372      193-193/? E/Sensors﹕ sns_acm_mr.c(625):Error allocating response message
09-29 00:17:00.372      193-193/? E/Sensors﹕ sns_main.c(1257):Error writing request. sns_err 2 error 0 qmi_err 0
09-29 00:17:00.372      749-780/? E/sensor_reg﹕ sensor_reg_process_resp: Error in RESP; result: 2
09-29 00:17:00.372      749-762/? E/sensor_reg﹕ sensor_reg_read: error processing message
09-29 00:17:00.372      749-762/? E/qcom_sensors_hal﹕ hal_get_raw_data_mode: Error in sensor_reg_read(): -3
09-29 00:17:00.372      193-193/? E/Sensors﹕ sns_acm_mr.c(625):Error allocating response message
09-29 00:17:00.372      193-193/? E/Sensors﹕ sns_main.c(1257):Error writing request. sns_err 2 error 0 qmi_err 0
09-29 00:17:00.372    749-20778/? E/qcom_sensors_hal﹕ hal_process_buffering_resp: Result: 1, Error: 2
09-29 00:17:00.372      749-762/? E/qcom_sensors_hal﹕ hal_acquire_resources: Failed for handle 0 @ samp 200 Hz rpt 0 Hz WuFF 0 batched 0
09-29 00:17:00.372      193-193/? E/Sensors﹕ sns_acm_mr.c(625):Error allocating response message
09-29 00:17:00.372      193-193/? E/Sensors﹕ sns_main.c(1257):Error writing request. sns_err 2 error 0 qmi_err 0
09-29 00:17:00.372      749-780/? E/sensor_reg﹕ sensor_reg_process_resp: Error in RESP; result: 2
09-29 00:17:00.372      749-762/? E/sensor_reg﹕ sensor_reg_read: error processing message
09-29 00:17:00.372      749-762/? E/qcom_sensors_hal﹕ hal_get_raw_data_mode: Error in sensor_reg_read(): -3
09-29 00:17:00.372      193-193/? E/Sensors﹕ sns_acm_mr.c(625):Error allocating response message
09-29 00:17:00.372      193-193/? E/Sensors﹕ sns_main.c(1257):Error writing request. sns_err 2 error 0 qmi_err 0
09-29 00:17:00.372    749-20778/? E/qcom_sensors_hal﹕ hal_process_buffering_resp: Result: 1, Error: 2
09-29 00:17:00.372      749-762/? E/qcom_sensors_hal﹕ hal_acquire_resources: Failed for handle 2 @ samp 200 Hz rpt 0 Hz WuFF 0 batched 0
09-29 00:17:00.372      193-193/? E/Sensors﹕ sns_acm_mr.c(625):Error allocating response message
09-29 00:17:00.372      193-193/? E/Sensors﹕ sns_main.c(1257):Error writing request. sns_err 2 error 0 qmi_err 0
09-29 00:17:00.372      749-780/? E/sensor_reg﹕ sensor_reg_process_resp: Error in RESP; result: 2
09-29 00:17:00.372      749-762/? E/sensor_reg﹕ sensor_reg_read: error processing message
09-29 00:17:00.372      749-762/? E/qcom_sensors_hal﹕ hal_get_raw_data_mode: Error in sensor_reg_read(): -3
09-29 00:17:00.372      193-193/? E/Sensors﹕ sns_acm_mr.c(625):Error allocating response message
09-29 00:17:00.372      193-193/? E/Sensors﹕ sns_main.c(1257):Error writing request. sns_err 2 error 0 qmi_err 0
09-29 00:17:00.372    749-20778/? E/qcom_sensors_hal﹕ hal_process_buffering_resp: Result: 1, Error: 2
09-29 00:17:00.372      749-762/? E/qcom_sensors_hal﹕ hal_acquire_resources: Failed for handle 3 @ samp 30 Hz rpt 0 Hz WuFF 0 batched 0
09-29 00:17:00.372      193-193/? E/Sensors﹕ sns_acm_mr.c(625):Error allocating response message
09-29 00:17:00.372      193-193/? E/Sensors﹕ sns_main.c(1257):Error writing request. sns_err 2 error 0 qmi_err 0
09-29 00:17:00.372      749-780/? E/sensor_reg﹕ sensor_reg_process_resp: Error in RESP; result: 2
09-29 00:17:00.372      749-762/? E/sensor_reg﹕ sensor_reg_read: error processing message
09-29 00:17:00.372      749-762/? E/qcom_sensors_hal﹕ hal_get_raw_data_mode: Error in sensor_reg_read(): -3
09-29 00:17:00.372      193-193/? E/Sensors﹕ sns_acm_mr.c(625):Error allocating response message
09-29 00:17:00.372      193-193/? E/Sensors﹕ sns_main.c(1257):Error writing request. sns_err 2 error 0 qmi_err 0
09-29 00:17:00.382    749-20778/? E/qcom_sensors_hal﹕ hal_process_buffering_resp: Result: 1, Error: 2
09-29 00:17:00.382      749-762/? E/qcom_sensors_hal﹕ hal_acquire_resources: Failed for handle 10 @ samp 60 Hz rpt 0 Hz WuFF 0 batched 0
09-29 00:17:00.382      193-193/? E/Sensors﹕ sns_acm_mr.c(625):Error allocating response message
09-29 00:17:00.382      193-193/? E/Sensors﹕ sns_main.c(1257):Error writing request. sns_err 2 error 0 qmi_err 0
09-29 00:17:00.382      193-193/? E/Sensors﹕ sns_acm_mr.c(625):Error allocating response message
09-29 00:17:00.382      193-193/? E/Sensors﹕ sns_main.c(1257):Error writing request. sns_err 2 error 0 qmi_err 0
09-29 00:17:00.382    749-20778/? E/qcom_sensors_hal﹕ hal_process_sam_gravity_resp: Msg 0; Result: 1, Error: 2
09-29 00:17:00.382    749-20778/? E/qcom_sensors_hal﹕ hal_process_sam_gravity_resp: Msg 2; Result: 1, Error: 2
09-29 00:17:00.382      749-762/? E/qcom_sensors_hal﹕ hal_sam_grav_activate: Unable to enable gravity vector
09-29 00:17:00.382      749-762/? E/qcom_sensors_hal﹕ hal_acquire_resources: Failed for handle 12 @ samp 200 Hz rpt 0 Hz WuFF 0 batched 0
09-29 00:17:00.382      193-193/? E/Sensors﹕ sns_acm_mr.c(625):Error allocating response message
09-29 00:17:00.382      193-193/? E/Sensors﹕ sns_main.c(1257):Error writing request. sns_err 2 error 0 qmi_err 0
09-29 00:17:00.382      193-193/? E/Sensors﹕ sns_acm_mr.c(625):Error allocating response message
09-29 00:17:00.382      193-193/? E/Sensors﹕ sns_main.c(1257):Error writing request. sns_err 2 error 0 qmi_err 0
09-29 00:17:00.382    749-20778/? E/qcom_sensors_hal﹕ hal_process_sam_gravity_resp: Msg 0; Result: 1, Error: 2
09-29 00:17:00.382    749-20778/? E/qcom_sensors_hal﹕ hal_process_sam_gravity_resp: Msg 2; Result: 1, Error: 2
09-29 00:17:00.382      749-762/? E/qcom_sensors_hal﹕ hal_sam_grav_activate: Unable to enable gravity vector
09-29 00:17:00.382      749-762/? E/qcom_sensors_hal﹕ hal_acquire_resources: Failed for handle 13 @ samp 200 Hz rpt 0 Hz WuFF 0 batched 0
09-29 00:17:00.382      193-193/? E/Sensors﹕ sns_acm_mr.c(625):Error allocating response message
09-29 00:17:00.382      193-193/? E/Sensors﹕ sns_main.c(1257):Error writing request. sns_err 2 error 0 qmi_err 0
09-29 00:17:00.382      193-193/? E/Sensors﹕ sns_acm_mr.c(625):Error allocating response message
09-29 00:17:00.382      193-193/? E/Sensors﹕ sns_main.c(1257):Error writing request. sns_err 2 error 0 qmi_err 0
09-29 00:17:00.382    749-20778/? E/qcom_sensors_hal﹕ hal_process_sam_rotation_vector_resp: Msg 0; Result: 1, Error: 2
09-29 00:17:00.382    749-20778/? E/qcom_sensors_hal﹕ hal_process_sam_rotation_vector_resp: Msg 2; Result: 1, Error: 2
09-29 00:17:00.382      749-762/? E/qcom_sensors_hal﹕ hal_sam_rotv_activate: Unable to enable rotv
09-29 00:17:00.382      749-762/? E/qcom_sensors_hal﹕ hal_acquire_resources: Failed for handle 19 @ samp 200 Hz rpt 0 Hz WuFF 0 batched 0
09-29 00:17:00.382      193-193/? E/Sensors﹕ sns_acm_mr.c(625):Error allocating response message
09-29 00:17:00.382      193-193/? E/Sensors﹕ sns_main.c(1257):Error writing request. sns_err 2 error 0 qmi_err 0
09-29 00:17:00.382      193-193/? E/Sensors﹕ sns_acm_mr.c(625):Error allocating response message
09-29 00:17:00.382      193-193/? E/Sensors﹕ sns_main.c(1257):Error writing request. sns_err 2 error 0 qmi_err 0
09-29 00:17:00.382    749-20778/? E/qcom_sensors_hal﹕ hal_process_sam_ped_resp: Msg 0; Result: 1, Error: 2
09-29 00:17:00.382    749-20778/? E/qcom_sensors_hal﹕ hal_process_sam_ped_resp: Msg 2; Result: 1, Error: 2
09-29 00:17:00.382      749-762/? E/qcom_sensors_hal﹕ hal_sam_ped_activate: Unable to enable ped
09-29 00:17:00.382      749-762/? E/qcom_sensors_hal﹕ hal_acquire_resources: Failed for handle 27 @ samp 1 Hz rpt 0 Hz WuFF 0 batched 0
09-29 00:17:00.382      193-193/? E/Sensors﹕ sns_acm_mr.c(625):Error allocating response message
09-29 00:17:00.382      193-193/? E/Sensors﹕ sns_main.c(1257):Error writing request. sns_err 2 error 0 qmi_err 0
09-29 00:17:00.382      193-193/? E/Sensors﹕ sns_acm_mr.c(625):Error allocating response message
09-29 00:17:00.382      193-193/? E/Sensors﹕ sns_main.c(1257):Error writing request. sns_err 2 error 0 qmi_err 0
09-29 00:17:00.382    749-20778/? E/qcom_sensors_hal﹕ hal_process_sam_sensor_thresh_resp: Msg 0; Result: 1, Error: 2
09-29 00:17:00.382    749-20778/? E/qcom_sensors_hal﹕ hal_process_sam_sensor_thresh_resp: Msg 2; Result: 1, Error: 2
09-29 00:17:00.382      749-762/? E/qcom_sensors_hal﹕ hal_sam_thresh_activate: Unable to enable thresh
09-29 00:17:00.382      749-762/? E/qcom_sensors_hal﹕ hal_acquire_resources: Failed for handle 31 @ samp 20 Hz rpt 0 Hz WuFF 0 batched 0
09-29 00:17:00.392      193-193/? E/Sensors﹕ sns_acm_mr.c(625):Error allocating response message
09-29 00:17:00.392      193-193/? E/Sensors﹕ sns_main.c(1257):Error writing request. sns_err 2 error 0 qmi_err 0
09-29 00:17:00.392      749-780/? E/sensor_reg﹕ sensor_reg_process_resp: Error in RESP; result: 2
09-29 00:17:00.392      749-762/? E/sensor_reg﹕ sensor_reg_read: error processing message
09-29 00:17:00.392      749-762/? E/qcom_sensors_hal﹕ hal_get_raw_data_mode: Error in sensor_reg_read(): -3
09-29 00:17:00.392      193-193/? E/Sensors﹕ sns_acm_mr.c(625):Error allocating response message
09-29 00:17:00.392      193-193/? E/Sensors﹕ sns_main.c(1257):Error writing request. sns_err 2 error 0 qmi_err 0
09-29 00:17:00.392    749-20778/? E/qcom_sensors_hal﹕ hal_process_buffering_resp: Result: 1, Error: 2
09-29 00:17:00.392      749-762/? E/qcom_sensors_hal﹕ hal_acquire_resources: Failed for handle 0 @ samp 200 Hz rpt 0 Hz WuFF 0 batched 0
09-29 00:17:00.392      193-193/? E/Sensors﹕ sns_acm_mr.c(625):Error allocating response message
09-29 00:17:00.392      193-193/? E/Sensors﹕ sns_main.c(1257):Error writing request. sns_err 2 error 0 qmi_err 0
09-29 00:17:00.392      749-780/? E/sensor_reg﹕ sensor_reg_process_resp: Error in RESP; result: 2
09-29 00:17:00.392      749-762/? E/sensor_reg﹕ sensor_reg_read: error processing message
09-29 00:17:00.392      749-762/? E/qcom_sensors_hal﹕ hal_get_raw_data_mode: Error in sensor_reg_read(): -3
09-29 00:17:00.392      193-193/? E/Sensors﹕ sns_acm_mr.c(625):Error allocating response message
09-29 00:17:00.392      193-193/? E/Sensors﹕ sns_main.c(1257):Error writing request. sns_err 2 error 0 qmi_err 0
09-29 00:17:00.392    749-20778/? E/qcom_sensors_hal﹕ hal_process_buffering_resp: Result: 1, Error: 2
09-29 00:17:00.392      749-762/? E/qcom_sensors_hal﹕ hal_acquire_resources: Failed for handle 2 @ samp 200 Hz rpt 0 Hz WuFF 0 batched 0
09-29 00:17:00.392      193-193/? E/Sensors﹕ sns_acm_mr.c(625):Error allocating response message
09-29 00:17:00.392      193-193/? E/Sensors﹕ sns_main.c(1257):Error writing request. sns_err 2 error 0 qmi_err 0
09-29 00:17:00.392      749-780/? E/sensor_reg﹕ sensor_reg_process_resp: Error in RESP; result: 2
09-29 00:17:00.392      749-762/? E/sensor_reg﹕ sensor_reg_read: error processing message
09-29 00:17:00.392      749-762/? E/qcom_sensors_hal﹕ hal_get_raw_data_mode: Error in sensor_reg_read(): -3
09-29 00:17:00.392      193-193/? E/Sensors﹕ sns_acm_mr.c(625):Error allocating response message
09-29 00:17:00.392      193-193/? E/Sensors﹕ sns_main.c(1257):Error writing request. sns_err 2 error 0 qmi_err 0
09-29 00:17:00.392    749-20778/? E/qcom_sensors_hal﹕ hal_process_buffering_resp: Result: 1, Error: 2
09-29 00:17:00.392      749-762/? E/qcom_sensors_hal﹕ hal_acquire_resources: Failed for handle 3 @ samp 30 Hz rpt 0 Hz WuFF 0 batched 0
09-29 00:17:00.392      193-193/? E/Sensors﹕ sns_acm_mr.c(625):Error allocating response message
09-29 00:17:00.392      193-193/? E/Sensors﹕ sns_main.c(1257):Error writing request. sns_err 2 error 0 qmi_err 0
09-29 00:17:00.392      749-780/? E/sensor_reg﹕ sensor_reg_process_resp: Error in RESP; result: 2
09-29 00:17:00.392      749-762/? E/sensor_reg﹕ sensor_reg_read: error processing message
09-29 00:17:00.392      749-762/? E/qcom_sensors_hal﹕ hal_get_raw_data_mode: Error in sensor_reg_read(): -3
09-29 00:17:00.392      193-193/? E/Sensors﹕ sns_acm_mr.c(625):Error allocating response message
09-29 00:17:00.392      193-193/? E/Sensors﹕ sns_main.c(1257):Error writing request. sns_err 2 error 0 qmi_err 0
09-29 00:17:00.392    749-20778/? E/qcom_sensors_hal﹕ hal_process_buffering_resp: Result: 1, Error: 2
09-29 00:17:00.392      749-762/? E/qcom_sensors_hal﹕ hal_acquire_resources: Failed for handle 10 @ samp 60 Hz rpt 0 Hz WuFF 0 batched 0
09-29 00:17:00.392      193-193/? E/Sensors﹕ sns_acm_mr.c(625):Error allocating response message
09-29 00:17:00.392      193-193/? E/Sensors﹕ sns_main.c(1257):Error writing request. sns_err 2 error 0 qmi_err 0
09-29 00:17:00.392      193-193/? E/Sensors﹕ sns_acm_mr.c(625):Error allocating response message
09-29 00:17:00.392      193-193/? E/Sensors﹕ sns_main.c(1257):Error writing request. sns_err 2 error 0 qmi_err 0
09-29 00:17:00.392    749-20778/? E/qcom_sensors_hal﹕ hal_process_sam_gravity_resp: Msg 0; Result: 1, Error: 2
09-29 00:17:00.392    749-20778/? E/qcom_sensors_hal﹕ hal_process_sam_gravity_resp: Msg 2; Result: 1, Error: 2
09-29 00:17:00.392      749-762/? E/qcom_sensors_hal﹕ hal_sam_grav_activate: Unable to enable gravity vector
09-29 00:17:00.392      749-762/? E/qcom_sensors_hal﹕ hal_acquire_resources: Failed for handle 12 @ samp 200 Hz rpt 0 Hz WuFF 0 batched 0
09-29 00:17:00.392      193-193/? E/Sensors﹕ sns_acm_mr.c(625):Error allocating response message
09-29 00:17:00.392      193-193/? E/Sensors﹕ sns_main.c(1257):Error writing request. sns_err 2 error 0 qmi_err 0
09-29 00:17:00.392      193-193/? E/Sensors﹕ sns_acm_mr.c(625):Error allocating response message
09-29 00:17:00.392      193-193/? E/Sensors﹕ sns_main.c(1257):Error writing request. sns_err 2 error 0 qmi_err 0
09-29 00:17:00.392    749-20778/? E/qcom_sensors_hal﹕ hal_process_sam_gravity_resp: Msg 0; Result: 1, Error: 2
09-29 00:17:00.392    749-20778/? E/qcom_sensors_hal﹕ hal_process_sam_gravity_resp: Msg 2; Result: 1, Error: 2
09-29 00:17:00.392      749-762/? E/qcom_sensors_hal﹕ hal_sam_grav_activate: Unable to enable gravity vector
09-29 00:17:00.392      749-762/? E/qcom_sensors_hal﹕ hal_acquire_resources: Failed for handle 13 @ samp 200 Hz rpt 0 Hz WuFF 0 batched 0
09-29 00:17:00.392      193-193/? E/Sensors﹕ sns_acm_mr.c(625):Error allocating response message
09-29 00:17:00.392      193-193/? E/Sensors﹕ sns_main.c(1257):Error writing request. sns_err 2 error 0 qmi_err 0
09-29 00:17:00.392      193-193/? E/Sensors﹕ sns_acm_mr.c(625):Error allocating response message
09-29 00:17:00.392      193-193/? E/Sensors﹕ sns_main.c(1257):Error writing request. sns_err 2 error 0 qmi_err 0
09-29 00:17:00.392    749-20778/? E/qcom_sensors_hal﹕ hal_process_sam_rotation_vector_resp: Msg 0; Result: 1, Error: 2
09-29 00:17:00.392    749-20778/? E/qcom_sensors_hal﹕ hal_process_sam_rotation_vector_resp: Msg 2; Result: 1, Error: 2
09-29 00:17:00.392      749-762/? E/qcom_sensors_hal﹕ hal_sam_rotv_activate: Unable to enable rotv
09-29 00:17:00.392      749-762/? E/qcom_sensors_hal﹕ hal_acquire_resources: Failed for handle 19 @ samp 200 Hz rpt 0 Hz WuFF 0 batched 0
09-29 00:17:00.392      193-193/? E/Sensors﹕ sns_acm_mr.c(625):Error allocating response message
09-29 00:17:00.392      193-193/? E/Sensors﹕ sns_main.c(1257):Error writing request. sns_err 2 error 0 qmi_err 0
09-29 00:17:00.392      193-193/? E/Sensors﹕ sns_acm_mr.c(625):Error allocating response message
09-29 00:17:00.392      193-193/? E/Sensors﹕ sns_main.c(1257):Error writing request. sns_err 2 error 0 qmi_err 0
09-29 00:17:00.392    749-20778/? E/qcom_sensors_hal﹕ hal_process_sam_ped_resp: Msg 0; Result: 1, Error: 2
09-29 00:17:00.392    749-20778/? E/qcom_sensors_hal﹕ hal_process_sam_ped_resp: Msg 2; Result: 1, Error: 2
09-29 00:17:00.392      749-762/? E/qcom_sensors_hal﹕ hal_sam_ped_activate: Unable to enable ped
09-29 00:17:00.392      749-762/? E/qcom_sensors_hal﹕ hal_acquire_resources: Failed for handle 27 @ samp 1 Hz rpt 0 Hz WuFF 0 batched 0
09-29 00:17:00.392      193-193/? E/Sensors﹕ sns_acm_mr.c(625):Error allocating response message
09-29 00:17:00.392      193-193/? E/Sensors﹕ sns_main.c(1257):Error writing request. sns_err 2 error 0 qmi_err 0
09-29 00:17:00.392      193-193/? E/Sensors﹕ sns_acm_mr.c(625):Error allocating response message
09-29 00:17:00.392      193-193/? E/Sensors﹕ sns_main.c(1257):Error writing request. sns_err 2 error 0 qmi_err 0
09-29 00:17:00.392    749-20778/? E/qcom_sensors_hal﹕ hal_process_sam_sensor_thresh_resp: Msg 0; Result: 1, Error: 2
09-29 00:17:00.392    749-20778/? E/qcom_sensors_hal﹕ hal_process_sam_sensor_thresh_resp: Msg 2; Result: 1, Error: 2
09-29 00:17:00.392      749-762/? E/qcom_sensors_hal﹕ hal_sam_thresh_activate: Unable to enable thresh
09-29 00:17:00.392      749-762/? E/qcom_sensors_hal﹕ hal_acquire_resources: Failed for handle 31 @ samp 20 Hz rpt 0 Hz WuFF 0 batched 0
09-29 00:17:00.402      193-193/? E/Sensors﹕ sns_acm_mr.c(625):Error allocating response message
09-29 00:17:00.402      193-193/? E/Sensors﹕ sns_main.c(1257):Error writing request. sns_err 2 error 0 qmi_err 0
09-29 00:17:00.402      749-780/? E/sensor_reg﹕ sensor_reg_process_resp: Error in RESP; result: 2
09-29 00:17:00.402      749-762/? E/sensor_reg﹕ sensor_reg_read: error processing message
09-29 00:17:00.402      749-762/? E/qcom_sensors_hal﹕ hal_get_raw_data_mode: Error in sensor_reg_read(): -3
09-29 00:17:00.402      193-193/? E/Sensors﹕ sns_acm_mr.c(625):Error allocating response message
09-29 00:17:00.402      193-193/? E/Sensors﹕ sns_main.c(1257):Error writing request. sns_err 2 error 0 qmi_err 0
09-29 00:17:00.402    749-20778/? E/qcom_sensors_hal﹕ hal_process_buffering_resp: Result: 1, Error: 2
09-29 00:17:00.402      749-762/? E/qcom_sensors_hal﹕ hal_acquire_resources: Failed for handle 0 @ samp 200 Hz rpt 0 Hz WuFF 0 batched 0
09-29 00:17:00.402      193-193/? E/Sensors﹕ sns_acm_mr.c(625):Error allocating response message
09-29 00:17:00.402      193-193/? E/Sensors﹕ sns_main.c(1257):Error writing request. sns_err 2 error 0 qmi_err 0
09-29 00:17:00.402      749-780/? E/sensor_reg﹕ sensor_reg_process_resp: Error in RESP; result: 2
09-29 00:17:00.402      749-762/? E/sensor_reg﹕ sensor_reg_read: error processing message
09-29 00:17:00.402      749-762/? E/qcom_sensors_hal﹕ hal_get_raw_data_mode: Error in sensor_reg_read(): -3
09-29 00:17:00.402      193-193/? E/Sensors﹕ sns_acm_mr.c(625):Error allocating response message
09-29 00:17:00.402      193-193/? E/Sensors﹕ sns_main.c(1257):Error writing request. sns_err 2 error 0 qmi_err 0
09-29 00:17:00.402    749-20778/? E/qcom_sensors_hal﹕ hal_process_buffering_resp: Result: 1, Error: 2
09-29 00:17:00.402      749-762/? E/qcom_sensors_hal﹕ hal_acquire_resources: Failed for handle 2 @ samp 200 Hz rpt 0 Hz WuFF 0 batched 0
09-29 00:17:00.402      193-193/? E/Sensors﹕ sns_acm_mr.c(625):Error allocating response message
09-29 00:17:00.402      193-193/? E/Sensors﹕ sns_main.c(1257):Error writing request. sns_err 2 error 0 qmi_err 0
09-29 00:17:00.402      749-780/? E/sensor_reg﹕ sensor_reg_process_resp: Error in RESP; result: 2
09-29 00:17:00.402      749-762/? E/sensor_reg﹕ sensor_reg_read: error processing message
09-29 00:17:00.402      749-762/? E/qcom_sensors_hal﹕ hal_get_raw_data_mode: Error in sensor_reg_read(): -3
09-29 00:17:00.402      193-193/? E/Sensors﹕ sns_acm_mr.c(625):Error allocating response message
09-29 00:17:00.402      193-193/? E/Sensors﹕ sns_main.c(1257):Error writing request. sns_err 2 error 0 qmi_err 0
09-29 00:17:00.402    749-20778/? E/qcom_sensors_hal﹕ hal_process_buffering_resp: Result: 1, Error: 2
09-29 00:17:00.402      749-762/? E/qcom_sensors_hal﹕ hal_acquire_resources: Failed for handle 3 @ samp 30 Hz rpt 0 Hz WuFF 0 batched 0
09-29 00:17:00.402      193-193/? E/Sensors﹕ sns_acm_mr.c(625):Error allocating response message
09-29 00:17:00.402      193-193/? E/Sensors﹕ sns_main.c(1257):Error writing request. sns_err 2 error 0 qmi_err 0
09-29 00:17:00.412      749-780/? E/sensor_reg﹕ sensor_reg_process_resp: Error in RESP; result: 2
09-29 00:17:00.412      749-762/? E/sensor_reg﹕ sensor_reg_read: error processing message
09-29 00:17:00.412      749-762/? E/qcom_sensors_hal﹕ hal_get_raw_data_mode: Error in sensor_reg_read(): -3
09-29 00:17:00.412      193-193/? E/Sensors﹕ sns_acm_mr.c(625):Error allocating response message
09-29 00:17:00.412      193-193/? E/Sensors﹕ sns_main.c(1257):Error writing request. sns_err 2 error 0 qmi_err 0
09-29 00:17:00.412    749-20778/? E/qcom_sensors_hal﹕ hal_process_buffering_resp: Result: 1, Error: 2
09-29 00:17:00.412      749-762/? E/qcom_sensors_hal﹕ hal_acquire_resources: Failed for handle 10 @ samp 60 Hz rpt 0 Hz WuFF 0 batched 0
09-29 00:17:00.412      193-193/? E/Sensors﹕ sns_acm_mr.c(625):Error allocating response message
09-29 00:17:00.412      193-193/? E/Sensors﹕ sns_main.c(1257):Error writing request. sns_err 2 error 0 qmi_err 0
09-29 00:17:00.412      193-193/? E/Sensors﹕ sns_acm_mr.c(625):Error allocating response message
09-29 00:17:00.412      193-193/? E/Sensors﹕ sns_main.c(1257):Error writing request. sns_err 2 error 0 qmi_err 0
09-29 00:17:00.412    749-20778/? E/qcom_sensors_hal﹕ hal_process_sam_gravity_resp: Msg 0; Result: 1, Error: 2
09-29 00:17:00.412    749-20778/? E/qcom_sensors_hal﹕ hal_process_sam_gravity_resp: Msg 2; Result: 1, Error: 2
09-29 00:17:00.412      749-762/? E/qcom_sensors_hal﹕ hal_sam_grav_activate: Unable to enable gravity vector
09-29 00:17:00.412      749-762/? E/qcom_sensors_hal﹕ hal_acquire_resources: Failed for handle 12 @ samp 200 Hz rpt 0 Hz WuFF 0 batched 0
09-29 00:17:00.412      193-193/? E/Sensors﹕ sns_acm_mr.c(625):Error allocating response message
09-29 00:17:00.412      193-193/? E/Sensors﹕ sns_main.c(1257):Error writing request. sns_err 2 error 0 qmi_err 0
09-29 00:17:00.412      193-193/? E/Sensors﹕ sns_acm_mr.c(625):Error allocating response message
09-29 00:17:00.412      193-193/? E/Sensors﹕ sns_main.c(1257):Error writing request. sns_err 2 error 0 qmi_err 0
09-29 00:17:00.412    749-20778/? E/qcom_sensors_hal﹕ hal_process_sam_gravity_resp: Msg 0; Result: 1, Error: 2
09-29 00:17:00.412    749-20778/? E/qcom_sensors_hal﹕ hal_process_sam_gravity_resp: Msg 2; Result: 1, Error: 2
09-29 00:17:00.412      749-762/? E/qcom_sensors_hal﹕ hal_sam_grav_activate: Unable to enable gravity vector
09-29 00:17:00.412      749-762/? E/qcom_sensors_hal﹕ hal_acquire_resources: Failed for handle 13 @ samp 200 Hz rpt 0 Hz WuFF 0 batched 0
09-29 00:17:00.412      193-193/? E/Sensors﹕ sns_acm_mr.c(625):Error allocating response message
09-29 00:17:00.412      193-193/? E/Sensors﹕ sns_main.c(1257):Error writing request. sns_err 2 error 0 qmi_err 0
09-29 00:17:00.412      193-193/? E/Sensors﹕ sns_acm_mr.c(625):Error allocating response message
09-29 00:17:00.412      193-193/? E/Sensors﹕ sns_main.c(1257):Error writing request. sns_err 2 error 0 qmi_err 0
09-29 00:17:00.412    749-20778/? E/qcom_sensors_hal﹕ hal_process_sam_rotation_vector_resp: Msg 0; Result: 1, Error: 2
09-29 00:17:00.412    749-20778/? E/qcom_sensors_hal﹕ hal_process_sam_rotation_vector_resp: Msg 2; Result: 1, Error: 2
09-29 00:17:00.412      749-762/? E/qcom_sensors_hal﹕ hal_sam_rotv_activate: Unable to enable rotv
09-29 00:17:00.412      749-762/? E/qcom_sensors_hal﹕ hal_acquire_resources: Failed for handle 19 @ samp 200 Hz rpt 0 Hz WuFF 0 batched 0
09-29 00:17:00.412      193-193/? E/Sensors﹕ sns_acm_mr.c(625):Error allocating response message
09-29 00:17:00.412      193-193/? E/Sensors﹕ sns_main.c(1257):Error writing request. sns_err 2 error 0 qmi_err 0
09-29 00:17:00.412      193-193/? E/Sensors﹕ sns_acm_mr.c(625):Error allocating response message
09-29 00:17:00.412      193-193/? E/Sensors﹕ sns_main.c(1257):Error writing request. sns_err 2 error 0 qmi_err 0
09-29 00:17:00.412    749-20778/? E/qcom_sensors_hal﹕ hal_process_sam_ped_resp: Msg 0; Result: 1, Error: 2
09-29 00:17:00.412    749-20778/? E/qcom_sensors_hal﹕ hal_process_sam_ped_resp: Msg 2; Result: 1, Error: 2
09-29 00:17:00.412      749-762/? E/qcom_sensors_hal﹕ hal_sam_ped_activate: Unable to enable ped
09-29 00:17:00.412      749-762/? E/qcom_sensors_hal﹕ hal_acquire_resources: Failed for handle 27 @ samp 1 Hz rpt 0 Hz WuFF 0 batched 0
09-29 00:17:00.412      193-193/? E/Sensors﹕ sns_acm_mr.c(625):Error allocating response message
09-29 00:17:00.412      193-193/? E/Sensors﹕ sns_main.c(1257):Error writing request. sns_err 2 error 0 qmi_err 0
09-29 00:17:00.412      193-193/? E/Sensors﹕ sns_acm_mr.c(625):Error allocating response message
09-29 00:17:00.412      193-193/? E/Sensors﹕ sns_main.c(1257):Error writing request. sns_err 2 error 0 qmi_err 0
09-29 00:17:00.412    749-20778/? E/qcom_sensors_hal﹕ hal_process_sam_sensor_thresh_resp: Msg 0; Result: 1, Error: 2
09-29 00:17:00.412    749-20778/? E/qcom_sensors_hal﹕ hal_process_sam_sensor_thresh_resp: Msg 2; Result: 1, Error: 2
09-29 00:17:00.412      749-762/? E/qcom_sensors_hal﹕ hal_sam_thresh_activate: Unable to enable thresh
09-29 00:17:00.412      749-762/? E/qcom_sensors_hal﹕ hal_acquire_resources: Failed for handle 31 @ samp 20 Hz rpt 0 Hz WuFF 0 batched 0
09-29 00:17:00.422      193-193/? E/Sensors﹕ sns_acm_mr.c(625):Error allocating response message
09-29 00:17:00.422      193-193/? E/Sensors﹕ sns_main.c(1257):Error writing request. sns_err 2 error 0 qmi_err 0
09-29 00:17:00.422      749-780/? E/sensor_reg﹕ sensor_reg_process_resp: Error in RESP; result: 2
09-29 00:17:00.422      749-762/? E/sensor_reg﹕ sensor_reg_read: error processing message
09-29 00:17:00.422      749-762/? E/qcom_sensors_hal﹕ hal_get_raw_data_mode: Error in sensor_reg_read(): -3
09-29 00:17:00.422      193-193/? E/Sensors﹕ sns_acm_mr.c(625):Error allocating response message
09-29 00:17:00.422      193-193/? E/Sensors﹕ sns_main.c(1257):Error writing request. sns_err 2 error 0 qmi_err 0
09-29 00:17:00.422    749-20778/? E/qcom_sensors_hal﹕ hal_process_buffering_resp: Result: 1, Error: 2
09-29 00:17:00.422      749-762/? E/qcom_sensors_hal﹕ hal_acquire_resources: Failed for handle 0 @ samp 200 Hz rpt 0 Hz WuFF 0 batched 0
09-29 00:17:00.422      193-193/? E/Sensors﹕ sns_acm_mr.c(625):Error allocating response message
09-29 00:17:00.422      193-193/? E/Sensors﹕ sns_main.c(1257):Error writing request. sns_err 2 error 0 qmi_err 0
09-29 00:17:00.422      749-780/? E/sensor_reg﹕ sensor_reg_process_resp: Error in RESP; result: 2
09-29 00:17:00.422      749-762/? E/sensor_reg﹕ sensor_reg_read: error processing message
09-29 00:17:00.422      749-762/? E/qcom_sensors_hal﹕ hal_get_raw_data_mode: Error in sensor_reg_read(): -3
09-29 00:17:00.422      193-193/? E/Sensors﹕ sns_acm_mr.c(625):Error allocating response message
09-29 00:17:00.422      193-193/? E/Sensors﹕ sns_main.c(1257):Error writing request. sns_err 2 error 0 qmi_err 0
09-29 00:17:00.422    749-20778/? E/qcom_sensors_hal﹕ hal_process_buffering_resp: Result: 1, Error: 2
09-29 00:17:00.422      749-762/? E/qcom_sensors_hal﹕ hal_acquire_resources: Failed for handle 2 @ samp 200 Hz rpt 0 Hz WuFF 0 batched 0
09-29 00:17:00.422      193-193/? E/Sensors﹕ sns_acm_mr.c(625):Error allocating response message
09-29 00:17:00.422      193-193/? E/Sensors﹕ sns_main.c(1257):Error writing request. sns_err 2 error 0 qmi_err 0
09-29 00:17:00.422      749-780/? E/sensor_reg﹕ sensor_reg_process_resp: Error in RESP; result: 2
09-29 00:17:00.422      749-762/? E/sensor_reg﹕ sensor_reg_read: error processing message
09-29 00:17:00.422      749-762/? E/qcom_sensors_hal﹕ hal_get_raw_data_mode: Error in sensor_reg_read(): -3
09-29 00:17:00.422      193-193/? E/Sensors﹕ sns_acm_mr.c(625):Error allocating response message
09-29 00:17:00.422      193-193/? E/Sensors﹕ sns_main.c(1257):Error writing request. sns_err 2 error 0 qmi_err 0
09-29 00:17:00.422    749-20778/? E/qcom_sensors_hal﹕ hal_process_buffering_resp: Result: 1, Error: 2
09-29 00:17:00.422      749-762/? E/qcom_sensors_hal﹕ hal_acquire_resources: Failed for handle 3 @ samp 30 Hz rpt 0 Hz WuFF 0 batched 0
09-29 00:17:00.422      193-193/? E/Sensors﹕ sns_acm_mr.c(625):Error allocating response message
09-29 00:17:00.422      193-193/? E/Sensors﹕ sns_main.c(1257):Error writing request. sns_err 2 error 0 qmi_err 0
09-29 00:17:00.422      749-780/? E/sensor_reg﹕ sensor_reg_process_resp: Error in RESP; result: 2
09-29 00:17:00.422      749-762/? E/sensor_reg﹕ sensor_reg_read: error processing message
09-29 00:17:00.422      749-762/? E/qcom_sensors_hal﹕ hal_get_raw_data_mode: Error in sensor_reg_read(): -3
09-29 00:17:00.422      193-193/? E/Sensors﹕ sns_acm_mr.c(625):Error allocating response message
09-29 00:17:00.422      193-193/? E/Sensors﹕ sns_main.c(1257):Error writing request. sns_err 2 error 0 qmi_err 0
09-29 00:17:00.422    749-20778/? E/qcom_sensors_hal﹕ hal_process_buffering_resp: Result: 1, Error: 2
09-29 00:17:00.422      749-762/? E/qcom_sensors_hal﹕ hal_acquire_resources: Failed for handle 10 @ samp 60 Hz rpt 0 Hz WuFF 0 batched 0
09-29 00:17:00.422      193-193/? E/Sensors﹕ sns_acm_mr.c(625):Error allocating response message
09-29 00:17:00.422      193-193/? E/Sensors﹕ sns_main.c(1257):Error writing request. sns_err 2 error 0 qmi_err 0
09-29 00:17:00.422      193-193/? E/Sensors﹕ sns_acm_mr.c(625):Error allocating response message
09-29 00:17:00.422      193-193/? E/Sensors﹕ sns_main.c(1257):Error writing request. sns_err 2 error 0 qmi_err 0
09-29 00:17:00.422    749-20778/? E/qcom_sensors_hal﹕ hal_process_sam_gravity_resp: Msg 0; Result: 1, Error: 2
09-29 00:17:00.422    749-20778/? E/qcom_sensors_hal﹕ hal_process_sam_gravity_resp: Msg 2; Result: 1, Error: 2
09-29 00:17:00.422      749-762/? E/qcom_sensors_hal﹕ hal_sam_grav_activate: Unable to enable gravity vector
09-29 00:17:00.422      749-762/? E/qcom_sensors_hal﹕ hal_acquire_resources: Failed for handle 12 @ samp 200 Hz rpt 0 Hz WuFF 0 batched 0
09-29 00:17:00.422      193-193/? E/Sensors﹕ sns_acm_mr.c(625):Error allocating response message
09-29 00:17:00.422      193-193/? E/Sensors﹕ sns_main.c(1257):Error writing request. sns_err 2 error 0 qmi_err 0
09-29 00:17:00.422      193-193/? E/Sensors﹕ sns_acm_mr.c(625):Error allocating response message
09-29 00:17:00.422      193-193/? E/Sensors﹕ sns_main.c(1257):Error writing request. sns_err 2 error 0 qmi_err 0
09-29 00:17:00.422    749-20778/? E/qcom_sensors_hal﹕ hal_process_sam_gravity_resp: Msg 0; Result: 1, Error: 2
09-29 00:17:00.422    749-20778/? E/qcom_sensors_hal﹕ hal_process_sam_gravity_resp: Msg 2; Result: 1, Error: 2
09-29 00:17:00.422      749-762/? E/qcom_sensors_hal﹕ hal_sam_grav_activate: Unable to enable gravity vector
09-29 00:17:00.422      749-762/? E/qcom_sensors_hal﹕ hal_acquire_resources: Failed for handle 13 @ samp 200 Hz rpt 0 Hz WuFF 0 batched 0
09-29 00:17:00.422      193-193/? E/Sensors﹕ sns_acm_mr.c(625):Error allocating response message
09-29 00:17:00.422      193-193/? E/Sensors﹕ sns_main.c(1257):Error writing request. sns_err 2 error 0 qmi_err 0
09-29 00:17:00.422      193-193/? E/Sensors﹕ sns_acm_mr.c(625):Error allocating response message
09-29 00:17:00.422      193-193/? E/Sensors﹕ sns_main.c(1257):Error writing request. sns_err 2 error 0 qmi_err 0
09-29 00:17:00.422    749-20778/? E/qcom_sensors_hal﹕ hal_process_sam_rotation_vector_resp: Msg 0; Result: 1, Error: 2
09-29 00:17:00.422    749-20778/? E/qcom_sensors_hal﹕ hal_process_sam_rotation_vector_resp: Msg 2; Result: 1, Error: 2
09-29 00:17:00.422      749-762/? E/qcom_sensors_hal﹕ hal_sam_rotv_activate: Unable to enable rotv
09-29 00:17:00.422      749-762/? E/qcom_sensors_hal﹕ hal_acquire_resources: Failed for handle 19 @ samp 200 Hz rpt 0 Hz WuFF 0 batched 0
09-29 00:17:00.422      193-193/? E/Sensors﹕ sns_acm_mr.c(625):Error allocating response message
09-29 00:17:00.422      193-193/? E/Sensors﹕ sns_main.c(1257):Error writing request. sns_err 2 error 0 qmi_err 0
09-29 00:17:00.422      193-193/? E/Sensors﹕ sns_acm_mr.c(625):Error allocating response message
09-29 00:17:00.422      193-193/? E/Sensors﹕ sns_main.c(1257):Error writing request. sns_err 2 error 0 qmi_err 0
09-29 00:17:00.422    749-20778/? E/qcom_sensors_hal﹕ hal_process_sam_ped_resp: Msg 0; Result: 1, Error: 2
09-29 00:17:00.422    749-20778/? E/qcom_sensors_hal﹕ hal_process_sam_ped_resp: Msg 2; Result: 1, Error: 2
09-29 00:17:00.422      749-762/? E/qcom_sensors_hal﹕ hal_sam_ped_activate: Unable to enable ped
09-29 00:17:00.422      749-762/? E/qcom_sensors_hal﹕ hal_acquire_resources: Failed for handle 27 @ samp 1 Hz rpt 0 Hz WuFF 0 batched 0
09-29 00:17:00.422      193-193/? E/Sensors﹕ sns_acm_mr.c(625):Error allocating response message
09-29 00:17:00.422      193-193/? E/Sensors﹕ sns_main.c(1257):Error writing request. sns_err 2 error 0 qmi_err 0
09-29 00:17:00.422      193-193/? E/Sensors﹕ sns_acm_mr.c(625):Error allocating response message
09-29 00:17:00.422      193-193/? E/Sensors﹕ sns_main.c(1257):Error writing request. sns_err 2 error 0 qmi_err 0
09-29 00:17:00.422    749-20778/? E/qcom_sensors_hal﹕ hal_process_sam_sensor_thresh_resp: Msg 0; Result: 1, Error: 2
09-29 00:17:00.422    749-20778/? E/qcom_sensors_hal﹕ hal_process_sam_sensor_thresh_resp: Msg 2; Result: 1, Error: 2
