09-29 00:17:00.872      749-762/? E/sensor_reg﹕ sensor_reg_read: error processing message
09-29 00:17:00.872      749-762/? E/qcom_sensors_hal﹕ hal_get_raw_data_mode: Error in sensor_reg_read(): -3
09-29 00:17:00.872      193-193/? E/Sensors﹕ sns_acm_mr.c(625):Error allocating response message
09-29 00:17:00.872      193-193/? E/Sensors﹕ sns_main.c(1257):Error writing request. sns_err 2 error 0 qmi_err 0
09-29 00:17:00.872    749-20778/? E/qcom_sensors_hal﹕ hal_process_buffering_resp: Result: 1, Error: 2
09-29 00:17:00.872      749-762/? E/qcom_sensors_hal﹕ hal_acquire_resources: Failed for handle 10 @ samp 60 Hz rpt 0 Hz WuFF 0 batched 0
09-29 00:17:00.872      193-193/? E/Sensors﹕ sns_acm_mr.c(625):Error allocating response message
09-29 00:17:00.872      193-193/? E/Sensors﹕ sns_main.c(1257):Error writing request. sns_err 2 error 0 qmi_err 0
09-29 00:17:00.872      193-193/? E/Sensors﹕ sns_acm_mr.c(625):Error allocating response message
09-29 00:17:00.872      193-193/? E/Sensors﹕ sns_main.c(1257):Error writing request. sns_err 2 error 0 qmi_err 0
09-29 00:17:00.872    749-20778/? E/qcom_sensors_hal﹕ hal_process_sam_gravity_resp: Msg 0; Result: 1, Error: 2
09-29 00:17:00.872    749-20778/? E/qcom_sensors_hal﹕ hal_process_sam_gravity_resp: Msg 2; Result: 1, Error: 2
09-29 00:17:00.872      749-762/? E/qcom_sensors_hal﹕ hal_sam_grav_activate: Unable to enable gravity vector
09-29 00:17:00.872      749-762/? E/qcom_sensors_hal﹕ hal_acquire_resources: Failed for handle 12 @ samp 200 Hz rpt 0 Hz WuFF 0 batched 0
09-29 00:17:00.872      193-193/? E/Sensors﹕ sns_acm_mr.c(625):Error allocating response message
09-29 00:17:00.872      193-193/? E/Sensors﹕ sns_main.c(1257):Error writing request. sns_err 2 error 0 qmi_err 0
09-29 00:17:00.872      193-193/? E/Sensors﹕ sns_acm_mr.c(625):Error allocating response message
09-29 00:17:00.872      193-193/? E/Sensors﹕ sns_main.c(1257):Error writing request. sns_err 2 error 0 qmi_err 0
09-29 00:17:00.872    749-20778/? E/qcom_sensors_hal﹕ hal_process_sam_gravity_resp: Msg 0; Result: 1, Error: 2
09-29 00:17:00.872    749-20778/? E/qcom_sensors_hal﹕ hal_process_sam_gravity_resp: Msg 2; Result: 1, Error: 2
09-29 00:17:00.872      749-762/? E/qcom_sensors_hal﹕ hal_sam_grav_activate: Unable to enable gravity vector
09-29 00:17:00.872      749-762/? E/qcom_sensors_hal﹕ hal_acquire_resources: Failed for handle 13 @ samp 200 Hz rpt 0 Hz WuFF 0 batched 0
09-29 00:17:00.872      193-193/? E/Sensors﹕ sns_acm_mr.c(625):Error allocating response message
09-29 00:17:00.872      193-193/? E/Sensors﹕ sns_acm_mr.c(625):Error allocating response message
09-29 00:17:00.872      193-193/? E/Sensors﹕ sns_acm_mr.c(625):Error allocating response message
09-29 00:17:00.882      749-780/? E/sensor_reg﹕ sensor_reg_process_resp: Error in RESP; result: 2
09-29 00:17:00.882      193-193/? E/Sensors﹕ sns_acm_mr.c(625):Error allocating response message
09-29 00:17:00.882      193-193/? E/Sensors﹕ sns_acm_mr.c(625):Error allocating response message
09-29 00:17:00.882    749-20778/? E/qcom_sensors_hal﹕ hal_process_buffering_resp: Result: 1, Error: 2
09-29 00:17:00.882      749-762/? E/qcom_sensors_hal﹕ hal_acquire_resources: Failed for handle 3 @ samp 30 Hz rpt 0 Hz WuFF 0 batched 0
09-29 00:17:00.882      193-193/? E/Sensors﹕ sns_acm_mr.c(625):Error allocating response message
09-29 00:17:00.882      193-193/? E/Sensors﹕ sns_main.c(1257):Error writing request. sns_err 2 error 0 qmi_err 0
09-29 00:17:00.882      749-780/? E/sensor_reg﹕ sensor_reg_process_resp: Error in RESP; result: 2
09-29 00:17:00.882      749-762/? E/sensor_reg﹕ sensor_reg_read: error processing message
09-29 00:17:00.882      749-762/? E/qcom_sensors_hal﹕ hal_get_raw_data_mode: Error in sensor_reg_read(): -3
09-29 00:17:00.882      193-193/? E/Sensors﹕ sns_acm_mr.c(625):Error allocating response message
09-29 00:17:00.882      193-193/? E/Sensors﹕ sns_main.c(1257):Error writing request. sns_err 2 error 0 qmi_err 0
09-29 00:17:00.882    749-20778/? E/qcom_sensors_hal﹕ hal_process_buffering_resp: Result: 1, Error: 2
09-29 00:17:00.882      749-762/? E/qcom_sensors_hal﹕ hal_acquire_resources: Failed for handle 10 @ samp 60 Hz rpt 0 Hz WuFF 0 batched 0
09-29 00:17:00.882      193-193/? E/Sensors﹕ sns_acm_mr.c(625):Error allocating response message
09-29 00:17:00.882      193-193/? E/Sensors﹕ sns_main.c(1257):Error writing request. sns_err 2 error 0 qmi_err 0
09-29 00:17:00.882      193-193/? E/Sensors﹕ sns_acm_mr.c(625):Error allocating response message
09-29 00:17:00.882      193-193/? E/Sensors﹕ sns_main.c(1257):Error writing request. sns_err 2 error 0 qmi_err 0
09-29 00:17:00.882    749-20778/? E/qcom_sensors_hal﹕ hal_process_sam_gravity_resp: Msg 0; Result: 1, Error: 2
09-29 00:17:00.882    749-20778/? E/qcom_sensors_hal﹕ hal_process_sam_gravity_resp: Msg 2; Result: 1, Error: 2
09-29 00:17:00.882      749-762/? E/qcom_sensors_hal﹕ hal_sam_grav_activate: Unable to enable gravity vector
09-29 00:17:00.882      749-762/? E/qcom_sensors_hal﹕ hal_acquire_resources: Failed for handle 12 @ samp 200 Hz rpt 0 Hz WuFF 0 batched 0
09-29 00:17:00.882      193-193/? E/Sensors﹕ sns_acm_mr.c(625):Error allocating response message
09-29 00:17:00.882      193-193/? E/Sensors﹕ sns_main.c(1257):Error writing request. sns_err 2 error 0 qmi_err 0
09-29 00:17:00.882      193-193/? E/Sensors﹕ sns_acm_mr.c(625):Error allocating response message
09-29 00:17:00.882      193-193/? E/Sensors﹕ sns_main.c(1257):Error writing request. sns_err 2 error 0 qmi_err 0
09-29 00:17:00.882    749-20778/? E/qcom_sensors_hal﹕ hal_process_sam_gravity_resp: Msg 0; Result: 1, Error: 2
09-29 00:17:00.882    749-20778/? E/qcom_sensors_hal﹕ hal_process_sam_gravity_resp: Msg 2; Result: 1, Error: 2
09-29 00:17:00.882      749-762/? E/qcom_sensors_hal﹕ hal_sam_grav_activate: Unable to enable gravity vector
09-29 00:17:00.882      749-762/? E/qcom_sensors_hal﹕ hal_acquire_resources: Failed for handle 13 @ samp 200 Hz rpt 0 Hz WuFF 0 batched 0
09-29 00:17:00.882      193-193/? E/Sensors﹕ sns_acm_mr.c(625):Error allocating response message
09-29 00:17:00.882      193-193/? E/Sensors﹕ sns_acm_mr.c(625):Error allocating response message
09-29 00:17:00.882      193-193/? E/Sensors﹕ sns_acm_mr.c(625):Error allocating response message
09-29 00:17:00.892      193-193/? E/Sensors﹕ sns_acm_mr.c(625):Error allocating response message
09-29 00:17:00.892      749-762/? E/qcom_sensors_hal﹕ hal_acquire_resources: Failed for handle 0 @ samp 200 Hz rpt 0 Hz WuFF 0 batched 0
09-29 00:17:00.902      749-762/? E/qcom_sensors_hal﹕ hal_acquire_resources: Failed for handle 2 @ samp 200 Hz rpt 0 Hz WuFF 0 batched 0
09-29 00:17:00.902    749-20778/? E/qcom_sensors_hal﹕ hal_process_buffering_resp: Result: 1, Error: 2
09-29 00:17:00.902      749-762/? E/qcom_sensors_hal﹕ hal_acquire_resources: Failed for handle 3 @ samp 30 Hz rpt 0 Hz WuFF 0 batched 0
09-29 00:17:00.902      193-193/? E/Sensors﹕ sns_acm_mr.c(625):Error allocating response message
09-29 00:17:00.902      193-193/? E/Sensors﹕ sns_main.c(1257):Error writing request. sns_err 2 error 0 qmi_err 0
09-29 00:17:00.902      749-780/? E/sensor_reg﹕ sensor_reg_process_resp: Error in RESP; result: 2
09-29 00:17:00.902      749-762/? E/sensor_reg﹕ sensor_reg_read: error processing message
09-29 00:17:00.902      749-762/? E/qcom_sensors_hal﹕ hal_get_raw_data_mode: Error in sensor_reg_read(): -3
09-29 00:17:00.902      193-193/? E/Sensors﹕ sns_acm_mr.c(625):Error allocating response message
09-29 00:17:00.902      193-193/? E/Sensors﹕ sns_main.c(1257):Error writing request. sns_err 2 error 0 qmi_err 0
09-29 00:17:00.902    749-20778/? E/qcom_sensors_hal﹕ hal_process_buffering_resp: Result: 1, Error: 2
09-29 00:17:00.902      749-762/? E/qcom_sensors_hal﹕ hal_acquire_resources: Failed for handle 10 @ samp 60 Hz rpt 0 Hz WuFF 0 batched 0
09-29 00:17:00.902      193-193/? E/Sensors﹕ sns_acm_mr.c(625):Error allocating response message
09-29 00:17:00.902      193-193/? E/Sensors﹕ sns_main.c(1257):Error writing request. sns_err 2 error 0 qmi_err 0
09-29 00:17:00.902      193-193/? E/Sensors﹕ sns_acm_mr.c(625):Error allocating response message
09-29 00:17:00.902      193-193/? E/Sensors﹕ sns_main.c(1257):Error writing request. sns_err 2 error 0 qmi_err 0
09-29 00:17:00.902    749-20778/? E/qcom_sensors_hal﹕ hal_process_sam_gravity_resp: Msg 0; Result: 1, Error: 2
09-29 00:17:00.902    749-20778/? E/qcom_sensors_hal﹕ hal_process_sam_gravity_resp: Msg 2; Result: 1, Error: 2
09-29 00:17:00.902      749-762/? E/qcom_sensors_hal﹕ hal_sam_grav_activate: Unable to enable gravity vector
09-29 00:17:00.902      749-762/? E/qcom_sensors_hal﹕ hal_acquire_resources: Failed for handle 12 @ samp 200 Hz rpt 0 Hz WuFF 0 batched 0
09-29 00:17:00.902      193-193/? E/Sensors﹕ sns_acm_mr.c(625):Error allocating response message
09-29 00:17:00.902      193-193/? E/Sensors﹕ sns_main.c(1257):Error writing request. sns_err 2 error 0 qmi_err 0
09-29 00:17:00.902      193-193/? E/Sensors﹕ sns_acm_mr.c(625):Error allocating response message
09-29 00:17:00.902      193-193/? E/Sensors﹕ sns_main.c(1257):Error writing request. sns_err 2 error 0 qmi_err 0
09-29 00:17:00.902    749-20778/? E/qcom_sensors_hal﹕ hal_process_sam_gravity_resp: Msg 0; Result: 1, Error: 2
09-29 00:17:00.902    749-20778/? E/qcom_sensors_hal﹕ hal_process_sam_gravity_resp: Msg 2; Result: 1, Error: 2
09-29 00:17:00.902      749-762/? E/qcom_sensors_hal﹕ hal_sam_grav_activate: Unable to enable gravity vector
09-29 00:17:00.902      749-762/? E/qcom_sensors_hal﹕ hal_acquire_resources: Failed for handle 13 @ samp 200 Hz rpt 0 Hz WuFF 0 batched 0
09-29 00:17:00.902      193-193/? E/Sensors﹕ sns_acm_mr.c(625):Error allocating response message
09-29 00:17:00.902      749-762/? E/qcom_sensors_hal﹕ hal_sam_rotv_activate: Unable to enable rotv
09-29 00:17:00.902      749-762/? E/qcom_sensors_hal﹕ hal_sam_ped_activate: Unable to enable ped
09-29 00:17:00.902      749-762/? E/qcom_sensors_hal﹕ hal_sam_thresh_activate: Unable to enable thresh
09-29 00:17:00.912      193-193/? E/Sensors﹕ sns_main.c(1257):Error writing request. sns_err 2 error 0 qmi_err 0
09-29 00:17:00.912      749-762/? E/qcom_sensors_hal﹕ hal_acquire_resources: Failed for handle 2 @ samp 200 Hz rpt 0 Hz WuFF 0 batched 0
09-29 00:17:00.912    749-20778/? E/qcom_sensors_hal﹕ hal_process_buffering_resp: Result: 1, Error: 2
09-29 00:17:00.912      749-762/? E/qcom_sensors_hal﹕ hal_acquire_resources: Failed for handle 3 @ samp 30 Hz rpt 0 Hz WuFF 0 batched 0
09-29 00:17:00.912      193-193/? E/Sensors﹕ sns_acm_mr.c(625):Error allocating response message
09-29 00:17:00.912      193-193/? E/Sensors﹕ sns_main.c(1257):Error writing request. sns_err 2 error 0 qmi_err 0
09-29 00:17:00.912      749-780/? E/sensor_reg﹕ sensor_reg_process_resp: Error in RESP; result: 2
09-29 00:17:00.912      749-762/? E/sensor_reg﹕ sensor_reg_read: error processing message
09-29 00:17:00.912      749-762/? E/qcom_sensors_hal﹕ hal_get_raw_data_mode: Error in sensor_reg_read(): -3
09-29 00:17:00.912      193-193/? E/Sensors﹕ sns_acm_mr.c(625):Error allocating response message
09-29 00:17:00.912      193-193/? E/Sensors﹕ sns_main.c(1257):Error writing request. sns_err 2 error 0 qmi_err 0
09-29 00:17:00.912    749-20778/? E/qcom_sensors_hal﹕ hal_process_buffering_resp: Result: 1, Error: 2
09-29 00:17:00.912      749-762/? E/qcom_sensors_hal﹕ hal_acquire_resources: Failed for handle 10 @ samp 60 Hz rpt 0 Hz WuFF 0 batched 0
09-29 00:17:00.912      193-193/? E/Sensors﹕ sns_acm_mr.c(625):Error allocating response message
09-29 00:17:00.912      193-193/? E/Sensors﹕ sns_main.c(1257):Error writing request. sns_err 2 error 0 qmi_err 0
09-29 00:17:00.912      193-193/? E/Sensors﹕ sns_acm_mr.c(625):Error allocating response message
09-29 00:17:00.912      193-193/? E/Sensors﹕ sns_main.c(1257):Error writing request. sns_err 2 error 0 qmi_err 0
09-29 00:17:00.912    749-20778/? E/qcom_sensors_hal﹕ hal_process_sam_gravity_resp: Msg 0; Result: 1, Error: 2
09-29 00:17:00.912    749-20778/? E/qcom_sensors_hal﹕ hal_process_sam_gravity_resp: Msg 2; Result: 1, Error: 2
09-29 00:17:00.912      749-762/? E/qcom_sensors_hal﹕ hal_sam_grav_activate: Unable to enable gravity vector
09-29 00:17:00.912      749-762/? E/qcom_sensors_hal﹕ hal_acquire_resources: Failed for handle 12 @ samp 200 Hz rpt 0 Hz WuFF 0 batched 0
09-29 00:17:00.912      193-193/? E/Sensors﹕ sns_acm_mr.c(625):Error allocating response message
09-29 00:17:00.912      193-193/? E/Sensors﹕ sns_main.c(1257):Error writing request. sns_err 2 error 0 qmi_err 0
09-29 00:17:00.912      193-193/? E/Sensors﹕ sns_acm_mr.c(625):Error allocating response message
09-29 00:17:00.912      193-193/? E/Sensors﹕ sns_main.c(1257):Error writing request. sns_err 2 error 0 qmi_err 0
09-29 00:17:00.912    749-20778/? E/qcom_sensors_hal﹕ hal_process_sam_gravity_resp: Msg 0; Result: 1, Error: 2
09-29 00:17:00.912    749-20778/? E/qcom_sensors_hal﹕ hal_process_sam_gravity_resp: Msg 2; Result: 1, Error: 2
09-29 00:17:00.912      749-762/? E/qcom_sensors_hal﹕ hal_sam_grav_activate: Unable to enable gravity vector
09-29 00:17:00.912      749-762/? E/qcom_sensors_hal﹕ hal_acquire_resources: Failed for handle 13 @ samp 200 Hz rpt 0 Hz WuFF 0 batched 0
09-29 00:17:00.912      193-193/? E/Sensors﹕ sns_acm_mr.c(625):Error allocating response message
09-29 00:17:00.912      749-762/? E/qcom_sensors_hal﹕ hal_sam_rotv_activate: Unable to enable rotv
09-29 00:17:00.912      193-193/? E/Sensors﹕ sns_acm_mr.c(625):Error allocating response message
09-29 00:17:00.922  22614-22628/ess.imu_logger:background_logging_process I/ess.imu_logger.data_zip_upload.Zipper﹕ ZIPPPPING some Data!!
09-29 00:17:00.922      749-762/? E/qcom_sensors_hal﹕ hal_acquire_resources: Failed for handle 0 @ samp 200 Hz rpt 0 Hz WuFF 0 batched 0
09-29 00:17:00.922    749-20778/? E/qcom_sensors_hal﹕ hal_process_buffering_resp: Result: 1, Error: 2
09-29 00:17:00.922      193-193/? E/Sensors﹕ sns_main.c(1257):Error writing request. sns_err 2 error 0 qmi_err 0
09-29 00:17:00.922    749-20778/? E/qcom_sensors_hal﹕ hal_process_buffering_resp: Result: 1, Error: 2
09-29 00:17:00.922      749-762/? E/qcom_sensors_hal﹕ hal_acquire_resources: Failed for handle 3 @ samp 30 Hz rpt 0 Hz WuFF 0 batched 0
09-29 00:17:00.922      193-193/? E/Sensors﹕ sns_acm_mr.c(625):Error allocating response message
09-29 00:17:00.922      193-193/? E/Sensors﹕ sns_main.c(1257):Error writing request. sns_err 2 error 0 qmi_err 0
09-29 00:17:00.922      749-780/? E/sensor_reg﹕ sensor_reg_process_resp: Error in RESP; result: 2
09-29 00:17:00.922      749-762/? E/sensor_reg﹕ sensor_reg_read: error processing message
09-29 00:17:00.922      749-762/? E/qcom_sensors_hal﹕ hal_get_raw_data_mode: Error in sensor_reg_read(): -3
09-29 00:17:00.922      193-193/? E/Sensors﹕ sns_acm_mr.c(625):Error allocating response message
09-29 00:17:00.922      193-193/? E/Sensors﹕ sns_main.c(1257):Error writing request. sns_err 2 error 0 qmi_err 0
09-29 00:17:00.932    749-20778/? E/qcom_sensors_hal﹕ hal_process_buffering_resp: Result: 1, Error: 2
09-29 00:17:00.932      749-762/? E/qcom_sensors_hal﹕ hal_acquire_resources: Failed for handle 10 @ samp 60 Hz rpt 0 Hz WuFF 0 batched 0
09-29 00:17:00.932      193-193/? E/Sensors﹕ sns_acm_mr.c(625):Error allocating response message
09-29 00:17:00.932      193-193/? E/Sensors﹕ sns_main.c(1257):Error writing request. sns_err 2 error 0 qmi_err 0
09-29 00:17:00.932      193-193/? E/Sensors﹕ sns_acm_mr.c(625):Error allocating response message
09-29 00:17:00.932      193-193/? E/Sensors﹕ sns_main.c(1257):Error writing request. sns_err 2 error 0 qmi_err 0
09-29 00:17:00.932    749-20778/? E/qcom_sensors_hal﹕ hal_process_sam_gravity_resp: Msg 0; Result: 1, Error: 2
09-29 00:17:00.932    749-20778/? E/qcom_sensors_hal﹕ hal_process_sam_gravity_resp: Msg 2; Result: 1, Error: 2
09-29 00:17:00.932      749-762/? E/qcom_sensors_hal﹕ hal_sam_grav_activate: Unable to enable gravity vector
09-29 00:17:00.932      749-762/? E/qcom_sensors_hal﹕ hal_acquire_resources: Failed for handle 12 @ samp 200 Hz rpt 0 Hz WuFF 0 batched 0
09-29 00:17:00.932      193-193/? E/Sensors﹕ sns_acm_mr.c(625):Error allocating response message
09-29 00:17:00.932      193-193/? E/Sensors﹕ sns_main.c(1257):Error writing request. sns_err 2 error 0 qmi_err 0
09-29 00:17:00.932      193-193/? E/Sensors﹕ sns_acm_mr.c(625):Error allocating response message
09-29 00:17:00.932      193-193/? E/Sensors﹕ sns_main.c(1257):Error writing request. sns_err 2 error 0 qmi_err 0
09-29 00:17:00.932    749-20778/? E/qcom_sensors_hal﹕ hal_process_sam_gravity_resp: Msg 0; Result: 1, Error: 2
09-29 00:17:00.932    749-20778/? E/qcom_sensors_hal﹕ hal_process_sam_gravity_resp: Msg 2; Result: 1, Error: 2
09-29 00:17:00.932      749-762/? E/qcom_sensors_hal﹕ hal_sam_grav_activate: Unable to enable gravity vector
09-29 00:17:00.932      193-193/? E/Sensors﹕ sns_acm_mr.c(625):Error allocating response message
09-29 00:17:00.932      193-193/? E/Sensors﹕ sns_acm_mr.c(625):Error allocating response message
09-29 00:17:00.932      193-193/? E/Sensors﹕ sns_acm_mr.c(625):Error allocating response message
09-29 00:17:00.942      193-193/? E/Sensors﹕ sns_acm_mr.c(625):Error allocating response message
09-29 00:17:00.942      193-193/? E/Sensors﹕ sns_acm_mr.c(625):Error allocating response message
09-29 00:17:00.942      193-193/? E/Sensors﹕ sns_acm_mr.c(625):Error allocating response message
09-29 00:17:00.942      193-193/? E/Sensors﹕ sns_acm_mr.c(625):Error allocating response message
09-29 00:17:00.942      193-193/? E/Sensors﹕ sns_main.c(1257):Error writing request. sns_err 2 error 0 qmi_err 0
09-29 00:17:00.942    749-20778/? E/qcom_sensors_hal﹕ hal_process_buffering_resp: Result: 1, Error: 2
09-29 00:17:00.942      749-762/? E/qcom_sensors_hal﹕ hal_acquire_resources: Failed for handle 3 @ samp 30 Hz rpt 0 Hz WuFF 0 batched 0
09-29 00:17:00.942      193-193/? E/Sensors﹕ sns_acm_mr.c(625):Error allocating response message
09-29 00:17:00.942      193-193/? E/Sensors﹕ sns_main.c(1257):Error writing request. sns_err 2 error 0 qmi_err 0
09-29 00:17:00.942      749-780/? E/sensor_reg﹕ sensor_reg_process_resp: Error in RESP; result: 2
09-29 00:17:00.942      749-762/? E/sensor_reg﹕ sensor_reg_read: error processing message
09-29 00:17:00.942      749-762/? E/qcom_sensors_hal﹕ hal_get_raw_data_mode: Error in sensor_reg_read(): -3
09-29 00:17:00.942      193-193/? E/Sensors﹕ sns_acm_mr.c(625):Error allocating response message
09-29 00:17:00.942      193-193/? E/Sensors﹕ sns_main.c(1257):Error writing request. sns_err 2 error 0 qmi_err 0
09-29 00:17:00.942    749-20778/? E/qcom_sensors_hal﹕ hal_process_buffering_resp: Result: 1, Error: 2
09-29 00:17:00.942      749-762/? E/qcom_sensors_hal﹕ hal_acquire_resources: Failed for handle 10 @ samp 60 Hz rpt 0 Hz WuFF 0 batched 0
09-29 00:17:00.942      193-193/? E/Sensors﹕ sns_acm_mr.c(625):Error allocating response message
09-29 00:17:00.942      193-193/? E/Sensors﹕ sns_main.c(1257):Error writing request. sns_err 2 error 0 qmi_err 0
09-29 00:17:00.942      193-193/? E/Sensors﹕ sns_acm_mr.c(625):Error allocating response message
09-29 00:17:00.942      193-193/? E/Sensors﹕ sns_main.c(1257):Error writing request. sns_err 2 error 0 qmi_err 0
09-29 00:17:00.942    749-20778/? E/qcom_sensors_hal﹕ hal_process_sam_gravity_resp: Msg 0; Result: 1, Error: 2
09-29 00:17:00.942    749-20778/? E/qcom_sensors_hal﹕ hal_process_sam_gravity_resp: Msg 2; Result: 1, Error: 2
09-29 00:17:00.942      749-762/? E/qcom_sensors_hal﹕ hal_sam_grav_activate: Unable to enable gravity vector
09-29 00:17:00.942      749-762/? E/qcom_sensors_hal﹕ hal_acquire_resources: Failed for handle 12 @ samp 200 Hz rpt 0 Hz WuFF 0 batched 0
09-29 00:17:00.942      193-193/? E/Sensors﹕ sns_acm_mr.c(625):Error allocating response message
09-29 00:17:00.942      193-193/? E/Sensors﹕ sns_main.c(1257):Error writing request. sns_err 2 error 0 qmi_err 0
09-29 00:17:00.942      193-193/? E/Sensors﹕ sns_acm_mr.c(625):Error allocating response message
09-29 00:17:00.942      193-193/? E/Sensors﹕ sns_main.c(1257):Error writing request. sns_err 2 error 0 qmi_err 0
09-29 00:17:00.942    749-20778/? E/qcom_sensors_hal﹕ hal_process_sam_gravity_resp: Msg 0; Result: 1, Error: 2
09-29 00:17:00.942    749-20778/? E/qcom_sensors_hal﹕ hal_process_sam_gravity_resp: Msg 2; Result: 1, Error: 2
09-29 00:17:00.942      193-193/? E/Sensors﹕ sns_acm_mr.c(625):Error allocating response message
09-29 00:17:00.942      193-193/? E/Sensors﹕ sns_acm_mr.c(625):Error allocating response message
09-29 00:17:00.942      193-193/? E/Sensors﹕ sns_acm_mr.c(625):Error allocating response message
09-29 00:17:00.952      193-193/? E/Sensors﹕ sns_acm_mr.c(625):Error allocating response message
09-29 00:17:00.952      193-193/? E/Sensors﹕ sns_acm_mr.c(625):Error allocating response message
09-29 00:17:00.952      193-193/? E/Sensors﹕ sns_acm_mr.c(625):Error allocating response message
09-29 00:17:00.952      193-193/? E/Sensors﹕ sns_acm_mr.c(625):Error allocating response message
09-29 00:17:00.952      193-193/? E/Sensors﹕ sns_main.c(1257):Error writing request. sns_err 2 error 0 qmi_err 0
09-29 00:17:00.952    749-20778/? E/qcom_sensors_hal﹕ hal_process_buffering_resp: Result: 1, Error: 2
09-29 00:17:00.952      749-762/? E/qcom_sensors_hal﹕ hal_acquire_resources: Failed for handle 3 @ samp 30 Hz rpt 0 Hz WuFF 0 batched 0
09-29 00:17:00.952      193-193/? E/Sensors﹕ sns_acm_mr.c(625):Error allocating response message
09-29 00:17:00.952      193-193/? E/Sensors﹕ sns_main.c(1257):Error writing request. sns_err 2 error 0 qmi_err 0
09-29 00:17:00.952      749-780/? E/sensor_reg﹕ sensor_reg_process_resp: Error in RESP; result: 2
09-29 00:17:00.952      749-762/? E/sensor_reg﹕ sensor_reg_read: error processing message
09-29 00:17:00.952      749-762/? E/qcom_sensors_hal﹕ hal_get_raw_data_mode: Error in sensor_reg_read(): -3
09-29 00:17:00.952      193-193/? E/Sensors﹕ sns_acm_mr.c(625):Error allocating response message
09-29 00:17:00.952      193-193/? E/Sensors﹕ sns_main.c(1257):Error writing request. sns_err 2 error 0 qmi_err 0
09-29 00:17:00.952    749-20778/? E/qcom_sensors_hal﹕ hal_process_buffering_resp: Result: 1, Error: 2
09-29 00:17:00.952      749-762/? E/qcom_sensors_hal﹕ hal_acquire_resources: Failed for handle 10 @ samp 60 Hz rpt 0 Hz WuFF 0 batched 0
09-29 00:17:00.952      193-193/? E/Sensors﹕ sns_acm_mr.c(625):Error allocating response message
09-29 00:17:00.952      193-193/? E/Sensors﹕ sns_main.c(1257):Error writing request. sns_err 2 error 0 qmi_err 0
09-29 00:17:00.952      193-193/? E/Sensors﹕ sns_acm_mr.c(625):Error allocating response message
09-29 00:17:00.952      193-193/? E/Sensors﹕ sns_main.c(1257):Error writing request. sns_err 2 error 0 qmi_err 0
09-29 00:17:00.952    749-20778/? E/qcom_sensors_hal﹕ hal_process_sam_gravity_resp: Msg 0; Result: 1, Error: 2
09-29 00:17:00.952    749-20778/? E/qcom_sensors_hal﹕ hal_process_sam_gravity_resp: Msg 2; Result: 1, Error: 2
09-29 00:17:00.952      749-762/? E/qcom_sensors_hal﹕ hal_sam_grav_activate: Unable to enable gravity vector
09-29 00:17:00.952      749-762/? E/qcom_sensors_hal﹕ hal_acquire_resources: Failed for handle 12 @ samp 200 Hz rpt 0 Hz WuFF 0 batched 0
09-29 00:17:00.952      193-193/? E/Sensors﹕ sns_acm_mr.c(625):Error allocating response message
09-29 00:17:00.952      193-193/? E/Sensors﹕ sns_main.c(1257):Error writing request. sns_err 2 error 0 qmi_err 0
09-29 00:17:00.952      193-193/? E/Sensors﹕ sns_acm_mr.c(625):Error allocating response message
09-29 00:17:00.952      193-193/? E/Sensors﹕ sns_main.c(1257):Error writing request. sns_err 2 error 0 qmi_err 0
09-29 00:17:00.952    749-20778/? E/qcom_sensors_hal﹕ hal_process_sam_gravity_resp: Msg 0; Result: 1, Error: 2
09-29 00:17:00.952      749-762/? E/qcom_sensors_hal﹕ hal_acquire_resources: Failed for handle 13 @ samp 200 Hz rpt 0 Hz WuFF 0 batched 0
09-29 00:17:00.952    749-20778/? E/qcom_sensors_hal﹕ hal_process_sam_rotation_vector_resp: Msg 2; Result: 1, Error: 2
09-29 00:17:00.952    749-20778/? E/qcom_sensors_hal﹕ hal_process_sam_ped_resp: Msg 0; Result: 1, Error: 2
09-29 00:17:00.962    749-20778/? E/qcom_sensors_hal﹕ hal_process_sam_sensor_thresh_resp: Msg 0; Result: 1, Error: 2
09-29 00:17:00.972      193-193/? E/Sensors﹕ sns_main.c(1257):Error writing request. sns_err 2 error 0 qmi_err 0
09-29 00:17:00.972    749-20778/? E/qcom_sensors_hal﹕ hal_process_buffering_resp: Result: 1, Error: 2
09-29 00:17:00.972      193-193/? E/Sensors﹕ sns_main.c(1257):Error writing request. sns_err 2 error 0 qmi_err 0
09-29 00:17:00.972    749-20778/? E/qcom_sensors_hal﹕ hal_process_buffering_resp: Result: 1, Error: 2
09-29 00:17:00.972      749-762/? E/qcom_sensors_hal﹕ hal_acquire_resources: Failed for handle 3 @ samp 30 Hz rpt 0 Hz WuFF 0 batched 0
09-29 00:17:00.972      193-193/? E/Sensors﹕ sns_acm_mr.c(625):Error allocating response message
09-29 00:17:00.972      193-193/? E/Sensors﹕ sns_main.c(1257):Error writing request. sns_err 2 error 0 qmi_err 0
09-29 00:17:00.972      749-780/? E/sensor_reg﹕ sensor_reg_process_resp: Error in RESP; result: 2
09-29 00:17:00.972      749-762/? E/sensor_reg﹕ sensor_reg_read: error processing message
09-29 00:17:00.972      749-762/? E/qcom_sensors_hal﹕ hal_get_raw_data_mode: Error in sensor_reg_read(): -3
09-29 00:17:00.972      193-193/? E/Sensors﹕ sns_acm_mr.c(625):Error allocating response message
09-29 00:17:00.972      193-193/? E/Sensors﹕ sns_main.c(1257):Error writing request. sns_err 2 error 0 qmi_err 0
09-29 00:17:00.972    749-20778/? E/qcom_sensors_hal﹕ hal_process_buffering_resp: Result: 1, Error: 2
09-29 00:17:00.972      749-762/? E/qcom_sensors_hal﹕ hal_acquire_resources: Failed for handle 10 @ samp 60 Hz rpt 0 Hz WuFF 0 batched 0
09-29 00:17:00.972      193-193/? E/Sensors﹕ sns_acm_mr.c(625):Error allocating response message
09-29 00:17:00.972      193-193/? E/Sensors﹕ sns_main.c(1257):Error writing request. sns_err 2 error 0 qmi_err 0
09-29 00:17:00.972      193-193/? E/Sensors﹕ sns_acm_mr.c(625):Error allocating response message
09-29 00:17:00.972      193-193/? E/Sensors﹕ sns_main.c(1257):Error writing request. sns_err 2 error 0 qmi_err 0
09-29 00:17:00.972    749-20778/? E/qcom_sensors_hal﹕ hal_process_sam_gravity_resp: Msg 0; Result: 1, Error: 2
09-29 00:17:00.972    749-20778/? E/qcom_sensors_hal﹕ hal_process_sam_gravity_resp: Msg 2; Result: 1, Error: 2
09-29 00:17:00.972      749-762/? E/qcom_sensors_hal﹕ hal_sam_grav_activate: Unable to enable gravity vector
09-29 00:17:00.972      749-762/? E/qcom_sensors_hal﹕ hal_acquire_resources: Failed for handle 12 @ samp 200 Hz rpt 0 Hz WuFF 0 batched 0
09-29 00:17:00.972      193-193/? E/Sensors﹕ sns_acm_mr.c(625):Error allocating response message
09-29 00:17:00.972      193-193/? E/Sensors﹕ sns_main.c(1257):Error writing request. sns_err 2 error 0 qmi_err 0
09-29 00:17:00.972      193-193/? E/Sensors﹕ sns_acm_mr.c(625):Error allocating response message
09-29 00:17:00.972      193-193/? E/Sensors﹕ sns_main.c(1257):Error writing request. sns_err 2 error 0 qmi_err 0
09-29 00:17:00.972    749-20778/? E/qcom_sensors_hal﹕ hal_process_sam_gravity_resp: Msg 0; Result: 1, Error: 2
09-29 00:17:00.972    749-20778/? E/qcom_sensors_hal﹕ hal_process_sam_gravity_resp: Msg 2; Result: 1, Error: 2
09-29 00:17:00.972      749-762/? E/qcom_sensors_hal﹕ hal_sam_grav_activate: Unable to enable gravity vector
09-29 00:17:00.972      193-193/? E/Sensors﹕ sns_acm_mr.c(625):Error allocating response message
09-29 00:17:00.972      193-193/? E/Sensors﹕ sns_acm_mr.c(625):Error allocating response message
09-29 00:17:00.972      193-193/? E/Sensors﹕ sns_acm_mr.c(625):Error allocating response message
09-29 00:17:00.982      193-193/? E/Sensors﹕ sns_acm_mr.c(625):Error allocating response message
09-29 00:17:00.982      193-193/? E/Sensors﹕ sns_acm_mr.c(625):Error allocating response message
09-29 00:17:00.982      193-193/? E/Sensors﹕ sns_acm_mr.c(625):Error allocating response message
09-29 00:17:00.982      193-193/? E/Sensors﹕ sns_acm_mr.c(625):Error allocating response message
09-29 00:17:00.982      193-193/? E/Sensors﹕ sns_main.c(1257):Error writing request. sns_err 2 error 0 qmi_err 0
09-29 00:17:00.982    749-20778/? E/qcom_sensors_hal﹕ hal_process_buffering_resp: Result: 1, Error: 2
09-29 00:17:00.982      749-762/? E/qcom_sensors_hal﹕ hal_acquire_resources: Failed for handle 3 @ samp 30 Hz rpt 0 Hz WuFF 0 batched 0
09-29 00:17:00.982      193-193/? E/Sensors﹕ sns_acm_mr.c(625):Error allocating response message
09-29 00:17:00.982      193-193/? E/Sensors﹕ sns_main.c(1257):Error writing request. sns_err 2 error 0 qmi_err 0
09-29 00:17:00.982      749-780/? E/sensor_reg﹕ sensor_reg_process_resp: Error in RESP; result: 2
09-29 00:17:00.982      749-762/? E/sensor_reg﹕ sensor_reg_read: error processing message
09-29 00:17:00.982      749-762/? E/qcom_sensors_hal﹕ hal_get_raw_data_mode: Error in sensor_reg_read(): -3
09-29 00:17:00.982      193-193/? E/Sensors﹕ sns_acm_mr.c(625):Error allocating response message
09-29 00:17:00.982      193-193/? E/Sensors﹕ sns_main.c(1257):Error writing request. sns_err 2 error 0 qmi_err 0
09-29 00:17:00.982    749-20778/? E/qcom_sensors_hal﹕ hal_process_buffering_resp: Result: 1, Error: 2
09-29 00:17:00.982      749-762/? E/qcom_sensors_hal﹕ hal_acquire_resources: Failed for handle 10 @ samp 60 Hz rpt 0 Hz WuFF 0 batched 0
09-29 00:17:00.982      193-193/? E/Sensors﹕ sns_acm_mr.c(625):Error allocating response message
09-29 00:17:00.982      193-193/? E/Sensors﹕ sns_main.c(1257):Error writing request. sns_err 2 error 0 qmi_err 0
09-29 00:17:00.982      193-193/? E/Sensors﹕ sns_acm_mr.c(625):Error allocating response message
09-29 00:17:00.982      193-193/? E/Sensors﹕ sns_main.c(1257):Error writing request. sns_err 2 error 0 qmi_err 0
09-29 00:17:00.982    749-20778/? E/qcom_sensors_hal﹕ hal_process_sam_gravity_resp: Msg 0; Result: 1, Error: 2
09-29 00:17:00.982    749-20778/? E/qcom_sensors_hal﹕ hal_process_sam_gravity_resp: Msg 2; Result: 1, Error: 2
09-29 00:17:00.982      749-762/? E/qcom_sensors_hal﹕ hal_sam_grav_activate: Unable to enable gravity vector
09-29 00:17:00.982      749-762/? E/qcom_sensors_hal﹕ hal_acquire_resources: Failed for handle 12 @ samp 200 Hz rpt 0 Hz WuFF 0 batched 0
09-29 00:17:00.982      193-193/? E/Sensors﹕ sns_acm_mr.c(625):Error allocating response message
09-29 00:17:00.982      193-193/? E/Sensors﹕ sns_main.c(1257):Error writing request. sns_err 2 error 0 qmi_err 0
09-29 00:17:00.982      193-193/? E/Sensors﹕ sns_acm_mr.c(625):Error allocating response message
09-29 00:17:00.982      193-193/? E/Sensors﹕ sns_main.c(1257):Error writing request. sns_err 2 error 0 qmi_err 0
09-29 00:17:00.982    749-20778/? E/qcom_sensors_hal﹕ hal_process_sam_gravity_resp: Msg 0; Result: 1, Error: 2
09-29 00:17:00.982      193-193/? E/Sensors﹕ sns_acm_mr.c(625):Error allocating response message
09-29 00:17:00.982      749-762/? E/qcom_sensors_hal﹕ hal_acquire_resources: Failed for handle 19 @ samp 200 Hz rpt 0 Hz WuFF 0 batched 0
09-29 00:17:00.982      749-762/? E/qcom_sensors_hal﹕ hal_acquire_resources: Failed for handle 27 @ samp 1 Hz rpt 0 Hz WuFF 0 batched 0
09-29 00:17:00.992      193-193/? E/Sensors﹕ sns_acm_mr.c(625):Error allocating response message
09-29 00:17:00.992      193-193/? E/Sensors﹕ sns_acm_mr.c(625):Error allocating response message
09-29 00:17:01.002      193-193/? E/Sensors﹕ sns_acm_mr.c(625):Error allocating response message
09-29 00:17:01.002      193-193/? E/Sensors﹕ sns_acm_mr.c(625):Error allocating response message
09-29 00:17:01.002      193-193/? E/Sensors﹕ sns_main.c(1257):Error writing request. sns_err 2 error 0 qmi_err 0
09-29 00:17:01.002    749-20778/? E/qcom_sensors_hal﹕ hal_process_buffering_resp: Result: 1, Error: 2
09-29 00:17:01.002      749-762/? E/qcom_sensors_hal﹕ hal_acquire_resources: Failed for handle 3 @ samp 30 Hz rpt 0 Hz WuFF 0 batched 0
09-29 00:17:01.002      193-193/? E/Sensors﹕ sns_acm_mr.c(625):Error allocating response message
09-29 00:17:01.002      193-193/? E/Sensors﹕ sns_main.c(1257):Error writing request. sns_err 2 error 0 qmi_err 0
09-29 00:17:01.002      749-780/? E/sensor_reg﹕ sensor_reg_process_resp: Error in RESP; result: 2
09-29 00:17:01.002      749-762/? E/sensor_reg﹕ sensor_reg_read: error processing message
09-29 00:17:01.002      749-762/? E/qcom_sensors_hal﹕ hal_get_raw_data_mode: Error in sensor_reg_read(): -3
09-29 00:17:01.002      193-193/? E/Sensors﹕ sns_acm_mr.c(625):Error allocating response message
09-29 00:17:01.002      193-193/? E/Sensors﹕ sns_main.c(1257):Error writing request. sns_err 2 error 0 qmi_err 0
09-29 00:17:01.002    749-20778/? E/qcom_sensors_hal﹕ hal_process_buffering_resp: Result: 1, Error: 2
09-29 00:17:01.002      749-762/? E/qcom_sensors_hal﹕ hal_acquire_resources: Failed for handle 10 @ samp 60 Hz rpt 0 Hz WuFF 0 batched 0
09-29 00:17:01.002      193-193/? E/Sensors﹕ sns_acm_mr.c(625):Error allocating response message
09-29 00:17:01.002      193-193/? E/Sensors﹕ sns_main.c(1257):Error writing request. sns_err 2 error 0 qmi_err 0
09-29 00:17:01.002      193-193/? E/Sensors﹕ sns_acm_mr.c(625):Error allocating response message
09-29 00:17:01.002      193-193/? E/Sensors﹕ sns_main.c(1257):Error writing request. sns_err 2 error 0 qmi_err 0
09-29 00:17:01.002    749-20778/? E/qcom_sensors_hal﹕ hal_process_sam_gravity_resp: Msg 0; Result: 1, Error: 2
09-29 00:17:01.002    749-20778/? E/qcom_sensors_hal﹕ hal_process_sam_gravity_resp: Msg 2; Result: 1, Error: 2
09-29 00:17:01.002      749-762/? E/qcom_sensors_hal﹕ hal_sam_grav_activate: Unable to enable gravity vector
09-29 00:17:01.002      749-762/? E/qcom_sensors_hal﹕ hal_acquire_resources: Failed for handle 12 @ samp 200 Hz rpt 0 Hz WuFF 0 batched 0
09-29 00:17:01.002      193-193/? E/Sensors﹕ sns_acm_mr.c(625):Error allocating response message
09-29 00:17:01.002      193-193/? E/Sensors﹕ sns_main.c(1257):Error writing request. sns_err 2 error 0 qmi_err 0
09-29 00:17:01.002      193-193/? E/Sensors﹕ sns_acm_mr.c(625):Error allocating response message
09-29 00:17:01.002      193-193/? E/Sensors﹕ sns_main.c(1257):Error writing request. sns_err 2 error 0 qmi_err 0
09-29 00:17:01.002    749-20778/? E/qcom_sensors_hal﹕ hal_process_sam_gravity_resp: Msg 0; Result: 1, Error: 2
09-29 00:17:01.002    749-20778/? E/qcom_sensors_hal﹕ hal_process_sam_gravity_resp: Msg 2; Result: 1, Error: 2
09-29 00:17:01.002      749-762/? E/qcom_sensors_hal﹕ hal_sam_grav_activate: Unable to enable gravity vector
09-29 00:17:01.002      749-762/? E/qcom_sensors_hal﹕ hal_acquire_resources: Failed for handle 13 @ samp 200 Hz rpt 0 Hz WuFF 0 batched 0
09-29 00:17:01.002    749-20778/? E/qcom_sensors_hal﹕ hal_process_sam_rotation_vector_resp: Msg 2; Result: 1, Error: 2
09-29 00:17:01.002    749-20778/? E/qcom_sensors_hal﹕ hal_process_sam_ped_resp: Msg 0; Result: 1, Error: 2
09-29 00:17:01.002    749-20778/? E/qcom_sensors_hal﹕ hal_process_sam_sensor_thresh_resp: Msg 0; Result: 1, Error: 2
09-29 00:17:01.012      193-193/? E/Sensors﹕ sns_main.c(1257):Error writing request. sns_err 2 error 0 qmi_err 0
09-29 00:17:01.012      749-762/? E/qcom_sensors_hal﹕ hal_get_raw_data_mode: Error in sensor_reg_read(): -3
09-29 00:17:01.012      749-780/? E/sensor_reg﹕ sensor_reg_process_resp: Error in RESP; result: 2
09-29 00:17:01.012      193-193/? E/Sensors﹕ sns_acm_mr.c(625):Error allocating response message
09-29 00:17:01.012      193-193/? E/Sensors﹕ sns_main.c(1257):Error writing request. sns_err 2 error 0 qmi_err 0
09-29 00:17:01.012    749-20778/? E/qcom_sensors_hal﹕ hal_process_buffering_resp: Result: 1, Error: 2
09-29 00:17:01.012      749-762/? E/qcom_sensors_hal﹕ hal_acquire_resources: Failed for handle 3 @ samp 30 Hz rpt 0 Hz WuFF 0 batched 0
09-29 00:17:01.012      193-193/? E/Sensors﹕ sns_acm_mr.c(625):Error allocating response message
09-29 00:17:01.012      193-193/? E/Sensors﹕ sns_main.c(1257):Error writing request. sns_err 2 error 0 qmi_err 0
09-29 00:17:01.012      749-780/? E/sensor_reg﹕ sensor_reg_process_resp: Error in RESP; result: 2
09-29 00:17:01.012      749-762/? E/sensor_reg﹕ sensor_reg_read: error processing message
09-29 00:17:01.012      749-762/? E/qcom_sensors_hal﹕ hal_get_raw_data_mode: Error in sensor_reg_read(): -3
09-29 00:17:01.012      193-193/? E/Sensors﹕ sns_acm_mr.c(625):Error allocating response message
09-29 00:17:01.012      193-193/? E/Sensors﹕ sns_main.c(1257):Error writing request. sns_err 2 error 0 qmi_err 0
09-29 00:17:01.012    749-20778/? E/qcom_sensors_hal﹕ hal_process_buffering_resp: Result: 1, Error: 2
09-29 00:17:01.012      749-762/? E/qcom_sensors_hal﹕ hal_acquire_resources: Failed for handle 10 @ samp 60 Hz rpt 0 Hz WuFF 0 batched 0
09-29 00:17:01.012      193-193/? E/Sensors﹕ sns_acm_mr.c(625):Error allocating response message
09-29 00:17:01.012      193-193/? E/Sensors﹕ sns_main.c(1257):Error writing request. sns_err 2 error 0 qmi_err 0
09-29 00:17:01.012      193-193/? E/Sensors﹕ sns_acm_mr.c(625):Error allocating response message
09-29 00:17:01.012      193-193/? E/Sensors﹕ sns_main.c(1257):Error writing request. sns_err 2 error 0 qmi_err 0
09-29 00:17:01.012    749-20778/? E/qcom_sensors_hal﹕ hal_process_sam_gravity_resp: Msg 0; Result: 1, Error: 2
09-29 00:17:01.012    749-20778/? E/qcom_sensors_hal﹕ hal_process_sam_gravity_resp: Msg 2; Result: 1, Error: 2
09-29 00:17:01.012      749-762/? E/qcom_sensors_hal﹕ hal_sam_grav_activate: Unable to enable gravity vector
09-29 00:17:01.012      749-762/? E/qcom_sensors_hal﹕ hal_acquire_resources: Failed for handle 12 @ samp 200 Hz rpt 0 Hz WuFF 0 batched 0
09-29 00:17:01.012      193-193/? E/Sensors﹕ sns_acm_mr.c(625):Error allocating response message
09-29 00:17:01.012      193-193/? E/Sensors﹕ sns_main.c(1257):Error writing request. sns_err 2 error 0 qmi_err 0
09-29 00:17:01.012      193-193/? E/Sensors﹕ sns_acm_mr.c(625):Error allocating response message
09-29 00:17:01.012      193-193/? E/Sensors﹕ sns_main.c(1257):Error writing request. sns_err 2 error 0 qmi_err 0
09-29 00:17:01.012    749-20778/? E/qcom_sensors_hal﹕ hal_process_sam_gravity_resp: Msg 0; Result: 1, Error: 2
09-29 00:17:01.012    749-20778/? E/qcom_sensors_hal﹕ hal_process_sam_gravity_resp: Msg 2; Result: 1, Error: 2
09-29 00:17:01.012      749-762/? E/qcom_sensors_hal﹕ hal_sam_grav_activate: Unable to enable gravity vector
09-29 00:17:01.012    749-20778/? E/qcom_sensors_hal﹕ hal_process_sam_rotation_vector_resp: Msg 0; Result: 1, Error: 2
09-29 00:17:01.012      193-193/? E/Sensors﹕ sns_acm_mr.c(625):Error allocating response message
09-29 00:17:01.012      193-193/? E/Sensors﹕ sns_acm_mr.c(625):Error allocating response message
09-29 00:17:01.022      749-780/? E/sensor_reg﹕ sensor_reg_process_resp: Error in RESP; result: 2
09-29 00:17:01.022      749-780/? E/sensor_reg﹕ sensor_reg_process_resp: Error in RESP; result: 2
09-29 00:17:01.022    749-20778/? E/qcom_sensors_hal﹕ hal_process_buffering_resp: Result: 1, Error: 2
09-29 00:17:01.022      193-193/? E/Sensors﹕ sns_main.c(1257):Error writing request. sns_err 2 error 0 qmi_err 0
09-29 00:17:01.022    749-20778/? E/qcom_sensors_hal﹕ hal_process_buffering_resp: Result: 1, Error: 2
09-29 00:17:01.022      749-762/? E/qcom_sensors_hal﹕ hal_acquire_resources: Failed for handle 3 @ samp 30 Hz rpt 0 Hz WuFF 0 batched 0
09-29 00:17:01.022      193-193/? E/Sensors﹕ sns_acm_mr.c(625):Error allocating response message
09-29 00:17:01.022      193-193/? E/Sensors﹕ sns_main.c(1257):Error writing request. sns_err 2 error 0 qmi_err 0
09-29 00:17:01.022      749-780/? E/sensor_reg﹕ sensor_reg_process_resp: Error in RESP; result: 2
09-29 00:17:01.022      749-762/? E/sensor_reg﹕ sensor_reg_read: error processing message
09-29 00:17:01.022      749-762/? E/qcom_sensors_hal﹕ hal_get_raw_data_mode: Error in sensor_reg_read(): -3
09-29 00:17:01.022      193-193/? E/Sensors﹕ sns_acm_mr.c(625):Error allocating response message
09-29 00:17:01.022      193-193/? E/Sensors﹕ sns_main.c(1257):Error writing request. sns_err 2 error 0 qmi_err 0
09-29 00:17:01.022    749-20778/? E/qcom_sensors_hal﹕ hal_process_buffering_resp: Result: 1, Error: 2
09-29 00:17:01.022      749-762/? E/qcom_sensors_hal﹕ hal_acquire_resources: Failed for handle 10 @ samp 60 Hz rpt 0 Hz WuFF 0 batched 0
09-29 00:17:01.022      193-193/? E/Sensors﹕ sns_acm_mr.c(625):Error allocating response message
09-29 00:17:01.022      193-193/? E/Sensors﹕ sns_main.c(1257):Error writing request. sns_err 2 error 0 qmi_err 0
09-29 00:17:01.022      193-193/? E/Sensors﹕ sns_acm_mr.c(625):Error allocating response message
09-29 00:17:01.022      193-193/? E/Sensors﹕ sns_main.c(1257):Error writing request. sns_err 2 error 0 qmi_err 0
09-29 00:17:01.022    749-20778/? E/qcom_sensors_hal﹕ hal_process_sam_gravity_resp: Msg 0; Result: 1, Error: 2
09-29 00:17:01.022    749-20778/? E/qcom_sensors_hal﹕ hal_process_sam_gravity_resp: Msg 2; Result: 1, Error: 2
09-29 00:17:01.022      749-762/? E/qcom_sensors_hal﹕ hal_sam_grav_activate: Unable to enable gravity vector
09-29 00:17:01.022      749-762/? E/qcom_sensors_hal﹕ hal_acquire_resources: Failed for handle 12 @ samp 200 Hz rpt 0 Hz WuFF 0 batched 0
09-29 00:17:01.022      193-193/? E/Sensors﹕ sns_acm_mr.c(625):Error allocating response message
09-29 00:17:01.022      193-193/? E/Sensors﹕ sns_main.c(1257):Error writing request. sns_err 2 error 0 qmi_err 0
09-29 00:17:01.022      193-193/? E/Sensors﹕ sns_acm_mr.c(625):Error allocating response message
09-29 00:17:01.022      193-193/? E/Sensors﹕ sns_main.c(1257):Error writing request. sns_err 2 error 0 qmi_err 0
09-29 00:17:01.022    749-20778/? E/qcom_sensors_hal﹕ hal_process_sam_gravity_resp: Msg 0; Result: 1, Error: 2
09-29 00:17:01.022    749-20778/? E/qcom_sensors_hal﹕ hal_process_sam_gravity_resp: Msg 2; Result: 1, Error: 2
09-29 00:17:01.022      749-762/? E/qcom_sensors_hal﹕ hal_sam_grav_activate: Unable to enable gravity vector
09-29 00:17:01.022      749-762/? E/qcom_sensors_hal﹕ hal_acquire_resources: Failed for handle 13 @ samp 200 Hz rpt 0 Hz WuFF 0 batched 0
09-29 00:17:01.022      193-193/? E/Sensors﹕ sns_acm_mr.c(625):Error allocating response message
09-29 00:17:01.022      749-762/? E/qcom_sensors_hal﹕ hal_acquire_resources: Failed for handle 19 @ samp 200 Hz rpt 0 Hz WuFF 0 batched 0
09-29 00:17:01.022      749-762/? E/qcom_sensors_hal﹕ hal_sam_ped_activate: Unable to enable ped
09-29 00:17:01.022      749-762/? E/qcom_sensors_hal﹕ hal_acquire_resources: Failed for handle 31 @ samp 20 Hz rpt 0 Hz WuFF 0 batched 0
09-29 00:17:01.032      193-193/? E/Sensors﹕ sns_main.c(1257):Error writing request. sns_err 2 error 0 qmi_err 0
09-29 00:17:01.032      749-762/? E/qcom_sensors_hal﹕ hal_get_raw_data_mode: Error in sensor_reg_read(): -3
09-29 00:17:01.032      749-762/? E/qcom_sensors_hal﹕ hal_get_raw_data_mode: Error in sensor_reg_read(): -3
09-29 00:17:01.032      193-193/? E/Sensors﹕ sns_acm_mr.c(625):Error allocating response message
09-29 00:17:01.032      193-193/? E/Sensors﹕ sns_main.c(1257):Error writing request. sns_err 2 error 0 qmi_err 0
09-29 00:17:01.032    749-20778/? E/qcom_sensors_hal﹕ hal_process_buffering_resp: Result: 1, Error: 2
09-29 00:17:01.032      749-762/? E/qcom_sensors_hal﹕ hal_acquire_resources: Failed for handle 3 @ samp 30 Hz rpt 0 Hz WuFF 0 batched 0
09-29 00:17:01.032      193-193/? E/Sensors﹕ sns_acm_mr.c(625):Error allocating response message
09-29 00:17:01.032      193-193/? E/Sensors﹕ sns_main.c(1257):Error writing request. sns_err 2 error 0 qmi_err 0
09-29 00:17:01.032      749-780/? E/sensor_reg﹕ sensor_reg_process_resp: Error in RESP; result: 2
09-29 00:17:01.032      749-762/? E/sensor_reg﹕ sensor_reg_read: error processing message
09-29 00:17:01.032      749-762/? E/qcom_sensors_hal﹕ hal_get_raw_data_mode: Error in sensor_reg_read(): -3
09-29 00:17:01.032      193-193/? E/Sensors﹕ sns_acm_mr.c(625):Error allocating response message
09-29 00:17:01.032      193-193/? E/Sensors﹕ sns_main.c(1257):Error writing request. sns_err 2 error 0 qmi_err 0
09-29 00:17:01.032    749-20778/? E/qcom_sensors_hal﹕ hal_process_buffering_resp: Result: 1, Error: 2
09-29 00:17:01.032      749-762/? E/qcom_sensors_hal﹕ hal_acquire_resources: Failed for handle 10 @ samp 60 Hz rpt 0 Hz WuFF 0 batched 0
09-29 00:17:01.032      193-193/? E/Sensors﹕ sns_acm_mr.c(625):Error allocating response message
09-29 00:17:01.032      193-193/? E/Sensors﹕ sns_main.c(1257):Error writing request. sns_err 2 error 0 qmi_err 0
09-29 00:17:01.032      193-193/? E/Sensors﹕ sns_acm_mr.c(625):Error allocating response message
09-29 00:17:01.032      193-193/? E/Sensors﹕ sns_main.c(1257):Error writing request. sns_err 2 error 0 qmi_err 0
09-29 00:17:01.042    749-20778/? E/qcom_sensors_hal﹕ hal_process_sam_gravity_resp: Msg 0; Result: 1, Error: 2
09-29 00:17:01.042    749-20778/? E/qcom_sensors_hal﹕ hal_process_sam_gravity_resp: Msg 2; Result: 1, Error: 2
09-29 00:17:01.042      749-762/? E/qcom_sensors_hal﹕ hal_sam_grav_activate: Unable to enable gravity vector
09-29 00:17:01.042      749-762/? E/qcom_sensors_hal﹕ hal_acquire_resources: Failed for handle 12 @ samp 200 Hz rpt 0 Hz WuFF 0 batched 0
09-29 00:17:01.042      193-193/? E/Sensors﹕ sns_acm_mr.c(625):Error allocating response message
09-29 00:17:01.042      193-193/? E/Sensors﹕ sns_main.c(1257):Error writing request. sns_err 2 error 0 qmi_err 0
09-29 00:17:01.042      193-193/? E/Sensors﹕ sns_acm_mr.c(625):Error allocating response message
09-29 00:17:01.042      193-193/? E/Sensors﹕ sns_main.c(1257):Error writing request. sns_err 2 error 0 qmi_err 0
09-29 00:17:01.042    749-20778/? E/qcom_sensors_hal﹕ hal_process_sam_gravity_resp: Msg 0; Result: 1, Error: 2
09-29 00:17:01.042    749-20778/? E/qcom_sensors_hal﹕ hal_process_sam_gravity_resp: Msg 2; Result: 1, Error: 2
09-29 00:17:01.042      193-193/? E/Sensors﹕ sns_acm_mr.c(625):Error allocating response message
09-29 00:17:01.042      749-762/? E/qcom_sensors_hal﹕ hal_acquire_resources: Failed for handle 19 @ samp 200 Hz rpt 0 Hz WuFF 0 batched 0
09-29 00:17:01.042      749-762/? E/qcom_sensors_hal﹕ hal_sam_ped_activate: Unable to enable ped
09-29 00:17:01.042      749-762/? E/qcom_sensors_hal﹕ hal_acquire_resources: Failed for handle 31 @ samp 20 Hz rpt 0 Hz WuFF 0 batched 0
09-29 00:17:01.052      749-762/? E/qcom_sensors_hal﹕ hal_acquire_resources: Failed for handle 0 @ samp 200 Hz rpt 0 Hz WuFF 0 batched 0
09-29 00:17:01.052    749-20778/? E/qcom_sensors_hal﹕ hal_process_buffering_resp: Result: 1, Error: 2
09-29 00:17:01.052      193-193/? E/Sensors﹕ sns_main.c(1257):Error writing request. sns_err 2 error 0 qmi_err 0
09-29 00:17:01.052    749-20778/? E/qcom_sensors_hal﹕ hal_process_buffering_resp: Result: 1, Error: 2
09-29 00:17:01.052      749-762/? E/qcom_sensors_hal﹕ hal_acquire_resources: Failed for handle 3 @ samp 30 Hz rpt 0 Hz WuFF 0 batched 0
09-29 00:17:01.052      193-193/? E/Sensors﹕ sns_acm_mr.c(625):Error allocating response message
09-29 00:17:01.052      193-193/? E/Sensors﹕ sns_main.c(1257):Error writing request. sns_err 2 error 0 qmi_err 0
09-29 00:17:01.052      749-780/? E/sensor_reg﹕ sensor_reg_process_resp: Error in RESP; result: 2
09-29 00:17:01.052      749-762/? E/sensor_reg﹕ sensor_reg_read: error processing message
09-29 00:17:01.052      749-762/? E/qcom_sensors_hal﹕ hal_get_raw_data_mode: Error in sensor_reg_read(): -3
09-29 00:17:01.052      193-193/? E/Sensors﹕ sns_acm_mr.c(625):Error allocating response message
09-29 00:17:01.052      193-193/? E/Sensors﹕ sns_main.c(1257):Error writing request. sns_err 2 error 0 qmi_err 0
09-29 00:17:01.052    749-20778/? E/qcom_sensors_hal﹕ hal_process_buffering_resp: Result: 1, Error: 2
09-29 00:17:01.052      749-762/? E/qcom_sensors_hal﹕ hal_acquire_resources: Failed for handle 10 @ samp 60 Hz rpt 0 Hz WuFF 0 batched 0
09-29 00:17:01.052      193-193/? E/Sensors﹕ sns_acm_mr.c(625):Error allocating response message
09-29 00:17:01.052      193-193/? E/Sensors﹕ sns_main.c(1257):Error writing request. sns_err 2 error 0 qmi_err 0
09-29 00:17:01.052      193-193/? E/Sensors﹕ sns_acm_mr.c(625):Error allocating response message
09-29 00:17:01.052      193-193/? E/Sensors﹕ sns_main.c(1257):Error writing request. sns_err 2 error 0 qmi_err 0
09-29 00:17:01.052    749-20778/? E/qcom_sensors_hal﹕ hal_process_sam_gravity_resp: Msg 0; Result: 1, Error: 2
09-29 00:17:01.052    749-20778/? E/qcom_sensors_hal﹕ hal_process_sam_gravity_resp: Msg 2; Result: 1, Error: 2
09-29 00:17:01.052      749-762/? E/qcom_sensors_hal﹕ hal_sam_grav_activate: Unable to enable gravity vector
09-29 00:17:01.052      749-762/? E/qcom_sensors_hal﹕ hal_acquire_resources: Failed for handle 12 @ samp 200 Hz rpt 0 Hz WuFF 0 batched 0
09-29 00:17:01.052      193-193/? E/Sensors﹕ sns_acm_mr.c(625):Error allocating response message
09-29 00:17:01.052      193-193/? E/Sensors﹕ sns_main.c(1257):Error writing request. sns_err 2 error 0 qmi_err 0
09-29 00:17:01.052      193-193/? E/Sensors﹕ sns_acm_mr.c(625):Error allocating response message
09-29 00:17:01.052      193-193/? E/Sensors﹕ sns_main.c(1257):Error writing request. sns_err 2 error 0 qmi_err 0
09-29 00:17:01.052    749-20778/? E/qcom_sensors_hal﹕ hal_process_sam_gravity_resp: Msg 0; Result: 1, Error: 2
09-29 00:17:01.052    749-20778/? E/qcom_sensors_hal﹕ hal_process_sam_gravity_resp: Msg 2; Result: 1, Error: 2
09-29 00:17:01.052      749-762/? E/qcom_sensors_hal﹕ hal_sam_grav_activate: Unable to enable gravity vector
09-29 00:17:01.052      749-762/? E/qcom_sensors_hal﹕ hal_acquire_resources: Failed for handle 13 @ samp 200 Hz rpt 0 Hz WuFF 0 batched 0
09-29 00:17:01.052      193-193/? E/Sensors﹕ sns_acm_mr.c(625):Error allocating response message
09-29 00:17:01.052      193-193/? E/Sensors﹕ sns_acm_mr.c(625):Error allocating response message
09-29 00:17:01.052      193-193/? E/Sensors﹕ sns_acm_mr.c(625):Error allocating response message
09-29 00:17:01.062      193-193/? E/Sensors﹕ sns_acm_mr.c(625):Error allocating response message
