09-29 00:17:01.062      193-193/? E/Sensors﹕ sns_acm_mr.c(625):Error allocating response message
09-29 00:17:01.062      193-193/? E/Sensors﹕ sns_acm_mr.c(625):Error allocating response message
09-29 00:17:01.062      193-193/? E/Sensors﹕ sns_acm_mr.c(625):Error allocating response message
09-29 00:17:01.062      193-193/? E/Sensors﹕ sns_main.c(1257):Error writing request. sns_err 2 error 0 qmi_err 0
09-29 00:17:01.062    749-20778/? E/qcom_sensors_hal﹕ hal_process_buffering_resp: Result: 1, Error: 2
09-29 00:17:01.062      749-762/? E/qcom_sensors_hal﹕ hal_acquire_resources: Failed for handle 3 @ samp 30 Hz rpt 0 Hz WuFF 0 batched 0
09-29 00:17:01.062      193-193/? E/Sensors﹕ sns_acm_mr.c(625):Error allocating response message
09-29 00:17:01.062      193-193/? E/Sensors﹕ sns_main.c(1257):Error writing request. sns_err 2 error 0 qmi_err 0
09-29 00:17:01.062      749-780/? E/sensor_reg﹕ sensor_reg_process_resp: Error in RESP; result: 2
09-29 00:17:01.062      749-762/? E/sensor_reg﹕ sensor_reg_read: error processing message
09-29 00:17:01.062      749-762/? E/qcom_sensors_hal﹕ hal_get_raw_data_mode: Error in sensor_reg_read(): -3
09-29 00:17:01.062      193-193/? E/Sensors﹕ sns_acm_mr.c(625):Error allocating response message
09-29 00:17:01.062      193-193/? E/Sensors﹕ sns_main.c(1257):Error writing request. sns_err 2 error 0 qmi_err 0
09-29 00:17:01.062    749-20778/? E/qcom_sensors_hal﹕ hal_process_buffering_resp: Result: 1, Error: 2
09-29 00:17:01.062      749-762/? E/qcom_sensors_hal﹕ hal_acquire_resources: Failed for handle 10 @ samp 60 Hz rpt 0 Hz WuFF 0 batched 0
09-29 00:17:01.062      193-193/? E/Sensors﹕ sns_acm_mr.c(625):Error allocating response message
09-29 00:17:01.062      193-193/? E/Sensors﹕ sns_main.c(1257):Error writing request. sns_err 2 error 0 qmi_err 0
09-29 00:17:01.062      193-193/? E/Sensors﹕ sns_acm_mr.c(625):Error allocating response message
09-29 00:17:01.062      193-193/? E/Sensors﹕ sns_main.c(1257):Error writing request. sns_err 2 error 0 qmi_err 0
09-29 00:17:01.062    749-20778/? E/qcom_sensors_hal﹕ hal_process_sam_gravity_resp: Msg 0; Result: 1, Error: 2
09-29 00:17:01.062    749-20778/? E/qcom_sensors_hal﹕ hal_process_sam_gravity_resp: Msg 2; Result: 1, Error: 2
09-29 00:17:01.062      749-762/? E/qcom_sensors_hal﹕ hal_sam_grav_activate: Unable to enable gravity vector
09-29 00:17:01.062      749-762/? E/qcom_sensors_hal﹕ hal_acquire_resources: Failed for handle 12 @ samp 200 Hz rpt 0 Hz WuFF 0 batched 0
09-29 00:17:01.062      193-193/? E/Sensors﹕ sns_acm_mr.c(625):Error allocating response message
09-29 00:17:01.062      193-193/? E/Sensors﹕ sns_main.c(1257):Error writing request. sns_err 2 error 0 qmi_err 0
09-29 00:17:01.062      193-193/? E/Sensors﹕ sns_acm_mr.c(625):Error allocating response message
09-29 00:17:01.062      193-193/? E/Sensors﹕ sns_main.c(1257):Error writing request. sns_err 2 error 0 qmi_err 0
09-29 00:17:01.062    749-20778/? E/qcom_sensors_hal﹕ hal_process_sam_gravity_resp: Msg 0; Result: 1, Error: 2
09-29 00:17:01.062    749-20778/? E/qcom_sensors_hal﹕ hal_process_sam_gravity_resp: Msg 2; Result: 1, Error: 2
09-29 00:17:01.062      749-762/? E/qcom_sensors_hal﹕ hal_sam_grav_activate: Unable to enable gravity vector
09-29 00:17:01.062    749-20778/? E/qcom_sensors_hal﹕ hal_process_sam_rotation_vector_resp: Msg 0; Result: 1, Error: 2
09-29 00:17:01.062      193-193/? E/Sensors﹕ sns_main.c(1257):Error writing request. sns_err 2 error 0 qmi_err 0
09-29 00:17:01.062      193-193/? E/Sensors﹕ sns_main.c(1257):Error writing request. sns_err 2 error 0 qmi_err 0
09-29 00:17:01.072      193-193/? E/Sensors﹕ sns_main.c(1257):Error writing request. sns_err 2 error 0 qmi_err 0
09-29 00:17:01.072      193-193/? E/Sensors﹕ sns_acm_mr.c(625):Error allocating response message
09-29 00:17:01.072      193-193/? E/Sensors﹕ sns_acm_mr.c(625):Error allocating response message
09-29 00:17:01.072      193-193/? E/Sensors﹕ sns_acm_mr.c(625):Error allocating response message
09-29 00:17:01.072      193-193/? E/Sensors﹕ sns_main.c(1257):Error writing request. sns_err 2 error 0 qmi_err 0
09-29 00:17:01.072    749-20778/? E/qcom_sensors_hal﹕ hal_process_buffering_resp: Result: 1, Error: 2
09-29 00:17:01.072      749-762/? E/qcom_sensors_hal﹕ hal_acquire_resources: Failed for handle 3 @ samp 30 Hz rpt 0 Hz WuFF 0 batched 0
09-29 00:17:01.072      193-193/? E/Sensors﹕ sns_acm_mr.c(625):Error allocating response message
09-29 00:17:01.072      193-193/? E/Sensors﹕ sns_main.c(1257):Error writing request. sns_err 2 error 0 qmi_err 0
09-29 00:17:01.072      749-780/? E/sensor_reg﹕ sensor_reg_process_resp: Error in RESP; result: 2
09-29 00:17:01.072      749-762/? E/sensor_reg﹕ sensor_reg_read: error processing message
09-29 00:17:01.072      749-762/? E/qcom_sensors_hal﹕ hal_get_raw_data_mode: Error in sensor_reg_read(): -3
09-29 00:17:01.072      193-193/? E/Sensors﹕ sns_acm_mr.c(625):Error allocating response message
09-29 00:17:01.072      193-193/? E/Sensors﹕ sns_main.c(1257):Error writing request. sns_err 2 error 0 qmi_err 0
09-29 00:17:01.072    749-20778/? E/qcom_sensors_hal﹕ hal_process_buffering_resp: Result: 1, Error: 2
09-29 00:17:01.072      749-762/? E/qcom_sensors_hal﹕ hal_acquire_resources: Failed for handle 10 @ samp 60 Hz rpt 0 Hz WuFF 0 batched 0
09-29 00:17:01.072      193-193/? E/Sensors﹕ sns_acm_mr.c(625):Error allocating response message
09-29 00:17:01.072      193-193/? E/Sensors﹕ sns_main.c(1257):Error writing request. sns_err 2 error 0 qmi_err 0
09-29 00:17:01.072      193-193/? E/Sensors﹕ sns_acm_mr.c(625):Error allocating response message
09-29 00:17:01.072      193-193/? E/Sensors﹕ sns_main.c(1257):Error writing request. sns_err 2 error 0 qmi_err 0
09-29 00:17:01.072    749-20778/? E/qcom_sensors_hal﹕ hal_process_sam_gravity_resp: Msg 0; Result: 1, Error: 2
09-29 00:17:01.072    749-20778/? E/qcom_sensors_hal﹕ hal_process_sam_gravity_resp: Msg 2; Result: 1, Error: 2
09-29 00:17:01.072      749-762/? E/qcom_sensors_hal﹕ hal_sam_grav_activate: Unable to enable gravity vector
09-29 00:17:01.072      749-762/? E/qcom_sensors_hal﹕ hal_acquire_resources: Failed for handle 12 @ samp 200 Hz rpt 0 Hz WuFF 0 batched 0
09-29 00:17:01.072      193-193/? E/Sensors﹕ sns_acm_mr.c(625):Error allocating response message
09-29 00:17:01.072      193-193/? E/Sensors﹕ sns_main.c(1257):Error writing request. sns_err 2 error 0 qmi_err 0
09-29 00:17:01.072      193-193/? E/Sensors﹕ sns_acm_mr.c(625):Error allocating response message
09-29 00:17:01.072      193-193/? E/Sensors﹕ sns_main.c(1257):Error writing request. sns_err 2 error 0 qmi_err 0
09-29 00:17:01.072    749-20778/? E/qcom_sensors_hal﹕ hal_process_sam_gravity_resp: Msg 0; Result: 1, Error: 2
09-29 00:17:01.072    749-20778/? E/qcom_sensors_hal﹕ hal_process_sam_gravity_resp: Msg 2; Result: 1, Error: 2
09-29 00:17:01.072      193-193/? E/Sensors﹕ sns_acm_mr.c(625):Error allocating response message
09-29 00:17:01.072      749-762/? E/qcom_sensors_hal﹕ hal_acquire_resources: Failed for handle 19 @ samp 200 Hz rpt 0 Hz WuFF 0 batched 0
09-29 00:17:01.072      749-762/? E/qcom_sensors_hal﹕ hal_acquire_resources: Failed for handle 27 @ samp 1 Hz rpt 0 Hz WuFF 0 batched 0
09-29 00:17:01.082      749-762/? E/qcom_sensors_hal﹕ hal_acquire_resources: Failed for handle 31 @ samp 20 Hz rpt 0 Hz WuFF 0 batched 0
09-29 00:17:01.092      749-762/? E/qcom_sensors_hal﹕ hal_acquire_resources: Failed for handle 0 @ samp 200 Hz rpt 0 Hz WuFF 0 batched 0
09-29 00:17:01.092    749-20778/? E/qcom_sensors_hal﹕ hal_process_buffering_resp: Result: 1, Error: 2
09-29 00:17:01.092      193-193/? E/Sensors﹕ sns_main.c(1257):Error writing request. sns_err 2 error 0 qmi_err 0
09-29 00:17:01.092    749-20778/? E/qcom_sensors_hal﹕ hal_process_buffering_resp: Result: 1, Error: 2
09-29 00:17:01.092      749-762/? E/qcom_sensors_hal﹕ hal_acquire_resources: Failed for handle 3 @ samp 30 Hz rpt 0 Hz WuFF 0 batched 0
09-29 00:17:01.092      193-193/? E/Sensors﹕ sns_acm_mr.c(625):Error allocating response message
09-29 00:17:01.092      193-193/? E/Sensors﹕ sns_main.c(1257):Error writing request. sns_err 2 error 0 qmi_err 0
09-29 00:17:01.092      749-780/? E/sensor_reg﹕ sensor_reg_process_resp: Error in RESP; result: 2
09-29 00:17:01.092      749-762/? E/sensor_reg﹕ sensor_reg_read: error processing message
09-29 00:17:01.092      749-762/? E/qcom_sensors_hal﹕ hal_get_raw_data_mode: Error in sensor_reg_read(): -3
09-29 00:17:01.092      193-193/? E/Sensors﹕ sns_acm_mr.c(625):Error allocating response message
09-29 00:17:01.092      193-193/? E/Sensors﹕ sns_main.c(1257):Error writing request. sns_err 2 error 0 qmi_err 0
09-29 00:17:01.092    749-20778/? E/qcom_sensors_hal﹕ hal_process_buffering_resp: Result: 1, Error: 2
09-29 00:17:01.092      749-762/? E/qcom_sensors_hal﹕ hal_acquire_resources: Failed for handle 10 @ samp 60 Hz rpt 0 Hz WuFF 0 batched 0
09-29 00:17:01.092      193-193/? E/Sensors﹕ sns_acm_mr.c(625):Error allocating response message
09-29 00:17:01.092      193-193/? E/Sensors﹕ sns_main.c(1257):Error writing request. sns_err 2 error 0 qmi_err 0
09-29 00:17:01.092      193-193/? E/Sensors﹕ sns_acm_mr.c(625):Error allocating response message
09-29 00:17:01.092      193-193/? E/Sensors﹕ sns_main.c(1257):Error writing request. sns_err 2 error 0 qmi_err 0
09-29 00:17:01.092    749-20778/? E/qcom_sensors_hal﹕ hal_process_sam_gravity_resp: Msg 0; Result: 1, Error: 2
09-29 00:17:01.092    749-20778/? E/qcom_sensors_hal﹕ hal_process_sam_gravity_resp: Msg 2; Result: 1, Error: 2
09-29 00:17:01.092      749-762/? E/qcom_sensors_hal﹕ hal_sam_grav_activate: Unable to enable gravity vector
09-29 00:17:01.092      749-762/? E/qcom_sensors_hal﹕ hal_acquire_resources: Failed for handle 12 @ samp 200 Hz rpt 0 Hz WuFF 0 batched 0
09-29 00:17:01.092      193-193/? E/Sensors﹕ sns_acm_mr.c(625):Error allocating response message
09-29 00:17:01.092      193-193/? E/Sensors﹕ sns_main.c(1257):Error writing request. sns_err 2 error 0 qmi_err 0
09-29 00:17:01.092      193-193/? E/Sensors﹕ sns_acm_mr.c(625):Error allocating response message
09-29 00:17:01.092      193-193/? E/Sensors﹕ sns_main.c(1257):Error writing request. sns_err 2 error 0 qmi_err 0
09-29 00:17:01.092    749-20778/? E/qcom_sensors_hal﹕ hal_process_sam_gravity_resp: Msg 0; Result: 1, Error: 2
09-29 00:17:01.092    749-20778/? E/qcom_sensors_hal﹕ hal_process_sam_gravity_resp: Msg 2; Result: 1, Error: 2
09-29 00:17:01.092      749-762/? E/qcom_sensors_hal﹕ hal_sam_grav_activate: Unable to enable gravity vector
09-29 00:17:01.092      749-762/? E/qcom_sensors_hal﹕ hal_acquire_resources: Failed for handle 13 @ samp 200 Hz rpt 0 Hz WuFF 0 batched 0
09-29 00:17:01.092    749-20778/? E/qcom_sensors_hal﹕ hal_process_sam_rotation_vector_resp: Msg 2; Result: 1, Error: 2
09-29 00:17:01.092      193-193/? E/Sensors﹕ sns_acm_mr.c(625):Error allocating response message
09-29 00:17:01.092      193-193/? E/Sensors﹕ sns_acm_mr.c(625):Error allocating response message
09-29 00:17:01.102      749-780/? E/sensor_reg﹕ sensor_reg_process_resp: Error in RESP; result: 2
09-29 00:17:01.102      749-780/? E/sensor_reg﹕ sensor_reg_process_resp: Error in RESP; result: 2
09-29 00:17:01.102      749-780/? E/sensor_reg﹕ sensor_reg_process_resp: Error in RESP; result: 2
09-29 00:17:01.102      193-193/? E/Sensors﹕ sns_acm_mr.c(625):Error allocating response message
09-29 00:17:01.102      193-193/? E/Sensors﹕ sns_main.c(1257):Error writing request. sns_err 2 error 0 qmi_err 0
09-29 00:17:01.102    749-20778/? E/qcom_sensors_hal﹕ hal_process_buffering_resp: Result: 1, Error: 2
09-29 00:17:01.102      749-762/? E/qcom_sensors_hal﹕ hal_acquire_resources: Failed for handle 3 @ samp 30 Hz rpt 0 Hz WuFF 0 batched 0
09-29 00:17:01.102      193-193/? E/Sensors﹕ sns_acm_mr.c(625):Error allocating response message
09-29 00:17:01.102      193-193/? E/Sensors﹕ sns_main.c(1257):Error writing request. sns_err 2 error 0 qmi_err 0
09-29 00:17:01.102      749-780/? E/sensor_reg﹕ sensor_reg_process_resp: Error in RESP; result: 2
09-29 00:17:01.102      749-762/? E/sensor_reg﹕ sensor_reg_read: error processing message
09-29 00:17:01.102      749-762/? E/qcom_sensors_hal﹕ hal_get_raw_data_mode: Error in sensor_reg_read(): -3
09-29 00:17:01.102      193-193/? E/Sensors﹕ sns_acm_mr.c(625):Error allocating response message
09-29 00:17:01.102      193-193/? E/Sensors﹕ sns_main.c(1257):Error writing request. sns_err 2 error 0 qmi_err 0
09-29 00:17:01.102    749-20778/? E/qcom_sensors_hal﹕ hal_process_buffering_resp: Result: 1, Error: 2
09-29 00:17:01.102      749-762/? E/qcom_sensors_hal﹕ hal_acquire_resources: Failed for handle 10 @ samp 60 Hz rpt 0 Hz WuFF 0 batched 0
09-29 00:17:01.102      193-193/? E/Sensors﹕ sns_acm_mr.c(625):Error allocating response message
09-29 00:17:01.102      193-193/? E/Sensors﹕ sns_main.c(1257):Error writing request. sns_err 2 error 0 qmi_err 0
09-29 00:17:01.102      193-193/? E/Sensors﹕ sns_acm_mr.c(625):Error allocating response message
09-29 00:17:01.102      193-193/? E/Sensors﹕ sns_main.c(1257):Error writing request. sns_err 2 error 0 qmi_err 0
09-29 00:17:01.102    749-20778/? E/qcom_sensors_hal﹕ hal_process_sam_gravity_resp: Msg 0; Result: 1, Error: 2
09-29 00:17:01.102    749-20778/? E/qcom_sensors_hal﹕ hal_process_sam_gravity_resp: Msg 2; Result: 1, Error: 2
09-29 00:17:01.102      749-762/? E/qcom_sensors_hal﹕ hal_sam_grav_activate: Unable to enable gravity vector
09-29 00:17:01.102      749-762/? E/qcom_sensors_hal﹕ hal_acquire_resources: Failed for handle 12 @ samp 200 Hz rpt 0 Hz WuFF 0 batched 0
09-29 00:17:01.102      193-193/? E/Sensors﹕ sns_acm_mr.c(625):Error allocating response message
09-29 00:17:01.102      193-193/? E/Sensors﹕ sns_main.c(1257):Error writing request. sns_err 2 error 0 qmi_err 0
09-29 00:17:01.102      193-193/? E/Sensors﹕ sns_acm_mr.c(625):Error allocating response message
09-29 00:17:01.102      193-193/? E/Sensors﹕ sns_main.c(1257):Error writing request. sns_err 2 error 0 qmi_err 0
09-29 00:17:01.102    749-20778/? E/qcom_sensors_hal﹕ hal_process_sam_gravity_resp: Msg 0; Result: 1, Error: 2
09-29 00:17:01.102    749-20778/? E/qcom_sensors_hal﹕ hal_process_sam_gravity_resp: Msg 2; Result: 1, Error: 2
09-29 00:17:01.102      193-193/? E/Sensors﹕ sns_main.c(1257):Error writing request. sns_err 2 error 0 qmi_err 0
09-29 00:17:01.102      193-193/? E/Sensors﹕ sns_main.c(1257):Error writing request. sns_err 2 error 0 qmi_err 0
09-29 00:17:01.102      193-193/? E/Sensors﹕ sns_main.c(1257):Error writing request. sns_err 2 error 0 qmi_err 0
09-29 00:17:01.102      749-762/? E/qcom_sensors_hal﹕ hal_acquire_resources: Failed for handle 31 @ samp 20 Hz rpt 0 Hz WuFF 0 batched 0
09-29 00:17:01.112      749-762/? E/qcom_sensors_hal﹕ hal_acquire_resources: Failed for handle 0 @ samp 200 Hz rpt 0 Hz WuFF 0 batched 0
09-29 00:17:01.112    749-20778/? E/qcom_sensors_hal﹕ hal_process_buffering_resp: Result: 1, Error: 2
09-29 00:17:01.112      193-193/? E/Sensors﹕ sns_main.c(1257):Error writing request. sns_err 2 error 0 qmi_err 0
09-29 00:17:01.112    749-20778/? E/qcom_sensors_hal﹕ hal_process_buffering_resp: Result: 1, Error: 2
09-29 00:17:01.112      749-762/? E/qcom_sensors_hal﹕ hal_acquire_resources: Failed for handle 3 @ samp 30 Hz rpt 0 Hz WuFF 0 batched 0
09-29 00:17:01.112      193-193/? E/Sensors﹕ sns_acm_mr.c(625):Error allocating response message
09-29 00:17:01.112      193-193/? E/Sensors﹕ sns_main.c(1257):Error writing request. sns_err 2 error 0 qmi_err 0
09-29 00:17:01.112      749-780/? E/sensor_reg﹕ sensor_reg_process_resp: Error in RESP; result: 2
09-29 00:17:01.112      749-762/? E/sensor_reg﹕ sensor_reg_read: error processing message
09-29 00:17:01.112      749-762/? E/qcom_sensors_hal﹕ hal_get_raw_data_mode: Error in sensor_reg_read(): -3
09-29 00:17:01.112      193-193/? E/Sensors﹕ sns_acm_mr.c(625):Error allocating response message
09-29 00:17:01.112      193-193/? E/Sensors﹕ sns_main.c(1257):Error writing request. sns_err 2 error 0 qmi_err 0
09-29 00:17:01.112    749-20778/? E/qcom_sensors_hal﹕ hal_process_buffering_resp: Result: 1, Error: 2
09-29 00:17:01.112      749-762/? E/qcom_sensors_hal﹕ hal_acquire_resources: Failed for handle 10 @ samp 60 Hz rpt 0 Hz WuFF 0 batched 0
09-29 00:17:01.112      193-193/? E/Sensors﹕ sns_acm_mr.c(625):Error allocating response message
09-29 00:17:01.112      193-193/? E/Sensors﹕ sns_main.c(1257):Error writing request. sns_err 2 error 0 qmi_err 0
09-29 00:17:01.112      193-193/? E/Sensors﹕ sns_acm_mr.c(625):Error allocating response message
09-29 00:17:01.112      193-193/? E/Sensors﹕ sns_main.c(1257):Error writing request. sns_err 2 error 0 qmi_err 0
09-29 00:17:01.112    749-20778/? E/qcom_sensors_hal﹕ hal_process_sam_gravity_resp: Msg 0; Result: 1, Error: 2
09-29 00:17:01.112    749-20778/? E/qcom_sensors_hal﹕ hal_process_sam_gravity_resp: Msg 2; Result: 1, Error: 2
09-29 00:17:01.112      749-762/? E/qcom_sensors_hal﹕ hal_sam_grav_activate: Unable to enable gravity vector
09-29 00:17:01.112      749-762/? E/qcom_sensors_hal﹕ hal_acquire_resources: Failed for handle 12 @ samp 200 Hz rpt 0 Hz WuFF 0 batched 0
09-29 00:17:01.112      193-193/? E/Sensors﹕ sns_acm_mr.c(625):Error allocating response message
09-29 00:17:01.112      193-193/? E/Sensors﹕ sns_main.c(1257):Error writing request. sns_err 2 error 0 qmi_err 0
09-29 00:17:01.112      193-193/? E/Sensors﹕ sns_acm_mr.c(625):Error allocating response message
09-29 00:17:01.112      193-193/? E/Sensors﹕ sns_main.c(1257):Error writing request. sns_err 2 error 0 qmi_err 0
09-29 00:17:01.112    749-20778/? E/qcom_sensors_hal﹕ hal_process_sam_gravity_resp: Msg 0; Result: 1, Error: 2
09-29 00:17:01.112    749-20778/? E/qcom_sensors_hal﹕ hal_process_sam_gravity_resp: Msg 2; Result: 1, Error: 2
09-29 00:17:01.112      749-762/? E/qcom_sensors_hal﹕ hal_sam_grav_activate: Unable to enable gravity vector
09-29 00:17:01.112      749-762/? E/qcom_sensors_hal﹕ hal_acquire_resources: Failed for handle 13 @ samp 200 Hz rpt 0 Hz WuFF 0 batched 0
09-29 00:17:01.112    749-20778/? E/qcom_sensors_hal﹕ hal_process_sam_rotation_vector_resp: Msg 2; Result: 1, Error: 2
09-29 00:17:01.112    749-20778/? E/qcom_sensors_hal﹕ hal_process_sam_ped_resp: Msg 0; Result: 1, Error: 2
09-29 00:17:01.112    749-20778/? E/qcom_sensors_hal﹕ hal_process_sam_sensor_thresh_resp: Msg 0; Result: 1, Error: 2
09-29 00:17:01.122      749-762/? E/qcom_sensors_hal﹕ hal_get_raw_data_mode: Error in sensor_reg_read(): -3
09-29 00:17:01.122      749-780/? E/sensor_reg﹕ sensor_reg_process_resp: Error in RESP; result: 2
09-29 00:17:01.132      749-780/? E/sensor_reg﹕ sensor_reg_process_resp: Error in RESP; result: 2
09-29 00:17:01.132      193-193/? E/Sensors﹕ sns_acm_mr.c(625):Error allocating response message
09-29 00:17:01.132      193-193/? E/Sensors﹕ sns_main.c(1257):Error writing request. sns_err 2 error 0 qmi_err 0
09-29 00:17:01.132    749-20778/? E/qcom_sensors_hal﹕ hal_process_buffering_resp: Result: 1, Error: 2
09-29 00:17:01.132      749-762/? E/qcom_sensors_hal﹕ hal_acquire_resources: Failed for handle 3 @ samp 30 Hz rpt 0 Hz WuFF 0 batched 0
09-29 00:17:01.132      193-193/? E/Sensors﹕ sns_acm_mr.c(625):Error allocating response message
09-29 00:17:01.132      193-193/? E/Sensors﹕ sns_main.c(1257):Error writing request. sns_err 2 error 0 qmi_err 0
09-29 00:17:01.132      749-780/? E/sensor_reg﹕ sensor_reg_process_resp: Error in RESP; result: 2
09-29 00:17:01.132      749-762/? E/sensor_reg﹕ sensor_reg_read: error processing message
09-29 00:17:01.132      749-762/? E/qcom_sensors_hal﹕ hal_get_raw_data_mode: Error in sensor_reg_read(): -3
09-29 00:17:01.132      193-193/? E/Sensors﹕ sns_acm_mr.c(625):Error allocating response message
09-29 00:17:01.132      193-193/? E/Sensors﹕ sns_main.c(1257):Error writing request. sns_err 2 error 0 qmi_err 0
09-29 00:17:01.132    749-20778/? E/qcom_sensors_hal﹕ hal_process_buffering_resp: Result: 1, Error: 2
09-29 00:17:01.132      749-762/? E/qcom_sensors_hal﹕ hal_acquire_resources: Failed for handle 10 @ samp 60 Hz rpt 0 Hz WuFF 0 batched 0
09-29 00:17:01.132      193-193/? E/Sensors﹕ sns_acm_mr.c(625):Error allocating response message
09-29 00:17:01.132      193-193/? E/Sensors﹕ sns_main.c(1257):Error writing request. sns_err 2 error 0 qmi_err 0
09-29 00:17:01.132      193-193/? E/Sensors﹕ sns_acm_mr.c(625):Error allocating response message
09-29 00:17:01.132      193-193/? E/Sensors﹕ sns_main.c(1257):Error writing request. sns_err 2 error 0 qmi_err 0
09-29 00:17:01.132    749-20778/? E/qcom_sensors_hal﹕ hal_process_sam_gravity_resp: Msg 0; Result: 1, Error: 2
09-29 00:17:01.132    749-20778/? E/qcom_sensors_hal﹕ hal_process_sam_gravity_resp: Msg 2; Result: 1, Error: 2
09-29 00:17:01.132      749-762/? E/qcom_sensors_hal﹕ hal_sam_grav_activate: Unable to enable gravity vector
09-29 00:17:01.132      749-762/? E/qcom_sensors_hal﹕ hal_acquire_resources: Failed for handle 12 @ samp 200 Hz rpt 0 Hz WuFF 0 batched 0
09-29 00:17:01.132      193-193/? E/Sensors﹕ sns_acm_mr.c(625):Error allocating response message
09-29 00:17:01.132      193-193/? E/Sensors﹕ sns_main.c(1257):Error writing request. sns_err 2 error 0 qmi_err 0
09-29 00:17:01.132      193-193/? E/Sensors﹕ sns_acm_mr.c(625):Error allocating response message
09-29 00:17:01.132      193-193/? E/Sensors﹕ sns_main.c(1257):Error writing request. sns_err 2 error 0 qmi_err 0
09-29 00:17:01.132    749-20778/? E/qcom_sensors_hal﹕ hal_process_sam_gravity_resp: Msg 0; Result: 1, Error: 2
09-29 00:17:01.132      749-762/? E/qcom_sensors_hal﹕ hal_acquire_resources: Failed for handle 13 @ samp 200 Hz rpt 0 Hz WuFF 0 batched 0
09-29 00:17:01.132    749-20778/? E/qcom_sensors_hal﹕ hal_process_sam_rotation_vector_resp: Msg 2; Result: 1, Error: 2
09-29 00:17:01.132    749-20778/? E/qcom_sensors_hal﹕ hal_process_sam_ped_resp: Msg 0; Result: 1, Error: 2
09-29 00:17:01.132    749-20778/? E/qcom_sensors_hal﹕ hal_process_sam_sensor_thresh_resp: Msg 0; Result: 1, Error: 2
09-29 00:17:01.142      193-193/? E/Sensors﹕ sns_main.c(1257):Error writing request. sns_err 2 error 0 qmi_err 0
09-29 00:17:01.142      749-762/? E/qcom_sensors_hal﹕ hal_get_raw_data_mode: Error in sensor_reg_read(): -3
09-29 00:17:01.142      749-762/? E/qcom_sensors_hal﹕ hal_get_raw_data_mode: Error in sensor_reg_read(): -3
09-29 00:17:01.142      193-193/? E/Sensors﹕ sns_acm_mr.c(625):Error allocating response message
09-29 00:17:01.142      193-193/? E/Sensors﹕ sns_main.c(1257):Error writing request. sns_err 2 error 0 qmi_err 0
09-29 00:17:01.142    749-20778/? E/qcom_sensors_hal﹕ hal_process_buffering_resp: Result: 1, Error: 2
09-29 00:17:01.142      749-762/? E/qcom_sensors_hal﹕ hal_acquire_resources: Failed for handle 3 @ samp 30 Hz rpt 0 Hz WuFF 0 batched 0
09-29 00:17:01.142      193-193/? E/Sensors﹕ sns_acm_mr.c(625):Error allocating response message
09-29 00:17:01.142      193-193/? E/Sensors﹕ sns_main.c(1257):Error writing request. sns_err 2 error 0 qmi_err 0
09-29 00:17:01.142      749-780/? E/sensor_reg﹕ sensor_reg_process_resp: Error in RESP; result: 2
09-29 00:17:01.142      749-762/? E/sensor_reg﹕ sensor_reg_read: error processing message
09-29 00:17:01.142      749-762/? E/qcom_sensors_hal﹕ hal_get_raw_data_mode: Error in sensor_reg_read(): -3
09-29 00:17:01.142      193-193/? E/Sensors﹕ sns_acm_mr.c(625):Error allocating response message
09-29 00:17:01.142      193-193/? E/Sensors﹕ sns_main.c(1257):Error writing request. sns_err 2 error 0 qmi_err 0
09-29 00:17:01.142    749-20778/? E/qcom_sensors_hal﹕ hal_process_buffering_resp: Result: 1, Error: 2
09-29 00:17:01.142      749-762/? E/qcom_sensors_hal﹕ hal_acquire_resources: Failed for handle 10 @ samp 60 Hz rpt 0 Hz WuFF 0 batched 0
09-29 00:17:01.142      193-193/? E/Sensors﹕ sns_acm_mr.c(625):Error allocating response message
09-29 00:17:01.142      193-193/? E/Sensors﹕ sns_main.c(1257):Error writing request. sns_err 2 error 0 qmi_err 0
09-29 00:17:01.142      193-193/? E/Sensors﹕ sns_acm_mr.c(625):Error allocating response message
09-29 00:17:01.142      193-193/? E/Sensors﹕ sns_main.c(1257):Error writing request. sns_err 2 error 0 qmi_err 0
09-29 00:17:01.142    749-20778/? E/qcom_sensors_hal﹕ hal_process_sam_gravity_resp: Msg 0; Result: 1, Error: 2
09-29 00:17:01.142    749-20778/? E/qcom_sensors_hal﹕ hal_process_sam_gravity_resp: Msg 2; Result: 1, Error: 2
09-29 00:17:01.142      749-762/? E/qcom_sensors_hal﹕ hal_sam_grav_activate: Unable to enable gravity vector
09-29 00:17:01.142      749-762/? E/qcom_sensors_hal﹕ hal_acquire_resources: Failed for handle 12 @ samp 200 Hz rpt 0 Hz WuFF 0 batched 0
09-29 00:17:01.142      193-193/? E/Sensors﹕ sns_acm_mr.c(625):Error allocating response message
09-29 00:17:01.142      193-193/? E/Sensors﹕ sns_main.c(1257):Error writing request. sns_err 2 error 0 qmi_err 0
09-29 00:17:01.142      193-193/? E/Sensors﹕ sns_acm_mr.c(625):Error allocating response message
09-29 00:17:01.142      193-193/? E/Sensors﹕ sns_main.c(1257):Error writing request. sns_err 2 error 0 qmi_err 0
09-29 00:17:01.142    749-20778/? E/qcom_sensors_hal﹕ hal_process_sam_gravity_resp: Msg 0; Result: 1, Error: 2
09-29 00:17:01.142      749-762/? E/qcom_sensors_hal﹕ hal_acquire_resources: Failed for handle 13 @ samp 200 Hz rpt 0 Hz WuFF 0 batched 0
09-29 00:17:01.142      749-762/? E/qcom_sensors_hal﹕ hal_acquire_resources: Failed for handle 19 @ samp 200 Hz rpt 0 Hz WuFF 0 batched 0
09-29 00:17:01.142      749-762/? E/qcom_sensors_hal﹕ hal_sam_ped_activate: Unable to enable ped
09-29 00:17:01.142      749-762/? E/qcom_sensors_hal﹕ hal_acquire_resources: Failed for handle 31 @ samp 20 Hz rpt 0 Hz WuFF 0 batched 0
09-29 00:17:01.152      749-762/? E/qcom_sensors_hal﹕ hal_acquire_resources: Failed for handle 0 @ samp 200 Hz rpt 0 Hz WuFF 0 batched 0
09-29 00:17:01.152    749-20778/? E/qcom_sensors_hal﹕ hal_process_buffering_resp: Result: 1, Error: 2
09-29 00:17:01.152      193-193/? E/Sensors﹕ sns_main.c(1257):Error writing request. sns_err 2 error 0 qmi_err 0
09-29 00:17:01.152    749-20778/? E/qcom_sensors_hal﹕ hal_process_buffering_resp: Result: 1, Error: 2
09-29 00:17:01.152      749-762/? E/qcom_sensors_hal﹕ hal_acquire_resources: Failed for handle 3 @ samp 30 Hz rpt 0 Hz WuFF 0 batched 0
09-29 00:17:01.152      193-193/? E/Sensors﹕ sns_acm_mr.c(625):Error allocating response message
09-29 00:17:01.152      193-193/? E/Sensors﹕ sns_main.c(1257):Error writing request. sns_err 2 error 0 qmi_err 0
09-29 00:17:01.152      749-780/? E/sensor_reg﹕ sensor_reg_process_resp: Error in RESP; result: 2
09-29 00:17:01.152      749-762/? E/sensor_reg﹕ sensor_reg_read: error processing message
09-29 00:17:01.152      749-762/? E/qcom_sensors_hal﹕ hal_get_raw_data_mode: Error in sensor_reg_read(): -3
09-29 00:17:01.152      193-193/? E/Sensors﹕ sns_acm_mr.c(625):Error allocating response message
09-29 00:17:01.152      193-193/? E/Sensors﹕ sns_main.c(1257):Error writing request. sns_err 2 error 0 qmi_err 0
09-29 00:17:01.152    749-20778/? E/qcom_sensors_hal﹕ hal_process_buffering_resp: Result: 1, Error: 2
09-29 00:17:01.152      749-762/? E/qcom_sensors_hal﹕ hal_acquire_resources: Failed for handle 10 @ samp 60 Hz rpt 0 Hz WuFF 0 batched 0
09-29 00:17:01.152      193-193/? E/Sensors﹕ sns_acm_mr.c(625):Error allocating response message
09-29 00:17:01.152      193-193/? E/Sensors﹕ sns_main.c(1257):Error writing request. sns_err 2 error 0 qmi_err 0
09-29 00:17:01.152      193-193/? E/Sensors﹕ sns_acm_mr.c(625):Error allocating response message
09-29 00:17:01.152      193-193/? E/Sensors﹕ sns_main.c(1257):Error writing request. sns_err 2 error 0 qmi_err 0
09-29 00:17:01.152    749-20778/? E/qcom_sensors_hal﹕ hal_process_sam_gravity_resp: Msg 0; Result: 1, Error: 2
09-29 00:17:01.152    749-20778/? E/qcom_sensors_hal﹕ hal_process_sam_gravity_resp: Msg 2; Result: 1, Error: 2
09-29 00:17:01.152      749-762/? E/qcom_sensors_hal﹕ hal_sam_grav_activate: Unable to enable gravity vector
09-29 00:17:01.152      749-762/? E/qcom_sensors_hal﹕ hal_acquire_resources: Failed for handle 12 @ samp 200 Hz rpt 0 Hz WuFF 0 batched 0
09-29 00:17:01.152      193-193/? E/Sensors﹕ sns_acm_mr.c(625):Error allocating response message
09-29 00:17:01.152      193-193/? E/Sensors﹕ sns_main.c(1257):Error writing request. sns_err 2 error 0 qmi_err 0
09-29 00:17:01.152      193-193/? E/Sensors﹕ sns_acm_mr.c(625):Error allocating response message
09-29 00:17:01.152      193-193/? E/Sensors﹕ sns_main.c(1257):Error writing request. sns_err 2 error 0 qmi_err 0
09-29 00:17:01.152    749-20778/? E/qcom_sensors_hal﹕ hal_process_sam_gravity_resp: Msg 0; Result: 1, Error: 2
09-29 00:17:01.152    749-20778/? E/qcom_sensors_hal﹕ hal_process_sam_gravity_resp: Msg 2; Result: 1, Error: 2
09-29 00:17:01.152      749-762/? E/qcom_sensors_hal﹕ hal_sam_grav_activate: Unable to enable gravity vector
09-29 00:17:01.152      193-193/? E/Sensors﹕ sns_acm_mr.c(625):Error allocating response message
09-29 00:17:01.152      193-193/? E/Sensors﹕ sns_acm_mr.c(625):Error allocating response message
09-29 00:17:01.152      193-193/? E/Sensors﹕ sns_acm_mr.c(625):Error allocating response message
09-29 00:17:01.162      193-193/? E/Sensors﹕ sns_acm_mr.c(625):Error allocating response message
09-29 00:17:01.162      193-193/? E/Sensors﹕ sns_acm_mr.c(625):Error allocating response message
09-29 00:17:01.162      193-193/? E/Sensors﹕ sns_acm_mr.c(625):Error allocating response message
09-29 00:17:01.162      193-193/? E/Sensors﹕ sns_acm_mr.c(625):Error allocating response message
09-29 00:17:01.162      193-193/? E/Sensors﹕ sns_main.c(1257):Error writing request. sns_err 2 error 0 qmi_err 0
09-29 00:17:01.162    749-20778/? E/qcom_sensors_hal﹕ hal_process_buffering_resp: Result: 1, Error: 2
09-29 00:17:01.162      749-762/? E/qcom_sensors_hal﹕ hal_acquire_resources: Failed for handle 3 @ samp 30 Hz rpt 0 Hz WuFF 0 batched 0
09-29 00:17:01.162      193-193/? E/Sensors﹕ sns_acm_mr.c(625):Error allocating response message
09-29 00:17:01.162      193-193/? E/Sensors﹕ sns_main.c(1257):Error writing request. sns_err 2 error 0 qmi_err 0
09-29 00:17:01.162      749-780/? E/sensor_reg﹕ sensor_reg_process_resp: Error in RESP; result: 2
09-29 00:17:01.162      749-762/? E/sensor_reg﹕ sensor_reg_read: error processing message
09-29 00:17:01.162      749-762/? E/qcom_sensors_hal﹕ hal_get_raw_data_mode: Error in sensor_reg_read(): -3
09-29 00:17:01.172      193-193/? E/Sensors﹕ sns_acm_mr.c(625):Error allocating response message
09-29 00:17:01.172      193-193/? E/Sensors﹕ sns_main.c(1257):Error writing request. sns_err 2 error 0 qmi_err 0
09-29 00:17:01.172    749-20778/? E/qcom_sensors_hal﹕ hal_process_buffering_resp: Result: 1, Error: 2
09-29 00:17:01.172      749-762/? E/qcom_sensors_hal﹕ hal_acquire_resources: Failed for handle 10 @ samp 60 Hz rpt 0 Hz WuFF 0 batched 0
09-29 00:17:01.172      193-193/? E/Sensors﹕ sns_acm_mr.c(625):Error allocating response message
09-29 00:17:01.172      193-193/? E/Sensors﹕ sns_main.c(1257):Error writing request. sns_err 2 error 0 qmi_err 0
09-29 00:17:01.172      193-193/? E/Sensors﹕ sns_acm_mr.c(625):Error allocating response message
09-29 00:17:01.172      193-193/? E/Sensors﹕ sns_main.c(1257):Error writing request. sns_err 2 error 0 qmi_err 0
09-29 00:17:01.172    749-20778/? E/qcom_sensors_hal﹕ hal_process_sam_gravity_resp: Msg 0; Result: 1, Error: 2
09-29 00:17:01.172    749-20778/? E/qcom_sensors_hal﹕ hal_process_sam_gravity_resp: Msg 2; Result: 1, Error: 2
09-29 00:17:01.172      749-762/? E/qcom_sensors_hal﹕ hal_sam_grav_activate: Unable to enable gravity vector
09-29 00:17:01.172      749-762/? E/qcom_sensors_hal﹕ hal_acquire_resources: Failed for handle 12 @ samp 200 Hz rpt 0 Hz WuFF 0 batched 0
09-29 00:17:01.172      193-193/? E/Sensors﹕ sns_acm_mr.c(625):Error allocating response message
09-29 00:17:01.172      193-193/? E/Sensors﹕ sns_main.c(1257):Error writing request. sns_err 2 error 0 qmi_err 0
09-29 00:17:01.172      193-193/? E/Sensors﹕ sns_acm_mr.c(625):Error allocating response message
09-29 00:17:01.172      193-193/? E/Sensors﹕ sns_main.c(1257):Error writing request. sns_err 2 error 0 qmi_err 0
09-29 00:17:01.172    749-20778/? E/qcom_sensors_hal﹕ hal_process_sam_gravity_resp: Msg 0; Result: 1, Error: 2
09-29 00:17:01.172    749-20778/? E/qcom_sensors_hal﹕ hal_process_sam_gravity_resp: Msg 2; Result: 1, Error: 2
09-29 00:17:01.172    749-20778/? E/qcom_sensors_hal﹕ hal_process_sam_rotation_vector_resp: Msg 0; Result: 1, Error: 2
09-29 00:17:01.172      193-193/? E/Sensors﹕ sns_acm_mr.c(625):Error allocating response message
09-29 00:17:01.172      193-193/? E/Sensors﹕ sns_acm_mr.c(625):Error allocating response message
09-29 00:17:01.182      749-780/? E/sensor_reg﹕ sensor_reg_process_resp: Error in RESP; result: 2
09-29 00:17:01.182      749-780/? E/sensor_reg﹕ sensor_reg_process_resp: Error in RESP; result: 2
09-29 00:17:01.182      749-780/? E/sensor_reg﹕ sensor_reg_process_resp: Error in RESP; result: 2
09-29 00:17:01.182      193-193/? E/Sensors﹕ sns_acm_mr.c(625):Error allocating response message
09-29 00:17:01.182      193-193/? E/Sensors﹕ sns_main.c(1257):Error writing request. sns_err 2 error 0 qmi_err 0
09-29 00:17:01.182    749-20778/? E/qcom_sensors_hal﹕ hal_process_buffering_resp: Result: 1, Error: 2
09-29 00:17:01.182      749-762/? E/qcom_sensors_hal﹕ hal_acquire_resources: Failed for handle 3 @ samp 30 Hz rpt 0 Hz WuFF 0 batched 0
09-29 00:17:01.182      193-193/? E/Sensors﹕ sns_acm_mr.c(625):Error allocating response message
09-29 00:17:01.182      193-193/? E/Sensors﹕ sns_main.c(1257):Error writing request. sns_err 2 error 0 qmi_err 0
09-29 00:17:01.182      749-780/? E/sensor_reg﹕ sensor_reg_process_resp: Error in RESP; result: 2
09-29 00:17:01.182      749-762/? E/sensor_reg﹕ sensor_reg_read: error processing message
09-29 00:17:01.182      749-762/? E/qcom_sensors_hal﹕ hal_get_raw_data_mode: Error in sensor_reg_read(): -3
09-29 00:17:01.182      193-193/? E/Sensors﹕ sns_acm_mr.c(625):Error allocating response message
09-29 00:17:01.182      193-193/? E/Sensors﹕ sns_main.c(1257):Error writing request. sns_err 2 error 0 qmi_err 0
09-29 00:17:01.182    749-20778/? E/qcom_sensors_hal﹕ hal_process_buffering_resp: Result: 1, Error: 2
09-29 00:17:01.182      749-762/? E/qcom_sensors_hal﹕ hal_acquire_resources: Failed for handle 10 @ samp 60 Hz rpt 0 Hz WuFF 0 batched 0
09-29 00:17:01.182      193-193/? E/Sensors﹕ sns_acm_mr.c(625):Error allocating response message
09-29 00:17:01.182      193-193/? E/Sensors﹕ sns_main.c(1257):Error writing request. sns_err 2 error 0 qmi_err 0
09-29 00:17:01.182      193-193/? E/Sensors﹕ sns_acm_mr.c(625):Error allocating response message
09-29 00:17:01.182      193-193/? E/Sensors﹕ sns_main.c(1257):Error writing request. sns_err 2 error 0 qmi_err 0
09-29 00:17:01.182    749-20778/? E/qcom_sensors_hal﹕ hal_process_sam_gravity_resp: Msg 0; Result: 1, Error: 2
09-29 00:17:01.182    749-20778/? E/qcom_sensors_hal﹕ hal_process_sam_gravity_resp: Msg 2; Result: 1, Error: 2
09-29 00:17:01.182      749-762/? E/qcom_sensors_hal﹕ hal_sam_grav_activate: Unable to enable gravity vector
09-29 00:17:01.182      749-762/? E/qcom_sensors_hal﹕ hal_acquire_resources: Failed for handle 12 @ samp 200 Hz rpt 0 Hz WuFF 0 batched 0
09-29 00:17:01.182      193-193/? E/Sensors﹕ sns_acm_mr.c(625):Error allocating response message
09-29 00:17:01.182      193-193/? E/Sensors﹕ sns_main.c(1257):Error writing request. sns_err 2 error 0 qmi_err 0
09-29 00:17:01.182      193-193/? E/Sensors﹕ sns_acm_mr.c(625):Error allocating response message
09-29 00:17:01.182      193-193/? E/Sensors﹕ sns_main.c(1257):Error writing request. sns_err 2 error 0 qmi_err 0
09-29 00:17:01.182    749-20778/? E/qcom_sensors_hal﹕ hal_process_sam_gravity_resp: Msg 0; Result: 1, Error: 2
09-29 00:17:01.182      193-193/? E/Sensors﹕ sns_acm_mr.c(625):Error allocating response message
09-29 00:17:01.182      193-193/? E/Sensors﹕ sns_acm_mr.c(625):Error allocating response message
09-29 00:17:01.182      193-193/? E/Sensors﹕ sns_acm_mr.c(625):Error allocating response message
09-29 00:17:01.192      193-193/? E/Sensors﹕ sns_acm_mr.c(625):Error allocating response message
09-29 00:17:01.192      193-193/? E/Sensors﹕ sns_acm_mr.c(625):Error allocating response message
09-29 00:17:01.192      193-193/? E/Sensors﹕ sns_acm_mr.c(625):Error allocating response message
09-29 00:17:01.192      193-193/? E/Sensors﹕ sns_acm_mr.c(625):Error allocating response message
09-29 00:17:01.192      193-193/? E/Sensors﹕ sns_main.c(1257):Error writing request. sns_err 2 error 0 qmi_err 0
09-29 00:17:01.192    749-20778/? E/qcom_sensors_hal﹕ hal_process_buffering_resp: Result: 1, Error: 2
09-29 00:17:01.192      749-762/? E/qcom_sensors_hal﹕ hal_acquire_resources: Failed for handle 3 @ samp 30 Hz rpt 0 Hz WuFF 0 batched 0
09-29 00:17:01.192      193-193/? E/Sensors﹕ sns_acm_mr.c(625):Error allocating response message
09-29 00:17:01.192      193-193/? E/Sensors﹕ sns_main.c(1257):Error writing request. sns_err 2 error 0 qmi_err 0
09-29 00:17:01.192      749-780/? E/sensor_reg﹕ sensor_reg_process_resp: Error in RESP; result: 2
09-29 00:17:01.192      749-762/? E/sensor_reg﹕ sensor_reg_read: error processing message
09-29 00:17:01.192      749-762/? E/qcom_sensors_hal﹕ hal_get_raw_data_mode: Error in sensor_reg_read(): -3
09-29 00:17:01.192      193-193/? E/Sensors﹕ sns_acm_mr.c(625):Error allocating response message
09-29 00:17:01.192      193-193/? E/Sensors﹕ sns_main.c(1257):Error writing request. sns_err 2 error 0 qmi_err 0
09-29 00:17:01.192    749-20778/? E/qcom_sensors_hal﹕ hal_process_buffering_resp: Result: 1, Error: 2
09-29 00:17:01.192      749-762/? E/qcom_sensors_hal﹕ hal_acquire_resources: Failed for handle 10 @ samp 60 Hz rpt 0 Hz WuFF 0 batched 0
09-29 00:17:01.192      193-193/? E/Sensors﹕ sns_acm_mr.c(625):Error allocating response message
09-29 00:17:01.192      193-193/? E/Sensors﹕ sns_main.c(1257):Error writing request. sns_err 2 error 0 qmi_err 0
09-29 00:17:01.192      193-193/? E/Sensors﹕ sns_acm_mr.c(625):Error allocating response message
09-29 00:17:01.192      193-193/? E/Sensors﹕ sns_main.c(1257):Error writing request. sns_err 2 error 0 qmi_err 0
09-29 00:17:01.192    749-20778/? E/qcom_sensors_hal﹕ hal_process_sam_gravity_resp: Msg 0; Result: 1, Error: 2
09-29 00:17:01.192    749-20778/? E/qcom_sensors_hal﹕ hal_process_sam_gravity_resp: Msg 2; Result: 1, Error: 2
09-29 00:17:01.192      749-762/? E/qcom_sensors_hal﹕ hal_sam_grav_activate: Unable to enable gravity vector
09-29 00:17:01.192      749-762/? E/qcom_sensors_hal﹕ hal_acquire_resources: Failed for handle 12 @ samp 200 Hz rpt 0 Hz WuFF 0 batched 0
09-29 00:17:01.192      193-193/? E/Sensors﹕ sns_acm_mr.c(625):Error allocating response message
09-29 00:17:01.192      193-193/? E/Sensors﹕ sns_main.c(1257):Error writing request. sns_err 2 error 0 qmi_err 0
09-29 00:17:01.192      193-193/? E/Sensors﹕ sns_acm_mr.c(625):Error allocating response message
09-29 00:17:01.192      193-193/? E/Sensors﹕ sns_main.c(1257):Error writing request. sns_err 2 error 0 qmi_err 0
09-29 00:17:01.192    749-20778/? E/qcom_sensors_hal﹕ hal_process_sam_gravity_resp: Msg 0; Result: 1, Error: 2
09-29 00:17:01.202      749-762/? E/qcom_sensors_hal﹕ hal_acquire_resources: Failed for handle 13 @ samp 200 Hz rpt 0 Hz WuFF 0 batched 0
09-29 00:17:01.202      749-762/? E/qcom_sensors_hal﹕ hal_acquire_resources: Failed for handle 19 @ samp 200 Hz rpt 0 Hz WuFF 0 batched 0
09-29 00:17:01.202      193-193/? E/Sensors﹕ sns_acm_mr.c(625):Error allocating response message
09-29 00:17:01.202      193-193/? E/Sensors﹕ sns_acm_mr.c(625):Error allocating response message
09-29 00:17:01.212      193-193/? E/Sensors﹕ sns_acm_mr.c(625):Error allocating response message
09-29 00:17:01.212      193-193/? E/Sensors﹕ sns_acm_mr.c(625):Error allocating response message
09-29 00:17:01.212      193-193/? E/Sensors﹕ sns_acm_mr.c(625):Error allocating response message
09-29 00:17:01.212      193-193/? E/Sensors﹕ sns_acm_mr.c(625):Error allocating response message
09-29 00:17:01.212      193-193/? E/Sensors﹕ sns_main.c(1257):Error writing request. sns_err 2 error 0 qmi_err 0
09-29 00:17:01.212    749-20778/? E/qcom_sensors_hal﹕ hal_process_buffering_resp: Result: 1, Error: 2
09-29 00:17:01.212      749-762/? E/qcom_sensors_hal﹕ hal_acquire_resources: Failed for handle 3 @ samp 30 Hz rpt 0 Hz WuFF 0 batched 0
09-29 00:17:01.212      193-193/? E/Sensors﹕ sns_acm_mr.c(625):Error allocating response message
09-29 00:17:01.212      193-193/? E/Sensors﹕ sns_main.c(1257):Error writing request. sns_err 2 error 0 qmi_err 0
09-29 00:17:01.212      749-780/? E/sensor_reg﹕ sensor_reg_process_resp: Error in RESP; result: 2
09-29 00:17:01.212      749-762/? E/sensor_reg﹕ sensor_reg_read: error processing message
09-29 00:17:01.212      749-762/? E/qcom_sensors_hal﹕ hal_get_raw_data_mode: Error in sensor_reg_read(): -3
09-29 00:17:01.212      193-193/? E/Sensors﹕ sns_acm_mr.c(625):Error allocating response message
09-29 00:17:01.212      193-193/? E/Sensors﹕ sns_main.c(1257):Error writing request. sns_err 2 error 0 qmi_err 0
09-29 00:17:01.212    749-20778/? E/qcom_sensors_hal﹕ hal_process_buffering_resp: Result: 1, Error: 2
09-29 00:17:01.212      749-762/? E/qcom_sensors_hal﹕ hal_acquire_resources: Failed for handle 10 @ samp 60 Hz rpt 0 Hz WuFF 0 batched 0
09-29 00:17:01.212      193-193/? E/Sensors﹕ sns_acm_mr.c(625):Error allocating response message
09-29 00:17:01.212      193-193/? E/Sensors﹕ sns_main.c(1257):Error writing request. sns_err 2 error 0 qmi_err 0
09-29 00:17:01.212      193-193/? E/Sensors﹕ sns_acm_mr.c(625):Error allocating response message
09-29 00:17:01.212      193-193/? E/Sensors﹕ sns_main.c(1257):Error writing request. sns_err 2 error 0 qmi_err 0
09-29 00:17:01.212    749-20778/? E/qcom_sensors_hal﹕ hal_process_sam_gravity_resp: Msg 0; Result: 1, Error: 2
09-29 00:17:01.212    749-20778/? E/qcom_sensors_hal﹕ hal_process_sam_gravity_resp: Msg 2; Result: 1, Error: 2
09-29 00:17:01.212      749-762/? E/qcom_sensors_hal﹕ hal_sam_grav_activate: Unable to enable gravity vector
09-29 00:17:01.212      749-762/? E/qcom_sensors_hal﹕ hal_acquire_resources: Failed for handle 12 @ samp 200 Hz rpt 0 Hz WuFF 0 batched 0
09-29 00:17:01.212      193-193/? E/Sensors﹕ sns_acm_mr.c(625):Error allocating response message
09-29 00:17:01.212      193-193/? E/Sensors﹕ sns_main.c(1257):Error writing request. sns_err 2 error 0 qmi_err 0
09-29 00:17:01.212      193-193/? E/Sensors﹕ sns_acm_mr.c(625):Error allocating response message
09-29 00:17:01.212      193-193/? E/Sensors﹕ sns_main.c(1257):Error writing request. sns_err 2 error 0 qmi_err 0
09-29 00:17:01.212    749-20778/? E/qcom_sensors_hal﹕ hal_process_sam_gravity_resp: Msg 0; Result: 1, Error: 2
09-29 00:17:01.212      193-193/? E/Sensors﹕ sns_acm_mr.c(625):Error allocating response message
09-29 00:17:01.212      193-193/? E/Sensors﹕ sns_acm_mr.c(625):Error allocating response message
09-29 00:17:01.212      193-193/? E/Sensors﹕ sns_acm_mr.c(625):Error allocating response message
09-29 00:17:01.222      193-193/? E/Sensors﹕ sns_acm_mr.c(625):Error allocating response message
09-29 00:17:01.222      193-193/? E/Sensors﹕ sns_acm_mr.c(625):Error allocating response message
09-29 00:17:01.222      193-193/? E/Sensors﹕ sns_acm_mr.c(625):Error allocating response message
09-29 00:17:01.222      193-193/? E/Sensors﹕ sns_acm_mr.c(625):Error allocating response message
09-29 00:17:01.222      193-193/? E/Sensors﹕ sns_main.c(1257):Error writing request. sns_err 2 error 0 qmi_err 0
09-29 00:17:01.222    749-20778/? E/qcom_sensors_hal﹕ hal_process_buffering_resp: Result: 1, Error: 2
09-29 00:17:01.222      749-762/? E/qcom_sensors_hal﹕ hal_acquire_resources: Failed for handle 3 @ samp 30 Hz rpt 0 Hz WuFF 0 batched 0
09-29 00:17:01.222      193-193/? E/Sensors﹕ sns_acm_mr.c(625):Error allocating response message
09-29 00:17:01.222      193-193/? E/Sensors﹕ sns_main.c(1257):Error writing request. sns_err 2 error 0 qmi_err 0
09-29 00:17:01.222      749-780/? E/sensor_reg﹕ sensor_reg_process_resp: Error in RESP; result: 2
09-29 00:17:01.222      749-762/? E/sensor_reg﹕ sensor_reg_read: error processing message
09-29 00:17:01.222      749-762/? E/qcom_sensors_hal﹕ hal_get_raw_data_mode: Error in sensor_reg_read(): -3
09-29 00:17:01.222      193-193/? E/Sensors﹕ sns_acm_mr.c(625):Error allocating response message
09-29 00:17:01.222      193-193/? E/Sensors﹕ sns_main.c(1257):Error writing request. sns_err 2 error 0 qmi_err 0
09-29 00:17:01.222    749-20778/? E/qcom_sensors_hal﹕ hal_process_buffering_resp: Result: 1, Error: 2
09-29 00:17:01.222      749-762/? E/qcom_sensors_hal﹕ hal_acquire_resources: Failed for handle 10 @ samp 60 Hz rpt 0 Hz WuFF 0 batched 0
09-29 00:17:01.222      193-193/? E/Sensors﹕ sns_acm_mr.c(625):Error allocating response message
09-29 00:17:01.222      193-193/? E/Sensors﹕ sns_main.c(1257):Error writing request. sns_err 2 error 0 qmi_err 0
09-29 00:17:01.222      193-193/? E/Sensors﹕ sns_acm_mr.c(625):Error allocating response message
09-29 00:17:01.222      193-193/? E/Sensors﹕ sns_main.c(1257):Error writing request. sns_err 2 error 0 qmi_err 0
09-29 00:17:01.222    749-20778/? E/qcom_sensors_hal﹕ hal_process_sam_gravity_resp: Msg 0; Result: 1, Error: 2
09-29 00:17:01.222    749-20778/? E/qcom_sensors_hal﹕ hal_process_sam_gravity_resp: Msg 2; Result: 1, Error: 2
09-29 00:17:01.222      749-762/? E/qcom_sensors_hal﹕ hal_sam_grav_activate: Unable to enable gravity vector
09-29 00:17:01.222      749-762/? E/qcom_sensors_hal﹕ hal_acquire_resources: Failed for handle 12 @ samp 200 Hz rpt 0 Hz WuFF 0 batched 0
09-29 00:17:01.222      193-193/? E/Sensors﹕ sns_acm_mr.c(625):Error allocating response message
09-29 00:17:01.222      193-193/? E/Sensors﹕ sns_main.c(1257):Error writing request. sns_err 2 error 0 qmi_err 0
09-29 00:17:01.222      193-193/? E/Sensors﹕ sns_acm_mr.c(625):Error allocating response message
09-29 00:17:01.222      193-193/? E/Sensors﹕ sns_main.c(1257):Error writing request. sns_err 2 error 0 qmi_err 0
09-29 00:17:01.222    749-20778/? E/qcom_sensors_hal﹕ hal_process_sam_gravity_resp: Msg 0; Result: 1, Error: 2
09-29 00:17:01.222      193-193/? E/Sensors﹕ sns_acm_mr.c(625):Error allocating response message
09-29 00:17:01.222      193-193/? E/Sensors﹕ sns_acm_mr.c(625):Error allocating response message
09-29 00:17:01.222      193-193/? E/Sensors﹕ sns_acm_mr.c(625):Error allocating response message
09-29 00:17:01.242      193-193/? E/Sensors﹕ sns_acm_mr.c(625):Error allocating response message
09-29 00:17:01.242      193-193/? E/Sensors﹕ sns_acm_mr.c(625):Error allocating response message
09-29 00:17:01.242      193-193/? E/Sensors﹕ sns_acm_mr.c(625):Error allocating response message
09-29 00:17:01.242      193-193/? E/Sensors﹕ sns_acm_mr.c(625):Error allocating response message
09-29 00:17:01.242      193-193/? E/Sensors﹕ sns_main.c(1257):Error writing request. sns_err 2 error 0 qmi_err 0
09-29 00:17:01.242    749-20778/? E/qcom_sensors_hal﹕ hal_process_buffering_resp: Result: 1, Error: 2
09-29 00:17:01.242      749-762/? E/qcom_sensors_hal﹕ hal_acquire_resources: Failed for handle 3 @ samp 30 Hz rpt 0 Hz WuFF 0 batched 0
09-29 00:17:01.242      193-193/? E/Sensors﹕ sns_acm_mr.c(625):Error allocating response message
09-29 00:17:01.242      193-193/? E/Sensors﹕ sns_main.c(1257):Error writing request. sns_err 2 error 0 qmi_err 0
09-29 00:17:01.242      749-780/? E/sensor_reg﹕ sensor_reg_process_resp: Error in RESP; result: 2
09-29 00:17:01.242      749-762/? E/sensor_reg﹕ sensor_reg_read: error processing message
09-29 00:17:01.242      749-762/? E/qcom_sensors_hal﹕ hal_get_raw_data_mode: Error in sensor_reg_read(): -3
09-29 00:17:01.242      193-193/? E/Sensors﹕ sns_acm_mr.c(625):Error allocating response message
09-29 00:17:01.242      193-193/? E/Sensors﹕ sns_main.c(1257):Error writing request. sns_err 2 error 0 qmi_err 0
09-29 00:17:01.242    749-20778/? E/qcom_sensors_hal﹕ hal_process_buffering_resp: Result: 1, Error: 2
09-29 00:17:01.242      749-762/? E/qcom_sensors_hal﹕ hal_acquire_resources: Failed for handle 10 @ samp 60 Hz rpt 0 Hz WuFF 0 batched 0
09-29 00:17:01.242      193-193/? E/Sensors﹕ sns_acm_mr.c(625):Error allocating response message
09-29 00:17:01.242      193-193/? E/Sensors﹕ sns_main.c(1257):Error writing request. sns_err 2 error 0 qmi_err 0
09-29 00:17:01.242      193-193/? E/Sensors﹕ sns_acm_mr.c(625):Error allocating response message
09-29 00:17:01.242      193-193/? E/Sensors﹕ sns_main.c(1257):Error writing request. sns_err 2 error 0 qmi_err 0
09-29 00:17:01.242    749-20778/? E/qcom_sensors_hal﹕ hal_process_sam_gravity_resp: Msg 0; Result: 1, Error: 2
09-29 00:17:01.242    749-20778/? E/qcom_sensors_hal﹕ hal_process_sam_gravity_resp: Msg 2; Result: 1, Error: 2
09-29 00:17:01.242      749-762/? E/qcom_sensors_hal﹕ hal_sam_grav_activate: Unable to enable gravity vector
09-29 00:17:01.242      749-762/? E/qcom_sensors_hal﹕ hal_acquire_resources: Failed for handle 12 @ samp 200 Hz rpt 0 Hz WuFF 0 batched 0
09-29 00:17:01.242      193-193/? E/Sensors﹕ sns_acm_mr.c(625):Error allocating response message
09-29 00:17:01.242      193-193/? E/Sensors﹕ sns_main.c(1257):Error writing request. sns_err 2 error 0 qmi_err 0
09-29 00:17:01.242      193-193/? E/Sensors﹕ sns_acm_mr.c(625):Error allocating response message
09-29 00:17:01.242      193-193/? E/Sensors﹕ sns_main.c(1257):Error writing request. sns_err 2 error 0 qmi_err 0
09-29 00:17:01.242    749-20778/? E/qcom_sensors_hal﹕ hal_process_sam_gravity_resp: Msg 0; Result: 1, Error: 2
09-29 00:17:01.242      193-193/? E/Sensors﹕ sns_acm_mr.c(625):Error allocating response message
09-29 00:17:01.242      193-193/? E/Sensors﹕ sns_acm_mr.c(625):Error allocating response message
09-29 00:17:01.242      193-193/? E/Sensors﹕ sns_acm_mr.c(625):Error allocating response message
09-29 00:17:01.252      193-193/? E/Sensors﹕ sns_acm_mr.c(625):Error allocating response message
