09-29 00:17:01.452      749-762/? E/qcom_sensors_hal﹕ hal_sam_ped_activate: Unable to enable ped
09-29 00:17:01.452      749-762/? E/qcom_sensors_hal﹕ hal_acquire_resources: Failed for handle 31 @ samp 20 Hz rpt 0 Hz WuFF 0 batched 0
09-29 00:17:01.462      193-193/? E/Sensors﹕ sns_acm_mr.c(625):Error allocating response message
09-29 00:17:01.462      193-193/? E/Sensors﹕ sns_acm_mr.c(625):Error allocating response message
09-29 00:17:01.462      193-193/? E/Sensors﹕ sns_acm_mr.c(625):Error allocating response message
09-29 00:17:01.462      193-193/? E/Sensors﹕ sns_main.c(1257):Error writing request. sns_err 2 error 0 qmi_err 0
09-29 00:17:01.462    749-20778/? E/qcom_sensors_hal﹕ hal_process_buffering_resp: Result: 1, Error: 2
09-29 00:17:01.462      749-762/? E/qcom_sensors_hal﹕ hal_acquire_resources: Failed for handle 3 @ samp 30 Hz rpt 0 Hz WuFF 0 batched 0
09-29 00:17:01.462      193-193/? E/Sensors﹕ sns_acm_mr.c(625):Error allocating response message
09-29 00:17:01.462      193-193/? E/Sensors﹕ sns_main.c(1257):Error writing request. sns_err 2 error 0 qmi_err 0
09-29 00:17:01.462      749-780/? E/sensor_reg﹕ sensor_reg_process_resp: Error in RESP; result: 2
09-29 00:17:01.462      749-762/? E/sensor_reg﹕ sensor_reg_read: error processing message
09-29 00:17:01.462      749-762/? E/qcom_sensors_hal﹕ hal_get_raw_data_mode: Error in sensor_reg_read(): -3
09-29 00:17:01.462      193-193/? E/Sensors﹕ sns_acm_mr.c(625):Error allocating response message
09-29 00:17:01.462      193-193/? E/Sensors﹕ sns_main.c(1257):Error writing request. sns_err 2 error 0 qmi_err 0
09-29 00:17:01.462    749-20778/? E/qcom_sensors_hal﹕ hal_process_buffering_resp: Result: 1, Error: 2
09-29 00:17:01.462      749-762/? E/qcom_sensors_hal﹕ hal_acquire_resources: Failed for handle 10 @ samp 60 Hz rpt 0 Hz WuFF 0 batched 0
09-29 00:17:01.462      193-193/? E/Sensors﹕ sns_acm_mr.c(625):Error allocating response message
09-29 00:17:01.462      193-193/? E/Sensors﹕ sns_main.c(1257):Error writing request. sns_err 2 error 0 qmi_err 0
09-29 00:17:01.462      193-193/? E/Sensors﹕ sns_acm_mr.c(625):Error allocating response message
09-29 00:17:01.462      193-193/? E/Sensors﹕ sns_main.c(1257):Error writing request. sns_err 2 error 0 qmi_err 0
09-29 00:17:01.462    749-20778/? E/qcom_sensors_hal﹕ hal_process_sam_gravity_resp: Msg 0; Result: 1, Error: 2
09-29 00:17:01.462    749-20778/? E/qcom_sensors_hal﹕ hal_process_sam_gravity_resp: Msg 2; Result: 1, Error: 2
09-29 00:17:01.462      749-762/? E/qcom_sensors_hal﹕ hal_sam_grav_activate: Unable to enable gravity vector
09-29 00:17:01.462      749-762/? E/qcom_sensors_hal﹕ hal_acquire_resources: Failed for handle 12 @ samp 200 Hz rpt 0 Hz WuFF 0 batched 0
09-29 00:17:01.462      193-193/? E/Sensors﹕ sns_acm_mr.c(625):Error allocating response message
09-29 00:17:01.462      193-193/? E/Sensors﹕ sns_main.c(1257):Error writing request. sns_err 2 error 0 qmi_err 0
09-29 00:17:01.462      193-193/? E/Sensors﹕ sns_acm_mr.c(625):Error allocating response message
09-29 00:17:01.462      749-762/? E/qcom_sensors_hal﹕ hal_acquire_resources: Failed for handle 13 @ samp 200 Hz rpt 0 Hz WuFF 0 batched 0
09-29 00:17:01.462      749-762/? E/qcom_sensors_hal﹕ hal_acquire_resources: Failed for handle 19 @ samp 200 Hz rpt 0 Hz WuFF 0 batched 0
09-29 00:17:01.462      193-193/? E/Sensors﹕ sns_acm_mr.c(625):Error allocating response message
09-29 00:17:01.472      193-193/? E/Sensors﹕ sns_acm_mr.c(625):Error allocating response message
09-29 00:17:01.472      193-193/? E/Sensors﹕ sns_acm_mr.c(625):Error allocating response message
09-29 00:17:01.472      193-193/? E/Sensors﹕ sns_acm_mr.c(625):Error allocating response message
09-29 00:17:01.472      193-193/? E/Sensors﹕ sns_acm_mr.c(625):Error allocating response message
09-29 00:17:01.472      193-193/? E/Sensors﹕ sns_main.c(1257):Error writing request. sns_err 2 error 0 qmi_err 0
09-29 00:17:01.472    749-20778/? E/qcom_sensors_hal﹕ hal_process_buffering_resp: Result: 1, Error: 2
09-29 00:17:01.472      749-762/? E/qcom_sensors_hal﹕ hal_acquire_resources: Failed for handle 3 @ samp 30 Hz rpt 0 Hz WuFF 0 batched 0
09-29 00:17:01.472      193-193/? E/Sensors﹕ sns_acm_mr.c(625):Error allocating response message
09-29 00:17:01.472      193-193/? E/Sensors﹕ sns_main.c(1257):Error writing request. sns_err 2 error 0 qmi_err 0
09-29 00:17:01.472      749-780/? E/sensor_reg﹕ sensor_reg_process_resp: Error in RESP; result: 2
09-29 00:17:01.472      749-762/? E/sensor_reg﹕ sensor_reg_read: error processing message
09-29 00:17:01.472      749-762/? E/qcom_sensors_hal﹕ hal_get_raw_data_mode: Error in sensor_reg_read(): -3
09-29 00:17:01.472      193-193/? E/Sensors﹕ sns_acm_mr.c(625):Error allocating response message
09-29 00:17:01.472      193-193/? E/Sensors﹕ sns_main.c(1257):Error writing request. sns_err 2 error 0 qmi_err 0
09-29 00:17:01.472    749-20778/? E/qcom_sensors_hal﹕ hal_process_buffering_resp: Result: 1, Error: 2
09-29 00:17:01.472      749-762/? E/qcom_sensors_hal﹕ hal_acquire_resources: Failed for handle 10 @ samp 60 Hz rpt 0 Hz WuFF 0 batched 0
09-29 00:17:01.472      193-193/? E/Sensors﹕ sns_acm_mr.c(625):Error allocating response message
09-29 00:17:01.472      193-193/? E/Sensors﹕ sns_main.c(1257):Error writing request. sns_err 2 error 0 qmi_err 0
09-29 00:17:01.472      193-193/? E/Sensors﹕ sns_acm_mr.c(625):Error allocating response message
09-29 00:17:01.472      193-193/? E/Sensors﹕ sns_main.c(1257):Error writing request. sns_err 2 error 0 qmi_err 0
09-29 00:17:01.472    749-20778/? E/qcom_sensors_hal﹕ hal_process_sam_gravity_resp: Msg 0; Result: 1, Error: 2
09-29 00:17:01.472    749-20778/? E/qcom_sensors_hal﹕ hal_process_sam_gravity_resp: Msg 2; Result: 1, Error: 2
09-29 00:17:01.472      749-762/? E/qcom_sensors_hal﹕ hal_sam_grav_activate: Unable to enable gravity vector
09-29 00:17:01.472      749-762/? E/qcom_sensors_hal﹕ hal_acquire_resources: Failed for handle 12 @ samp 200 Hz rpt 0 Hz WuFF 0 batched 0
09-29 00:17:01.482      193-193/? E/Sensors﹕ sns_acm_mr.c(625):Error allocating response message
09-29 00:17:01.482      193-193/? E/Sensors﹕ sns_main.c(1257):Error writing request. sns_err 2 error 0 qmi_err 0
09-29 00:17:01.482      193-193/? E/Sensors﹕ sns_acm_mr.c(625):Error allocating response message
09-29 00:17:01.482      193-193/? E/Sensors﹕ sns_acm_mr.c(625):Error allocating response message
09-29 00:17:01.482      193-193/? E/Sensors﹕ sns_acm_mr.c(625):Error allocating response message
09-29 00:17:01.482      193-193/? E/Sensors﹕ sns_acm_mr.c(625):Error allocating response message
09-29 00:17:01.492      749-780/? E/sensor_reg﹕ sensor_reg_process_resp: Error in RESP; result: 2
09-29 00:17:01.492      749-780/? E/sensor_reg﹕ sensor_reg_process_resp: Error in RESP; result: 2
09-29 00:17:01.492      749-780/? E/sensor_reg﹕ sensor_reg_process_resp: Error in RESP; result: 2
09-29 00:17:01.492      193-193/? E/Sensors﹕ sns_acm_mr.c(625):Error allocating response message
09-29 00:17:01.492      193-193/? E/Sensors﹕ sns_main.c(1257):Error writing request. sns_err 2 error 0 qmi_err 0
09-29 00:17:01.492    749-20778/? E/qcom_sensors_hal﹕ hal_process_buffering_resp: Result: 1, Error: 2
09-29 00:17:01.492      749-762/? E/qcom_sensors_hal﹕ hal_acquire_resources: Failed for handle 3 @ samp 30 Hz rpt 0 Hz WuFF 0 batched 0
09-29 00:17:01.492      193-193/? E/Sensors﹕ sns_acm_mr.c(625):Error allocating response message
09-29 00:17:01.492      193-193/? E/Sensors﹕ sns_main.c(1257):Error writing request. sns_err 2 error 0 qmi_err 0
09-29 00:17:01.492      749-780/? E/sensor_reg﹕ sensor_reg_process_resp: Error in RESP; result: 2
09-29 00:17:01.492      749-762/? E/sensor_reg﹕ sensor_reg_read: error processing message
09-29 00:17:01.492      749-762/? E/qcom_sensors_hal﹕ hal_get_raw_data_mode: Error in sensor_reg_read(): -3
09-29 00:17:01.492      193-193/? E/Sensors﹕ sns_acm_mr.c(625):Error allocating response message
09-29 00:17:01.492      193-193/? E/Sensors﹕ sns_main.c(1257):Error writing request. sns_err 2 error 0 qmi_err 0
09-29 00:17:01.492    749-20778/? E/qcom_sensors_hal﹕ hal_process_buffering_resp: Result: 1, Error: 2
09-29 00:17:01.492      749-762/? E/qcom_sensors_hal﹕ hal_acquire_resources: Failed for handle 10 @ samp 60 Hz rpt 0 Hz WuFF 0 batched 0
09-29 00:17:01.492      193-193/? E/Sensors﹕ sns_acm_mr.c(625):Error allocating response message
09-29 00:17:01.492      193-193/? E/Sensors﹕ sns_main.c(1257):Error writing request. sns_err 2 error 0 qmi_err 0
09-29 00:17:01.492      193-193/? E/Sensors﹕ sns_acm_mr.c(625):Error allocating response message
09-29 00:17:01.492      193-193/? E/Sensors﹕ sns_main.c(1257):Error writing request. sns_err 2 error 0 qmi_err 0
09-29 00:17:01.492    749-20778/? E/qcom_sensors_hal﹕ hal_process_sam_gravity_resp: Msg 0; Result: 1, Error: 2
09-29 00:17:01.492    749-20778/? E/qcom_sensors_hal﹕ hal_process_sam_gravity_resp: Msg 2; Result: 1, Error: 2
09-29 00:17:01.492      749-762/? E/qcom_sensors_hal﹕ hal_sam_grav_activate: Unable to enable gravity vector
09-29 00:17:01.492      749-762/? E/qcom_sensors_hal﹕ hal_acquire_resources: Failed for handle 12 @ samp 200 Hz rpt 0 Hz WuFF 0 batched 0
09-29 00:17:01.492      193-193/? E/Sensors﹕ sns_acm_mr.c(625):Error allocating response message
09-29 00:17:01.492      193-193/? E/Sensors﹕ sns_main.c(1257):Error writing request. sns_err 2 error 0 qmi_err 0
09-29 00:17:01.492    749-20778/? E/qcom_sensors_hal﹕ hal_process_sam_gravity_resp: Msg 0; Result: 1, Error: 2
09-29 00:17:01.492    749-20778/? E/qcom_sensors_hal﹕ hal_process_sam_rotation_vector_resp: Msg 0; Result: 1, Error: 2
09-29 00:17:01.492      193-193/? E/Sensors﹕ sns_acm_mr.c(625):Error allocating response message
09-29 00:17:01.492    749-20778/? E/qcom_sensors_hal﹕ hal_process_sam_sensor_thresh_resp: Msg 2; Result: 1, Error: 2
09-29 00:17:01.502      749-762/? E/qcom_sensors_hal﹕ hal_acquire_resources: Failed for handle 0 @ samp 200 Hz rpt 0 Hz WuFF 0 batched 0
09-29 00:17:01.502    749-20778/? E/qcom_sensors_hal﹕ hal_process_buffering_resp: Result: 1, Error: 2
09-29 00:17:01.502      193-193/? E/Sensors﹕ sns_main.c(1257):Error writing request. sns_err 2 error 0 qmi_err 0
09-29 00:17:01.502    749-20778/? E/qcom_sensors_hal﹕ hal_process_buffering_resp: Result: 1, Error: 2
09-29 00:17:01.502      749-762/? E/qcom_sensors_hal﹕ hal_acquire_resources: Failed for handle 3 @ samp 30 Hz rpt 0 Hz WuFF 0 batched 0
09-29 00:17:01.502      193-193/? E/Sensors﹕ sns_acm_mr.c(625):Error allocating response message
09-29 00:17:01.502      193-193/? E/Sensors﹕ sns_main.c(1257):Error writing request. sns_err 2 error 0 qmi_err 0
09-29 00:17:01.502      749-780/? E/sensor_reg﹕ sensor_reg_process_resp: Error in RESP; result: 2
09-29 00:17:01.502      749-762/? E/sensor_reg﹕ sensor_reg_read: error processing message
09-29 00:17:01.502      749-762/? E/qcom_sensors_hal﹕ hal_get_raw_data_mode: Error in sensor_reg_read(): -3
09-29 00:17:01.502      193-193/? E/Sensors﹕ sns_acm_mr.c(625):Error allocating response message
09-29 00:17:01.502      193-193/? E/Sensors﹕ sns_main.c(1257):Error writing request. sns_err 2 error 0 qmi_err 0
09-29 00:17:01.502    749-20778/? E/qcom_sensors_hal﹕ hal_process_buffering_resp: Result: 1, Error: 2
09-29 00:17:01.502      749-762/? E/qcom_sensors_hal﹕ hal_acquire_resources: Failed for handle 10 @ samp 60 Hz rpt 0 Hz WuFF 0 batched 0
09-29 00:17:01.502      193-193/? E/Sensors﹕ sns_acm_mr.c(625):Error allocating response message
09-29 00:17:01.502      193-193/? E/Sensors﹕ sns_main.c(1257):Error writing request. sns_err 2 error 0 qmi_err 0
09-29 00:17:01.502      193-193/? E/Sensors﹕ sns_acm_mr.c(625):Error allocating response message
09-29 00:17:01.502      193-193/? E/Sensors﹕ sns_main.c(1257):Error writing request. sns_err 2 error 0 qmi_err 0
09-29 00:17:01.502    749-20778/? E/qcom_sensors_hal﹕ hal_process_sam_gravity_resp: Msg 0; Result: 1, Error: 2
09-29 00:17:01.502    749-20778/? E/qcom_sensors_hal﹕ hal_process_sam_gravity_resp: Msg 2; Result: 1, Error: 2
09-29 00:17:01.502      749-762/? E/qcom_sensors_hal﹕ hal_sam_grav_activate: Unable to enable gravity vector
09-29 00:17:01.502      749-762/? E/qcom_sensors_hal﹕ hal_acquire_resources: Failed for handle 12 @ samp 200 Hz rpt 0 Hz WuFF 0 batched 0
09-29 00:17:01.502      193-193/? E/Sensors﹕ sns_acm_mr.c(625):Error allocating response message
09-29 00:17:01.502      193-193/? E/Sensors﹕ sns_main.c(1257):Error writing request. sns_err 2 error 0 qmi_err 0
09-29 00:17:01.502      193-193/? E/Sensors﹕ sns_acm_mr.c(625):Error allocating response message
09-29 00:17:01.502      193-193/? E/Sensors﹕ sns_main.c(1257):Error writing request. sns_err 2 error 0 qmi_err 0
09-29 00:17:01.502      193-193/? E/Sensors﹕ sns_acm_mr.c(625):Error allocating response message
09-29 00:17:01.502      193-193/? E/Sensors﹕ sns_acm_mr.c(625):Error allocating response message
09-29 00:17:01.512      193-193/? E/Sensors﹕ sns_acm_mr.c(625):Error allocating response message
09-29 00:17:01.522      193-193/? E/Sensors﹕ sns_acm_mr.c(625):Error allocating response message
09-29 00:17:01.522      193-193/? E/Sensors﹕ sns_acm_mr.c(625):Error allocating response message
09-29 00:17:01.522      749-780/? E/sensor_reg﹕ sensor_reg_process_resp: Error in RESP; result: 2
09-29 00:17:01.522      193-193/? E/Sensors﹕ sns_acm_mr.c(625):Error allocating response message
09-29 00:17:01.522      193-193/? E/Sensors﹕ sns_main.c(1257):Error writing request. sns_err 2 error 0 qmi_err 0
09-29 00:17:01.522    749-20778/? E/qcom_sensors_hal﹕ hal_process_buffering_resp: Result: 1, Error: 2
09-29 00:17:01.522      749-762/? E/qcom_sensors_hal﹕ hal_acquire_resources: Failed for handle 3 @ samp 30 Hz rpt 0 Hz WuFF 0 batched 0
09-29 00:17:01.522      193-193/? E/Sensors﹕ sns_acm_mr.c(625):Error allocating response message
09-29 00:17:01.522      193-193/? E/Sensors﹕ sns_main.c(1257):Error writing request. sns_err 2 error 0 qmi_err 0
09-29 00:17:01.522      749-780/? E/sensor_reg﹕ sensor_reg_process_resp: Error in RESP; result: 2
09-29 00:17:01.522      749-762/? E/sensor_reg﹕ sensor_reg_read: error processing message
09-29 00:17:01.522      749-762/? E/qcom_sensors_hal﹕ hal_get_raw_data_mode: Error in sensor_reg_read(): -3
09-29 00:17:01.522      193-193/? E/Sensors﹕ sns_acm_mr.c(625):Error allocating response message
09-29 00:17:01.522      193-193/? E/Sensors﹕ sns_main.c(1257):Error writing request. sns_err 2 error 0 qmi_err 0
09-29 00:17:01.522    749-20778/? E/qcom_sensors_hal﹕ hal_process_buffering_resp: Result: 1, Error: 2
09-29 00:17:01.522      749-762/? E/qcom_sensors_hal﹕ hal_acquire_resources: Failed for handle 10 @ samp 60 Hz rpt 0 Hz WuFF 0 batched 0
09-29 00:17:01.522      193-193/? E/Sensors﹕ sns_acm_mr.c(625):Error allocating response message
09-29 00:17:01.522      193-193/? E/Sensors﹕ sns_main.c(1257):Error writing request. sns_err 2 error 0 qmi_err 0
09-29 00:17:01.522      193-193/? E/Sensors﹕ sns_acm_mr.c(625):Error allocating response message
09-29 00:17:01.522      193-193/? E/Sensors﹕ sns_main.c(1257):Error writing request. sns_err 2 error 0 qmi_err 0
09-29 00:17:01.522    749-20778/? E/qcom_sensors_hal﹕ hal_process_sam_gravity_resp: Msg 0; Result: 1, Error: 2
09-29 00:17:01.522    749-20778/? E/qcom_sensors_hal﹕ hal_process_sam_gravity_resp: Msg 2; Result: 1, Error: 2
09-29 00:17:01.522      749-762/? E/qcom_sensors_hal﹕ hal_sam_grav_activate: Unable to enable gravity vector
09-29 00:17:01.522      749-762/? E/qcom_sensors_hal﹕ hal_acquire_resources: Failed for handle 12 @ samp 200 Hz rpt 0 Hz WuFF 0 batched 0
09-29 00:17:01.522      193-193/? E/Sensors﹕ sns_acm_mr.c(625):Error allocating response message
09-29 00:17:01.522      193-193/? E/Sensors﹕ sns_main.c(1257):Error writing request. sns_err 2 error 0 qmi_err 0
09-29 00:17:01.522    749-20778/? E/qcom_sensors_hal﹕ hal_process_sam_gravity_resp: Msg 0; Result: 1, Error: 2
09-29 00:17:01.522    749-20778/? E/qcom_sensors_hal﹕ hal_process_sam_rotation_vector_resp: Msg 0; Result: 1, Error: 2
09-29 00:17:01.522    749-20778/? E/qcom_sensors_hal﹕ hal_process_sam_ped_resp: Msg 0; Result: 1, Error: 2
09-29 00:17:01.522      749-762/? E/qcom_sensors_hal﹕ hal_acquire_resources: Failed for handle 31 @ samp 20 Hz rpt 0 Hz WuFF 0 batched 0
09-29 00:17:01.532      749-762/? E/qcom_sensors_hal﹕ hal_acquire_resources: Failed for handle 0 @ samp 200 Hz rpt 0 Hz WuFF 0 batched 0
09-29 00:17:01.532      193-193/? E/Sensors﹕ sns_acm_mr.c(625):Error allocating response message
09-29 00:17:01.532      193-193/? E/Sensors﹕ sns_acm_mr.c(625):Error allocating response message
09-29 00:17:01.532      193-193/? E/Sensors﹕ sns_main.c(1257):Error writing request. sns_err 2 error 0 qmi_err 0
09-29 00:17:01.532    749-20778/? E/qcom_sensors_hal﹕ hal_process_buffering_resp: Result: 1, Error: 2
09-29 00:17:01.532      749-762/? E/qcom_sensors_hal﹕ hal_acquire_resources: Failed for handle 3 @ samp 30 Hz rpt 0 Hz WuFF 0 batched 0
09-29 00:17:01.532      193-193/? E/Sensors﹕ sns_acm_mr.c(625):Error allocating response message
09-29 00:17:01.532      193-193/? E/Sensors﹕ sns_main.c(1257):Error writing request. sns_err 2 error 0 qmi_err 0
09-29 00:17:01.532      749-780/? E/sensor_reg﹕ sensor_reg_process_resp: Error in RESP; result: 2
09-29 00:17:01.532      749-762/? E/sensor_reg﹕ sensor_reg_read: error processing message
09-29 00:17:01.532      749-762/? E/qcom_sensors_hal﹕ hal_get_raw_data_mode: Error in sensor_reg_read(): -3
09-29 00:17:01.532      193-193/? E/Sensors﹕ sns_acm_mr.c(625):Error allocating response message
09-29 00:17:01.532      193-193/? E/Sensors﹕ sns_main.c(1257):Error writing request. sns_err 2 error 0 qmi_err 0
09-29 00:17:01.532    749-20778/? E/qcom_sensors_hal﹕ hal_process_buffering_resp: Result: 1, Error: 2
09-29 00:17:01.532      749-762/? E/qcom_sensors_hal﹕ hal_acquire_resources: Failed for handle 10 @ samp 60 Hz rpt 0 Hz WuFF 0 batched 0
09-29 00:17:01.532      193-193/? E/Sensors﹕ sns_acm_mr.c(625):Error allocating response message
09-29 00:17:01.532      193-193/? E/Sensors﹕ sns_main.c(1257):Error writing request. sns_err 2 error 0 qmi_err 0
09-29 00:17:01.532      193-193/? E/Sensors﹕ sns_acm_mr.c(625):Error allocating response message
09-29 00:17:01.532      193-193/? E/Sensors﹕ sns_main.c(1257):Error writing request. sns_err 2 error 0 qmi_err 0
09-29 00:17:01.532    749-20778/? E/qcom_sensors_hal﹕ hal_process_sam_gravity_resp: Msg 0; Result: 1, Error: 2
09-29 00:17:01.532    749-20778/? E/qcom_sensors_hal﹕ hal_process_sam_gravity_resp: Msg 2; Result: 1, Error: 2
09-29 00:17:01.532      749-762/? E/qcom_sensors_hal﹕ hal_sam_grav_activate: Unable to enable gravity vector
09-29 00:17:01.532      749-762/? E/qcom_sensors_hal﹕ hal_acquire_resources: Failed for handle 12 @ samp 200 Hz rpt 0 Hz WuFF 0 batched 0
09-29 00:17:01.532      193-193/? E/Sensors﹕ sns_acm_mr.c(625):Error allocating response message
09-29 00:17:01.532      193-193/? E/Sensors﹕ sns_main.c(1257):Error writing request. sns_err 2 error 0 qmi_err 0
09-29 00:17:01.532      193-193/? E/Sensors﹕ sns_acm_mr.c(625):Error allocating response message
09-29 00:17:01.532      193-193/? E/Sensors﹕ sns_acm_mr.c(625):Error allocating response message
09-29 00:17:01.532      193-193/? E/Sensors﹕ sns_main.c(1257):Error writing request. sns_err 2 error 0 qmi_err 0
09-29 00:17:01.532      193-193/? E/Sensors﹕ sns_acm_mr.c(625):Error allocating response message
09-29 00:17:01.542      193-193/? E/Sensors﹕ sns_main.c(1257):Error writing request. sns_err 2 error 0 qmi_err 0
09-29 00:17:01.552    749-20778/? E/qcom_sensors_hal﹕ hal_process_buffering_resp: Result: 1, Error: 2
09-29 00:17:01.552      193-193/? E/Sensors﹕ sns_main.c(1257):Error writing request. sns_err 2 error 0 qmi_err 0
09-29 00:17:01.552    749-20778/? E/qcom_sensors_hal﹕ hal_process_buffering_resp: Result: 1, Error: 2
09-29 00:17:01.552      749-762/? E/qcom_sensors_hal﹕ hal_acquire_resources: Failed for handle 3 @ samp 30 Hz rpt 0 Hz WuFF 0 batched 0
09-29 00:17:01.552      193-193/? E/Sensors﹕ sns_acm_mr.c(625):Error allocating response message
09-29 00:17:01.552      193-193/? E/Sensors﹕ sns_main.c(1257):Error writing request. sns_err 2 error 0 qmi_err 0
09-29 00:17:01.552      749-780/? E/sensor_reg﹕ sensor_reg_process_resp: Error in RESP; result: 2
09-29 00:17:01.552      749-762/? E/sensor_reg﹕ sensor_reg_read: error processing message
09-29 00:17:01.552      749-762/? E/qcom_sensors_hal﹕ hal_get_raw_data_mode: Error in sensor_reg_read(): -3
09-29 00:17:01.552      193-193/? E/Sensors﹕ sns_acm_mr.c(625):Error allocating response message
09-29 00:17:01.552      193-193/? E/Sensors﹕ sns_main.c(1257):Error writing request. sns_err 2 error 0 qmi_err 0
09-29 00:17:01.552    749-20778/? E/qcom_sensors_hal﹕ hal_process_buffering_resp: Result: 1, Error: 2
09-29 00:17:01.552      749-762/? E/qcom_sensors_hal﹕ hal_acquire_resources: Failed for handle 10 @ samp 60 Hz rpt 0 Hz WuFF 0 batched 0
09-29 00:17:01.552      193-193/? E/Sensors﹕ sns_acm_mr.c(625):Error allocating response message
09-29 00:17:01.552      193-193/? E/Sensors﹕ sns_main.c(1257):Error writing request. sns_err 2 error 0 qmi_err 0
09-29 00:17:01.552      193-193/? E/Sensors﹕ sns_acm_mr.c(625):Error allocating response message
09-29 00:17:01.552      193-193/? E/Sensors﹕ sns_main.c(1257):Error writing request. sns_err 2 error 0 qmi_err 0
09-29 00:17:01.552    749-20778/? E/qcom_sensors_hal﹕ hal_process_sam_gravity_resp: Msg 0; Result: 1, Error: 2
09-29 00:17:01.552    749-20778/? E/qcom_sensors_hal﹕ hal_process_sam_gravity_resp: Msg 2; Result: 1, Error: 2
09-29 00:17:01.552      749-762/? E/qcom_sensors_hal﹕ hal_sam_grav_activate: Unable to enable gravity vector
09-29 00:17:01.552      749-762/? E/qcom_sensors_hal﹕ hal_acquire_resources: Failed for handle 12 @ samp 200 Hz rpt 0 Hz WuFF 0 batched 0
09-29 00:17:01.552      193-193/? E/Sensors﹕ sns_acm_mr.c(625):Error allocating response message
09-29 00:17:01.552      193-193/? E/Sensors﹕ sns_main.c(1257):Error writing request. sns_err 2 error 0 qmi_err 0
09-29 00:17:01.552      193-193/? E/Sensors﹕ sns_acm_mr.c(625):Error allocating response message
09-29 00:17:01.552      193-193/? E/Sensors﹕ sns_main.c(1257):Error writing request. sns_err 2 error 0 qmi_err 0
09-29 00:17:01.552      193-193/? E/Sensors﹕ sns_acm_mr.c(625):Error allocating response message
09-29 00:17:01.552      193-193/? E/Sensors﹕ sns_acm_mr.c(625):Error allocating response message
09-29 00:17:01.552      193-193/? E/Sensors﹕ sns_acm_mr.c(625):Error allocating response message
09-29 00:17:01.562      749-780/? E/sensor_reg﹕ sensor_reg_process_resp: Error in RESP; result: 2
09-29 00:17:01.562      749-780/? E/sensor_reg﹕ sensor_reg_process_resp: Error in RESP; result: 2
09-29 00:17:01.562      749-762/? E/qcom_sensors_hal﹕ hal_get_raw_data_mode: Error in sensor_reg_read(): -3
09-29 00:17:01.562      193-193/? E/Sensors﹕ sns_acm_mr.c(625):Error allocating response message
09-29 00:17:01.562      193-193/? E/Sensors﹕ sns_main.c(1257):Error writing request. sns_err 2 error 0 qmi_err 0
09-29 00:17:01.562    749-20778/? E/qcom_sensors_hal﹕ hal_process_buffering_resp: Result: 1, Error: 2
09-29 00:17:01.562      749-762/? E/qcom_sensors_hal﹕ hal_acquire_resources: Failed for handle 3 @ samp 30 Hz rpt 0 Hz WuFF 0 batched 0
09-29 00:17:01.562      193-193/? E/Sensors﹕ sns_acm_mr.c(625):Error allocating response message
09-29 00:17:01.562      193-193/? E/Sensors﹕ sns_main.c(1257):Error writing request. sns_err 2 error 0 qmi_err 0
09-29 00:17:01.562      749-780/? E/sensor_reg﹕ sensor_reg_process_resp: Error in RESP; result: 2
09-29 00:17:01.562      749-762/? E/sensor_reg﹕ sensor_reg_read: error processing message
09-29 00:17:01.562      749-762/? E/qcom_sensors_hal﹕ hal_get_raw_data_mode: Error in sensor_reg_read(): -3
09-29 00:17:01.562      193-193/? E/Sensors﹕ sns_acm_mr.c(625):Error allocating response message
09-29 00:17:01.562      193-193/? E/Sensors﹕ sns_main.c(1257):Error writing request. sns_err 2 error 0 qmi_err 0
09-29 00:17:01.562    749-20778/? E/qcom_sensors_hal﹕ hal_process_buffering_resp: Result: 1, Error: 2
09-29 00:17:01.562      749-762/? E/qcom_sensors_hal﹕ hal_acquire_resources: Failed for handle 10 @ samp 60 Hz rpt 0 Hz WuFF 0 batched 0
09-29 00:17:01.562      193-193/? E/Sensors﹕ sns_acm_mr.c(625):Error allocating response message
09-29 00:17:01.562      193-193/? E/Sensors﹕ sns_main.c(1257):Error writing request. sns_err 2 error 0 qmi_err 0
09-29 00:17:01.562      193-193/? E/Sensors﹕ sns_acm_mr.c(625):Error allocating response message
09-29 00:17:01.562      193-193/? E/Sensors﹕ sns_main.c(1257):Error writing request. sns_err 2 error 0 qmi_err 0
09-29 00:17:01.562    749-20778/? E/qcom_sensors_hal﹕ hal_process_sam_gravity_resp: Msg 0; Result: 1, Error: 2
09-29 00:17:01.562    749-20778/? E/qcom_sensors_hal﹕ hal_process_sam_gravity_resp: Msg 2; Result: 1, Error: 2
09-29 00:17:01.562      749-762/? E/qcom_sensors_hal﹕ hal_sam_grav_activate: Unable to enable gravity vector
09-29 00:17:01.562      749-762/? E/qcom_sensors_hal﹕ hal_acquire_resources: Failed for handle 12 @ samp 200 Hz rpt 0 Hz WuFF 0 batched 0
09-29 00:17:01.562      193-193/? E/Sensors﹕ sns_acm_mr.c(625):Error allocating response message
09-29 00:17:01.562      193-193/? E/Sensors﹕ sns_main.c(1257):Error writing request. sns_err 2 error 0 qmi_err 0
09-29 00:17:01.562      193-193/? E/Sensors﹕ sns_acm_mr.c(625):Error allocating response message
09-29 00:17:01.562      193-193/? E/Sensors﹕ sns_acm_mr.c(625):Error allocating response message
09-29 00:17:01.562      193-193/? E/Sensors﹕ sns_acm_mr.c(625):Error allocating response message
09-29 00:17:01.572      193-193/? E/Sensors﹕ sns_acm_mr.c(625):Error allocating response message
09-29 00:17:01.572      749-780/? E/sensor_reg﹕ sensor_reg_process_resp: Error in RESP; result: 2
09-29 00:17:01.572      749-780/? E/sensor_reg﹕ sensor_reg_process_resp: Error in RESP; result: 2
09-29 00:17:01.572      193-193/? E/Sensors﹕ sns_acm_mr.c(625):Error allocating response message
09-29 00:17:01.572      193-193/? E/Sensors﹕ sns_main.c(1257):Error writing request. sns_err 2 error 0 qmi_err 0
09-29 00:17:01.572    749-20778/? E/qcom_sensors_hal﹕ hal_process_buffering_resp: Result: 1, Error: 2
09-29 00:17:01.572      749-762/? E/qcom_sensors_hal﹕ hal_acquire_resources: Failed for handle 3 @ samp 30 Hz rpt 0 Hz WuFF 0 batched 0
09-29 00:17:01.572      193-193/? E/Sensors﹕ sns_acm_mr.c(625):Error allocating response message
09-29 00:17:01.572      193-193/? E/Sensors﹕ sns_main.c(1257):Error writing request. sns_err 2 error 0 qmi_err 0
09-29 00:17:01.582      749-780/? E/sensor_reg﹕ sensor_reg_process_resp: Error in RESP; result: 2
09-29 00:17:01.582      749-762/? E/sensor_reg﹕ sensor_reg_read: error processing message
09-29 00:17:01.582      749-762/? E/qcom_sensors_hal﹕ hal_get_raw_data_mode: Error in sensor_reg_read(): -3
09-29 00:17:01.582      193-193/? E/Sensors﹕ sns_acm_mr.c(625):Error allocating response message
09-29 00:17:01.582      193-193/? E/Sensors﹕ sns_main.c(1257):Error writing request. sns_err 2 error 0 qmi_err 0
09-29 00:17:01.582    749-20778/? E/qcom_sensors_hal﹕ hal_process_buffering_resp: Result: 1, Error: 2
09-29 00:17:01.582      749-762/? E/qcom_sensors_hal﹕ hal_acquire_resources: Failed for handle 10 @ samp 60 Hz rpt 0 Hz WuFF 0 batched 0
09-29 00:17:01.582      193-193/? E/Sensors﹕ sns_acm_mr.c(625):Error allocating response message
09-29 00:17:01.582      193-193/? E/Sensors﹕ sns_main.c(1257):Error writing request. sns_err 2 error 0 qmi_err 0
09-29 00:17:01.582      193-193/? E/Sensors﹕ sns_acm_mr.c(625):Error allocating response message
09-29 00:17:01.582      193-193/? E/Sensors﹕ sns_main.c(1257):Error writing request. sns_err 2 error 0 qmi_err 0
09-29 00:17:01.582    749-20778/? E/qcom_sensors_hal﹕ hal_process_sam_gravity_resp: Msg 0; Result: 1, Error: 2
09-29 00:17:01.582    749-20778/? E/qcom_sensors_hal﹕ hal_process_sam_gravity_resp: Msg 2; Result: 1, Error: 2
09-29 00:17:01.582      749-762/? E/qcom_sensors_hal﹕ hal_sam_grav_activate: Unable to enable gravity vector
09-29 00:17:01.582      749-762/? E/qcom_sensors_hal﹕ hal_acquire_resources: Failed for handle 12 @ samp 200 Hz rpt 0 Hz WuFF 0 batched 0
09-29 00:17:01.582      193-193/? E/Sensors﹕ sns_acm_mr.c(625):Error allocating response message
09-29 00:17:01.582      193-193/? E/Sensors﹕ sns_main.c(1257):Error writing request. sns_err 2 error 0 qmi_err 0
09-29 00:17:01.582      193-193/? E/Sensors﹕ sns_acm_mr.c(625):Error allocating response message
09-29 00:17:01.582      193-193/? E/Sensors﹕ sns_acm_mr.c(625):Error allocating response message
09-29 00:17:01.582    749-20778/? E/qcom_sensors_hal﹕ hal_process_sam_ped_resp: Msg 0; Result: 1, Error: 2
09-29 00:17:01.582      193-193/? E/Sensors﹕ sns_acm_mr.c(625):Error allocating response message
09-29 00:17:01.592      749-780/? E/sensor_reg﹕ sensor_reg_process_resp: Error in RESP; result: 2
09-29 00:17:01.592      193-193/? E/Sensors﹕ sns_acm_mr.c(625):Error allocating response message
09-29 00:17:01.592      193-193/? E/Sensors﹕ sns_acm_mr.c(625):Error allocating response message
09-29 00:17:01.592      193-193/? E/Sensors﹕ sns_acm_mr.c(625):Error allocating response message
09-29 00:17:01.592      193-193/? E/Sensors﹕ sns_main.c(1257):Error writing request. sns_err 2 error 0 qmi_err 0
09-29 00:17:01.592    749-20778/? E/qcom_sensors_hal﹕ hal_process_buffering_resp: Result: 1, Error: 2
09-29 00:17:01.592      749-762/? E/qcom_sensors_hal﹕ hal_acquire_resources: Failed for handle 3 @ samp 30 Hz rpt 0 Hz WuFF 0 batched 0
09-29 00:17:01.592      193-193/? E/Sensors﹕ sns_acm_mr.c(625):Error allocating response message
09-29 00:17:01.592      193-193/? E/Sensors﹕ sns_main.c(1257):Error writing request. sns_err 2 error 0 qmi_err 0
09-29 00:17:01.592      749-780/? E/sensor_reg﹕ sensor_reg_process_resp: Error in RESP; result: 2
09-29 00:17:01.592      749-762/? E/sensor_reg﹕ sensor_reg_read: error processing message
09-29 00:17:01.592      749-762/? E/qcom_sensors_hal﹕ hal_get_raw_data_mode: Error in sensor_reg_read(): -3
09-29 00:17:01.592      193-193/? E/Sensors﹕ sns_acm_mr.c(625):Error allocating response message
09-29 00:17:01.592      193-193/? E/Sensors﹕ sns_main.c(1257):Error writing request. sns_err 2 error 0 qmi_err 0
09-29 00:17:01.592    749-20778/? E/qcom_sensors_hal﹕ hal_process_buffering_resp: Result: 1, Error: 2
09-29 00:17:01.592      749-762/? E/qcom_sensors_hal﹕ hal_acquire_resources: Failed for handle 10 @ samp 60 Hz rpt 0 Hz WuFF 0 batched 0
09-29 00:17:01.592      193-193/? E/Sensors﹕ sns_acm_mr.c(625):Error allocating response message
09-29 00:17:01.592      193-193/? E/Sensors﹕ sns_main.c(1257):Error writing request. sns_err 2 error 0 qmi_err 0
09-29 00:17:01.592      193-193/? E/Sensors﹕ sns_acm_mr.c(625):Error allocating response message
09-29 00:17:01.592      193-193/? E/Sensors﹕ sns_main.c(1257):Error writing request. sns_err 2 error 0 qmi_err 0
09-29 00:17:01.592    749-20778/? E/qcom_sensors_hal﹕ hal_process_sam_gravity_resp: Msg 0; Result: 1, Error: 2
09-29 00:17:01.592    749-20778/? E/qcom_sensors_hal﹕ hal_process_sam_gravity_resp: Msg 2; Result: 1, Error: 2
09-29 00:17:01.592      749-762/? E/qcom_sensors_hal﹕ hal_sam_grav_activate: Unable to enable gravity vector
09-29 00:17:01.592      749-762/? E/qcom_sensors_hal﹕ hal_acquire_resources: Failed for handle 12 @ samp 200 Hz rpt 0 Hz WuFF 0 batched 0
09-29 00:17:01.592      193-193/? E/Sensors﹕ sns_acm_mr.c(625):Error allocating response message
09-29 00:17:01.592      193-193/? E/Sensors﹕ sns_main.c(1257):Error writing request. sns_err 2 error 0 qmi_err 0
09-29 00:17:01.592      193-193/? E/Sensors﹕ sns_acm_mr.c(625):Error allocating response message
09-29 00:17:01.592      193-193/? E/Sensors﹕ sns_acm_mr.c(625):Error allocating response message
09-29 00:17:01.592      749-762/? E/qcom_sensors_hal﹕ hal_acquire_resources: Failed for handle 19 @ samp 200 Hz rpt 0 Hz WuFF 0 batched 0
09-29 00:17:01.592      749-762/? E/qcom_sensors_hal﹕ hal_sam_ped_activate: Unable to enable ped
09-29 00:17:01.592      749-762/? E/qcom_sensors_hal﹕ hal_acquire_resources: Failed for handle 31 @ samp 20 Hz rpt 0 Hz WuFF 0 batched 0
09-29 00:17:01.602      193-193/? E/Sensors﹕ sns_main.c(1257):Error writing request. sns_err 2 error 0 qmi_err 0
09-29 00:17:01.602      749-780/? E/sensor_reg﹕ sensor_reg_process_resp: Error in RESP; result: 2
09-29 00:17:01.602      749-780/? E/sensor_reg﹕ sensor_reg_process_resp: Error in RESP; result: 2
09-29 00:17:01.602      193-193/? E/Sensors﹕ sns_acm_mr.c(625):Error allocating response message
09-29 00:17:01.602      193-193/? E/Sensors﹕ sns_main.c(1257):Error writing request. sns_err 2 error 0 qmi_err 0
09-29 00:17:01.602    749-20778/? E/qcom_sensors_hal﹕ hal_process_buffering_resp: Result: 1, Error: 2
09-29 00:17:01.602      749-762/? E/qcom_sensors_hal﹕ hal_acquire_resources: Failed for handle 3 @ samp 30 Hz rpt 0 Hz WuFF 0 batched 0
09-29 00:17:01.602      193-193/? E/Sensors﹕ sns_acm_mr.c(625):Error allocating response message
09-29 00:17:01.602      193-193/? E/Sensors﹕ sns_main.c(1257):Error writing request. sns_err 2 error 0 qmi_err 0
09-29 00:17:01.602      749-780/? E/sensor_reg﹕ sensor_reg_process_resp: Error in RESP; result: 2
09-29 00:17:01.602      749-762/? E/sensor_reg﹕ sensor_reg_read: error processing message
09-29 00:17:01.602      749-762/? E/qcom_sensors_hal﹕ hal_get_raw_data_mode: Error in sensor_reg_read(): -3
09-29 00:17:01.602      193-193/? E/Sensors﹕ sns_acm_mr.c(625):Error allocating response message
09-29 00:17:01.602      193-193/? E/Sensors﹕ sns_main.c(1257):Error writing request. sns_err 2 error 0 qmi_err 0
09-29 00:17:01.602    749-20778/? E/qcom_sensors_hal﹕ hal_process_buffering_resp: Result: 1, Error: 2
09-29 00:17:01.602      749-762/? E/qcom_sensors_hal﹕ hal_acquire_resources: Failed for handle 10 @ samp 60 Hz rpt 0 Hz WuFF 0 batched 0
09-29 00:17:01.602      193-193/? E/Sensors﹕ sns_acm_mr.c(625):Error allocating response message
09-29 00:17:01.602      193-193/? E/Sensors﹕ sns_main.c(1257):Error writing request. sns_err 2 error 0 qmi_err 0
09-29 00:17:01.602      193-193/? E/Sensors﹕ sns_acm_mr.c(625):Error allocating response message
09-29 00:17:01.602      193-193/? E/Sensors﹕ sns_main.c(1257):Error writing request. sns_err 2 error 0 qmi_err 0
09-29 00:17:01.602    749-20778/? E/qcom_sensors_hal﹕ hal_process_sam_gravity_resp: Msg 0; Result: 1, Error: 2
09-29 00:17:01.602    749-20778/? E/qcom_sensors_hal﹕ hal_process_sam_gravity_resp: Msg 2; Result: 1, Error: 2
09-29 00:17:01.602      749-762/? E/qcom_sensors_hal﹕ hal_sam_grav_activate: Unable to enable gravity vector
09-29 00:17:01.602      749-762/? E/qcom_sensors_hal﹕ hal_acquire_resources: Failed for handle 12 @ samp 200 Hz rpt 0 Hz WuFF 0 batched 0
09-29 00:17:01.602      193-193/? E/Sensors﹕ sns_acm_mr.c(625):Error allocating response message
09-29 00:17:01.602      193-193/? E/Sensors﹕ sns_main.c(1257):Error writing request. sns_err 2 error 0 qmi_err 0
09-29 00:17:01.602    749-20778/? E/qcom_sensors_hal﹕ hal_process_sam_gravity_resp: Msg 0; Result: 1, Error: 2
09-29 00:17:01.612      193-193/? E/Sensors﹕ sns_acm_mr.c(625):Error allocating response message
09-29 00:17:01.612      193-193/? E/Sensors﹕ sns_acm_mr.c(625):Error allocating response message
09-29 00:17:01.612      193-193/? E/Sensors﹕ sns_acm_mr.c(625):Error allocating response message
09-29 00:17:01.622      193-193/? E/Sensors﹕ sns_acm_mr.c(625):Error allocating response message
09-29 00:17:01.622      193-193/? E/Sensors﹕ sns_acm_mr.c(625):Error allocating response message
09-29 00:17:01.622    749-20778/? E/qcom_sensors_hal﹕ hal_process_buffering_resp: Result: 1, Error: 2
09-29 00:17:01.622      193-193/? E/Sensors﹕ sns_main.c(1257):Error writing request. sns_err 2 error 0 qmi_err 0
09-29 00:17:01.622    749-20778/? E/qcom_sensors_hal﹕ hal_process_buffering_resp: Result: 1, Error: 2
09-29 00:17:01.622      749-762/? E/qcom_sensors_hal﹕ hal_acquire_resources: Failed for handle 3 @ samp 30 Hz rpt 0 Hz WuFF 0 batched 0
09-29 00:17:01.622      193-193/? E/Sensors﹕ sns_acm_mr.c(625):Error allocating response message
09-29 00:17:01.622      193-193/? E/Sensors﹕ sns_main.c(1257):Error writing request. sns_err 2 error 0 qmi_err 0
09-29 00:17:01.622      749-780/? E/sensor_reg﹕ sensor_reg_process_resp: Error in RESP; result: 2
09-29 00:17:01.622      749-762/? E/sensor_reg﹕ sensor_reg_read: error processing message
09-29 00:17:01.622      749-762/? E/qcom_sensors_hal﹕ hal_get_raw_data_mode: Error in sensor_reg_read(): -3
09-29 00:17:01.622      193-193/? E/Sensors﹕ sns_acm_mr.c(625):Error allocating response message
09-29 00:17:01.622      193-193/? E/Sensors﹕ sns_main.c(1257):Error writing request. sns_err 2 error 0 qmi_err 0
09-29 00:17:01.622    749-20778/? E/qcom_sensors_hal﹕ hal_process_buffering_resp: Result: 1, Error: 2
09-29 00:17:01.622      749-762/? E/qcom_sensors_hal﹕ hal_acquire_resources: Failed for handle 10 @ samp 60 Hz rpt 0 Hz WuFF 0 batched 0
09-29 00:17:01.622      193-193/? E/Sensors﹕ sns_acm_mr.c(625):Error allocating response message
09-29 00:17:01.622      193-193/? E/Sensors﹕ sns_main.c(1257):Error writing request. sns_err 2 error 0 qmi_err 0
09-29 00:17:01.622      193-193/? E/Sensors﹕ sns_acm_mr.c(625):Error allocating response message
09-29 00:17:01.622      193-193/? E/Sensors﹕ sns_main.c(1257):Error writing request. sns_err 2 error 0 qmi_err 0
09-29 00:17:01.622    749-20778/? E/qcom_sensors_hal﹕ hal_process_sam_gravity_resp: Msg 0; Result: 1, Error: 2
09-29 00:17:01.622    749-20778/? E/qcom_sensors_hal﹕ hal_process_sam_gravity_resp: Msg 2; Result: 1, Error: 2
09-29 00:17:01.622      749-762/? E/qcom_sensors_hal﹕ hal_sam_grav_activate: Unable to enable gravity vector
09-29 00:17:01.622      749-762/? E/qcom_sensors_hal﹕ hal_acquire_resources: Failed for handle 12 @ samp 200 Hz rpt 0 Hz WuFF 0 batched 0
09-29 00:17:01.622      193-193/? E/Sensors﹕ sns_acm_mr.c(625):Error allocating response message
09-29 00:17:01.622      193-193/? E/Sensors﹕ sns_main.c(1257):Error writing request. sns_err 2 error 0 qmi_err 0
09-29 00:17:01.622      193-193/? E/Sensors﹕ sns_acm_mr.c(625):Error allocating response message
09-29 00:17:01.622      193-193/? E/Sensors﹕ sns_main.c(1257):Error writing request. sns_err 2 error 0 qmi_err 0
09-29 00:17:01.622      749-762/? E/qcom_sensors_hal﹕ hal_sam_grav_activate: Unable to enable gravity vector
09-29 00:17:01.622    749-20778/? E/qcom_sensors_hal﹕ hal_process_sam_rotation_vector_resp: Msg 2; Result: 1, Error: 2
09-29 00:17:01.622      193-193/? E/Sensors﹕ sns_acm_mr.c(625):Error allocating response message
09-29 00:17:01.622      193-193/? E/Sensors﹕ sns_acm_mr.c(625):Error allocating response message
09-29 00:17:01.632      193-193/? E/Sensors﹕ sns_main.c(1257):Error writing request. sns_err 2 error 0 qmi_err 0
09-29 00:17:01.632      193-193/? E/Sensors﹕ sns_acm_mr.c(625):Error allocating response message
09-29 00:17:01.632      193-193/? E/Sensors﹕ sns_acm_mr.c(625):Error allocating response message
09-29 00:17:01.632      193-193/? E/Sensors﹕ sns_acm_mr.c(625):Error allocating response message
09-29 00:17:01.632      193-193/? E/Sensors﹕ sns_main.c(1257):Error writing request. sns_err 2 error 0 qmi_err 0
09-29 00:17:01.632    749-20778/? E/qcom_sensors_hal﹕ hal_process_buffering_resp: Result: 1, Error: 2
09-29 00:17:01.632      749-762/? E/qcom_sensors_hal﹕ hal_acquire_resources: Failed for handle 3 @ samp 30 Hz rpt 0 Hz WuFF 0 batched 0
09-29 00:17:01.632      193-193/? E/Sensors﹕ sns_acm_mr.c(625):Error allocating response message
09-29 00:17:01.632      193-193/? E/Sensors﹕ sns_main.c(1257):Error writing request. sns_err 2 error 0 qmi_err 0
09-29 00:17:01.632      749-780/? E/sensor_reg﹕ sensor_reg_process_resp: Error in RESP; result: 2
09-29 00:17:01.632      749-762/? E/sensor_reg﹕ sensor_reg_read: error processing message
09-29 00:17:01.632      749-762/? E/qcom_sensors_hal﹕ hal_get_raw_data_mode: Error in sensor_reg_read(): -3
09-29 00:17:01.632      193-193/? E/Sensors﹕ sns_acm_mr.c(625):Error allocating response message
09-29 00:17:01.632      193-193/? E/Sensors﹕ sns_main.c(1257):Error writing request. sns_err 2 error 0 qmi_err 0
09-29 00:17:01.632    749-20778/? E/qcom_sensors_hal﹕ hal_process_buffering_resp: Result: 1, Error: 2
09-29 00:17:01.632      749-762/? E/qcom_sensors_hal﹕ hal_acquire_resources: Failed for handle 10 @ samp 60 Hz rpt 0 Hz WuFF 0 batched 0
09-29 00:17:01.632      193-193/? E/Sensors﹕ sns_acm_mr.c(625):Error allocating response message
09-29 00:17:01.632      193-193/? E/Sensors﹕ sns_main.c(1257):Error writing request. sns_err 2 error 0 qmi_err 0
09-29 00:17:01.632      193-193/? E/Sensors﹕ sns_acm_mr.c(625):Error allocating response message
09-29 00:17:01.632      193-193/? E/Sensors﹕ sns_main.c(1257):Error writing request. sns_err 2 error 0 qmi_err 0
09-29 00:17:01.632    749-20778/? E/qcom_sensors_hal﹕ hal_process_sam_gravity_resp: Msg 0; Result: 1, Error: 2
09-29 00:17:01.632    749-20778/? E/qcom_sensors_hal﹕ hal_process_sam_gravity_resp: Msg 2; Result: 1, Error: 2
09-29 00:17:01.632      749-762/? E/qcom_sensors_hal﹕ hal_sam_grav_activate: Unable to enable gravity vector
09-29 00:17:01.632      749-762/? E/qcom_sensors_hal﹕ hal_acquire_resources: Failed for handle 12 @ samp 200 Hz rpt 0 Hz WuFF 0 batched 0
09-29 00:17:01.632      193-193/? E/Sensors﹕ sns_acm_mr.c(625):Error allocating response message
09-29 00:17:01.632      193-193/? E/Sensors﹕ sns_main.c(1257):Error writing request. sns_err 2 error 0 qmi_err 0
09-29 00:17:01.632      193-193/? E/Sensors﹕ sns_acm_mr.c(625):Error allocating response message
09-29 00:17:01.632    749-20778/? E/qcom_sensors_hal﹕ hal_process_sam_gravity_resp: Msg 0; Result: 1, Error: 2
09-29 00:17:01.632    749-20778/? E/qcom_sensors_hal﹕ hal_process_sam_rotation_vector_resp: Msg 0; Result: 1, Error: 2
09-29 00:17:01.632      193-193/? E/Sensors﹕ sns_acm_mr.c(625):Error allocating response message
09-29 00:17:01.632      193-193/? E/Sensors﹕ sns_acm_mr.c(625):Error allocating response message
09-29 00:17:01.652      193-193/? E/Sensors﹕ sns_acm_mr.c(625):Error allocating response message
09-29 00:17:01.652      193-193/? E/Sensors﹕ sns_acm_mr.c(625):Error allocating response message
09-29 00:17:01.652      193-193/? E/Sensors﹕ sns_acm_mr.c(625):Error allocating response message
09-29 00:17:01.652      193-193/? E/Sensors﹕ sns_acm_mr.c(625):Error allocating response message
09-29 00:17:01.652      193-193/? E/Sensors﹕ sns_main.c(1257):Error writing request. sns_err 2 error 0 qmi_err 0
09-29 00:17:01.652    749-20778/? E/qcom_sensors_hal﹕ hal_process_buffering_resp: Result: 1, Error: 2
09-29 00:17:01.652      749-762/? E/qcom_sensors_hal﹕ hal_acquire_resources: Failed for handle 3 @ samp 30 Hz rpt 0 Hz WuFF 0 batched 0
09-29 00:17:01.652      193-193/? E/Sensors﹕ sns_acm_mr.c(625):Error allocating response message
09-29 00:17:01.652      193-193/? E/Sensors﹕ sns_main.c(1257):Error writing request. sns_err 2 error 0 qmi_err 0
09-29 00:17:01.652      749-780/? E/sensor_reg﹕ sensor_reg_process_resp: Error in RESP; result: 2
09-29 00:17:01.652      749-762/? E/sensor_reg﹕ sensor_reg_read: error processing message
09-29 00:17:01.652      749-762/? E/qcom_sensors_hal﹕ hal_get_raw_data_mode: Error in sensor_reg_read(): -3
09-29 00:17:01.652      193-193/? E/Sensors﹕ sns_acm_mr.c(625):Error allocating response message
09-29 00:17:01.652      193-193/? E/Sensors﹕ sns_main.c(1257):Error writing request. sns_err 2 error 0 qmi_err 0
09-29 00:17:01.652    749-20778/? E/qcom_sensors_hal﹕ hal_process_buffering_resp: Result: 1, Error: 2
09-29 00:17:01.652      749-762/? E/qcom_sensors_hal﹕ hal_acquire_resources: Failed for handle 10 @ samp 60 Hz rpt 0 Hz WuFF 0 batched 0
09-29 00:17:01.652      193-193/? E/Sensors﹕ sns_acm_mr.c(625):Error allocating response message
09-29 00:17:01.652      193-193/? E/Sensors﹕ sns_main.c(1257):Error writing request. sns_err 2 error 0 qmi_err 0
09-29 00:17:01.652      193-193/? E/Sensors﹕ sns_acm_mr.c(625):Error allocating response message
09-29 00:17:01.652      193-193/? E/Sensors﹕ sns_main.c(1257):Error writing request. sns_err 2 error 0 qmi_err 0
09-29 00:17:01.652    749-20778/? E/qcom_sensors_hal﹕ hal_process_sam_gravity_resp: Msg 0; Result: 1, Error: 2
09-29 00:17:01.652    749-20778/? E/qcom_sensors_hal﹕ hal_process_sam_gravity_resp: Msg 2; Result: 1, Error: 2
09-29 00:17:01.652      749-762/? E/qcom_sensors_hal﹕ hal_sam_grav_activate: Unable to enable gravity vector
09-29 00:17:01.652      749-762/? E/qcom_sensors_hal﹕ hal_acquire_resources: Failed for handle 12 @ samp 200 Hz rpt 0 Hz WuFF 0 batched 0
09-29 00:17:01.652      193-193/? E/Sensors﹕ sns_acm_mr.c(625):Error allocating response message
09-29 00:17:01.652      193-193/? E/Sensors﹕ sns_main.c(1257):Error writing request. sns_err 2 error 0 qmi_err 0
09-29 00:17:01.652      193-193/? E/Sensors﹕ sns_acm_mr.c(625):Error allocating response message
09-29 00:17:01.652      193-193/? E/Sensors﹕ sns_acm_mr.c(625):Error allocating response message
09-29 00:17:01.652      749-762/? E/qcom_sensors_hal﹕ hal_acquire_resources: Failed for handle 19 @ samp 200 Hz rpt 0 Hz WuFF 0 batched 0
09-29 00:17:01.652      749-762/? E/qcom_sensors_hal﹕ hal_sam_ped_activate: Unable to enable ped
09-29 00:17:01.652      749-762/? E/qcom_sensors_hal﹕ hal_acquire_resources: Failed for handle 31 @ samp 20 Hz rpt 0 Hz WuFF 0 batched 0
09-29 00:17:01.662      749-762/? E/qcom_sensors_hal﹕ hal_acquire_resources: Failed for handle 0 @ samp 200 Hz rpt 0 Hz WuFF 0 batched 0
09-29 00:17:01.662      749-762/? E/qcom_sensors_hal﹕ hal_get_raw_data_mode: Error in sensor_reg_read(): -3
09-29 00:17:01.662      749-780/? E/sensor_reg﹕ sensor_reg_process_resp: Error in RESP; result: 2
09-29 00:17:01.662      193-193/? E/Sensors﹕ sns_acm_mr.c(625):Error allocating response message
09-29 00:17:01.662      193-193/? E/Sensors﹕ sns_main.c(1257):Error writing request. sns_err 2 error 0 qmi_err 0
09-29 00:17:01.662    749-20778/? E/qcom_sensors_hal﹕ hal_process_buffering_resp: Result: 1, Error: 2
09-29 00:17:01.662      749-762/? E/qcom_sensors_hal﹕ hal_acquire_resources: Failed for handle 3 @ samp 30 Hz rpt 0 Hz WuFF 0 batched 0
09-29 00:17:01.662      193-193/? E/Sensors﹕ sns_acm_mr.c(625):Error allocating response message
09-29 00:17:01.662      193-193/? E/Sensors﹕ sns_main.c(1257):Error writing request. sns_err 2 error 0 qmi_err 0
09-29 00:17:01.662      749-780/? E/sensor_reg﹕ sensor_reg_process_resp: Error in RESP; result: 2
09-29 00:17:01.662      749-762/? E/sensor_reg﹕ sensor_reg_read: error processing message
09-29 00:17:01.662      749-762/? E/qcom_sensors_hal﹕ hal_get_raw_data_mode: Error in sensor_reg_read(): -3
09-29 00:17:01.662      193-193/? E/Sensors﹕ sns_acm_mr.c(625):Error allocating response message
09-29 00:17:01.662      193-193/? E/Sensors﹕ sns_main.c(1257):Error writing request. sns_err 2 error 0 qmi_err 0
09-29 00:17:01.662    749-20778/? E/qcom_sensors_hal﹕ hal_process_buffering_resp: Result: 1, Error: 2
09-29 00:17:01.662      749-762/? E/qcom_sensors_hal﹕ hal_acquire_resources: Failed for handle 10 @ samp 60 Hz rpt 0 Hz WuFF 0 batched 0
09-29 00:17:01.662      193-193/? E/Sensors﹕ sns_acm_mr.c(625):Error allocating response message
09-29 00:17:01.662      193-193/? E/Sensors﹕ sns_main.c(1257):Error writing request. sns_err 2 error 0 qmi_err 0
09-29 00:17:01.662      193-193/? E/Sensors﹕ sns_acm_mr.c(625):Error allocating response message
09-29 00:17:01.662      193-193/? E/Sensors﹕ sns_main.c(1257):Error writing request. sns_err 2 error 0 qmi_err 0
09-29 00:17:01.662    749-20778/? E/qcom_sensors_hal﹕ hal_process_sam_gravity_resp: Msg 0; Result: 1, Error: 2
09-29 00:17:01.662    749-20778/? E/qcom_sensors_hal﹕ hal_process_sam_gravity_resp: Msg 2; Result: 1, Error: 2
09-29 00:17:01.662      749-762/? E/qcom_sensors_hal﹕ hal_sam_grav_activate: Unable to enable gravity vector
09-29 00:17:01.662      749-762/? E/qcom_sensors_hal﹕ hal_acquire_resources: Failed for handle 12 @ samp 200 Hz rpt 0 Hz WuFF 0 batched 0
09-29 00:17:01.662      193-193/? E/Sensors﹕ sns_acm_mr.c(625):Error allocating response message
09-29 00:17:01.662      193-193/? E/Sensors﹕ sns_main.c(1257):Error writing request. sns_err 2 error 0 qmi_err 0
09-29 00:17:01.662      749-762/? E/qcom_sensors_hal﹕ hal_sam_grav_activate: Unable to enable gravity vector
09-29 00:17:01.662    749-20778/? E/qcom_sensors_hal﹕ hal_process_sam_rotation_vector_resp: Msg 2; Result: 1, Error: 2
09-29 00:17:01.662      193-193/? E/Sensors﹕ sns_acm_mr.c(625):Error allocating response message
09-29 00:17:01.662      193-193/? E/Sensors﹕ sns_acm_mr.c(625):Error allocating response message
09-29 00:17:01.672      749-780/? E/sensor_reg﹕ sensor_reg_process_resp: Error in RESP; result: 2
09-29 00:17:01.672      749-780/? E/sensor_reg﹕ sensor_reg_process_resp: Error in RESP; result: 2
09-29 00:17:01.682      193-193/? E/Sensors﹕ sns_acm_mr.c(625):Error allocating response message
09-29 00:17:01.682      193-193/? E/Sensors﹕ sns_acm_mr.c(625):Error allocating response message
09-29 00:17:01.682      193-193/? E/Sensors﹕ sns_main.c(1257):Error writing request. sns_err 2 error 0 qmi_err 0
09-29 00:17:01.682    749-20778/? E/qcom_sensors_hal﹕ hal_process_buffering_resp: Result: 1, Error: 2
09-29 00:17:01.682      749-762/? E/qcom_sensors_hal﹕ hal_acquire_resources: Failed for handle 3 @ samp 30 Hz rpt 0 Hz WuFF 0 batched 0
09-29 00:17:01.682      193-193/? E/Sensors﹕ sns_acm_mr.c(625):Error allocating response message
09-29 00:17:01.682      193-193/? E/Sensors﹕ sns_main.c(1257):Error writing request. sns_err 2 error 0 qmi_err 0
09-29 00:17:01.682      749-780/? E/sensor_reg﹕ sensor_reg_process_resp: Error in RESP; result: 2
09-29 00:17:01.682      749-762/? E/sensor_reg﹕ sensor_reg_read: error processing message
09-29 00:17:01.682      749-762/? E/qcom_sensors_hal﹕ hal_get_raw_data_mode: Error in sensor_reg_read(): -3
09-29 00:17:01.682      193-193/? E/Sensors﹕ sns_acm_mr.c(625):Error allocating response message
